Archive member included because of file (symbol)

c:/siliconlabs/simplicitystudio/v3/developer/toolchains/gnu_arm/4.8_2013q4/bin/../lib/gcc/arm-none-eabi/4.8.3/armv6-m\libgcc.a(_udivsi3.o)
                              ./src/bmp180.o (__aeabi_uidiv)
c:/siliconlabs/simplicitystudio/v3/developer/toolchains/gnu_arm/4.8_2013q4/bin/../lib/gcc/arm-none-eabi/4.8.3/armv6-m\libgcc.a(_divsi3.o)
                              ./src/bmp180.o (__aeabi_idiv)
c:/siliconlabs/simplicitystudio/v3/developer/toolchains/gnu_arm/4.8_2013q4/bin/../lib/gcc/arm-none-eabi/4.8.3/armv6-m\libgcc.a(_dvmd_tls.o)
                              c:/siliconlabs/simplicitystudio/v3/developer/toolchains/gnu_arm/4.8_2013q4/bin/../lib/gcc/arm-none-eabi/4.8.3/armv6-m\libgcc.a(_udivsi3.o) (__aeabi_idiv0)
c:/siliconlabs/simplicitystudio/v3/developer/toolchains/gnu_arm/4.8_2013q4/bin/../lib/gcc/arm-none-eabi/4.8.3/armv6-m\libgcc.a(_aeabi_uldivmod.o)
                              ./emlib/em_usart.o (__aeabi_uldivmod)
c:/siliconlabs/simplicitystudio/v3/developer/toolchains/gnu_arm/4.8_2013q4/bin/../lib/gcc/arm-none-eabi/4.8.3/armv6-m\libgcc.a(_muldi3.o)
                              ./emlib/em_usart.o (__aeabi_lmul)
c:/siliconlabs/simplicitystudio/v3/developer/toolchains/gnu_arm/4.8_2013q4/bin/../lib/gcc/arm-none-eabi/4.8.3/armv6-m\libgcc.a(bpabi.o)
                              c:/siliconlabs/simplicitystudio/v3/developer/toolchains/gnu_arm/4.8_2013q4/bin/../lib/gcc/arm-none-eabi/4.8.3/armv6-m\libgcc.a(_aeabi_uldivmod.o) (__gnu_uldivmod_helper)
c:/siliconlabs/simplicitystudio/v3/developer/toolchains/gnu_arm/4.8_2013q4/bin/../lib/gcc/arm-none-eabi/4.8.3/armv6-m\libgcc.a(muldf3.o)
                              ./src/bmp180.o (__aeabi_dmul)
c:/siliconlabs/simplicitystudio/v3/developer/toolchains/gnu_arm/4.8_2013q4/bin/../lib/gcc/arm-none-eabi/4.8.3/armv6-m\libgcc.a(fixdfsi.o)
                              ./src/bmp180.o (__aeabi_d2iz)
c:/siliconlabs/simplicitystudio/v3/developer/toolchains/gnu_arm/4.8_2013q4/bin/../lib/gcc/arm-none-eabi/4.8.3/armv6-m\libgcc.a(floatsidf.o)
                              ./src/bmp180.o (__aeabi_i2d)
c:/siliconlabs/simplicitystudio/v3/developer/toolchains/gnu_arm/4.8_2013q4/bin/../lib/gcc/arm-none-eabi/4.8.3/armv6-m\libgcc.a(_clzsi2.o)
                              c:/siliconlabs/simplicitystudio/v3/developer/toolchains/gnu_arm/4.8_2013q4/bin/../lib/gcc/arm-none-eabi/4.8.3/armv6-m\libgcc.a(muldf3.o) (__clzsi2)
c:/siliconlabs/simplicitystudio/v3/developer/toolchains/gnu_arm/4.8_2013q4/bin/../lib/gcc/arm-none-eabi/4.8.3/armv6-m\libgcc.a(_divdi3.o)
                              c:/siliconlabs/simplicitystudio/v3/developer/toolchains/gnu_arm/4.8_2013q4/bin/../lib/gcc/arm-none-eabi/4.8.3/armv6-m\libgcc.a(bpabi.o) (__divdi3)
c:/siliconlabs/simplicitystudio/v3/developer/toolchains/gnu_arm/4.8_2013q4/bin/../lib/gcc/arm-none-eabi/4.8.3/armv6-m\libgcc.a(_udivdi3.o)
                              c:/siliconlabs/simplicitystudio/v3/developer/toolchains/gnu_arm/4.8_2013q4/bin/../lib/gcc/arm-none-eabi/4.8.3/armv6-m\libgcc.a(bpabi.o) (__udivdi3)
c:/siliconlabs/simplicitystudio/v3/developer/toolchains/gnu_arm/4.8_2013q4/bin/../lib/gcc/arm-none-eabi/4.8.3/../../../../arm-none-eabi/lib/armv6-m\libc_s.a(lib_a-ctype_.o)
                              ./Drivers/textdisplay.o (__ctype_ptr__)
c:/siliconlabs/simplicitystudio/v3/developer/toolchains/gnu_arm/4.8_2013q4/bin/../lib/gcc/arm-none-eabi/4.8.3/../../../../arm-none-eabi/lib/armv6-m\libc_s.a(lib_a-exit.o)
                              c:/siliconlabs/simplicitystudio/v3/developer/toolchains/gnu_arm/4.8_2013q4/bin/../lib/gcc/arm-none-eabi/4.8.3/../../../../arm-none-eabi/lib/armv6-m/crt0.o (exit)
c:/siliconlabs/simplicitystudio/v3/developer/toolchains/gnu_arm/4.8_2013q4/bin/../lib/gcc/arm-none-eabi/4.8.3/../../../../arm-none-eabi/lib/armv6-m\libc_s.a(lib_a-fileno.o)
                              ./Drivers/retargetio.o (fileno)
c:/siliconlabs/simplicitystudio/v3/developer/toolchains/gnu_arm/4.8_2013q4/bin/../lib/gcc/arm-none-eabi/4.8.3/../../../../arm-none-eabi/lib/armv6-m\libc_s.a(lib_a-findfp.o)
                              c:/siliconlabs/simplicitystudio/v3/developer/toolchains/gnu_arm/4.8_2013q4/bin/../lib/gcc/arm-none-eabi/4.8.3/../../../../arm-none-eabi/lib/armv6-m\libc_s.a(lib_a-fileno.o) (__sinit)
c:/siliconlabs/simplicitystudio/v3/developer/toolchains/gnu_arm/4.8_2013q4/bin/../lib/gcc/arm-none-eabi/4.8.3/../../../../arm-none-eabi/lib/armv6-m\libc_s.a(lib_a-fwalk.o)
                              c:/siliconlabs/simplicitystudio/v3/developer/toolchains/gnu_arm/4.8_2013q4/bin/../lib/gcc/arm-none-eabi/4.8.3/../../../../arm-none-eabi/lib/armv6-m\libc_s.a(lib_a-findfp.o) (_fwalk)
c:/siliconlabs/simplicitystudio/v3/developer/toolchains/gnu_arm/4.8_2013q4/bin/../lib/gcc/arm-none-eabi/4.8.3/../../../../arm-none-eabi/lib/armv6-m\libc_s.a(lib_a-impure.o)
[...]
Memory Configuration

Name             Origin             Length             Attributes
FLASH            0x00000000         0x00008000         xr
RAM              0x20000000         0x00001000         xrw
*default*        0x00000000         0xffffffff

Linker script and memory map

LOAD c:/siliconlabs/simplicitystudio/v3/developer/toolchains/gnu_arm/4.8_2013q4/bin/../lib/gcc/arm-none-eabi/4.8.3/armv6-m/crti.o
LOAD c:/siliconlabs/simplicitystudio/v3/developer/toolchains/gnu_arm/4.8_2013q4/bin/../lib/gcc/arm-none-eabi/4.8.3/armv6-m/crtbegin.o
LOAD c:/siliconlabs/simplicitystudio/v3/developer/toolchains/gnu_arm/4.8_2013q4/bin/../lib/gcc/arm-none-eabi/4.8.3/../../../../arm-none-eabi/lib/armv6-m/crt0.o
LOAD ./src/bmp180.o
LOAD ./src/gps.o
LOAD ./src/ina219.o
LOAD ./src/l3gd20h.o
LOAD ./src/lsm303.o
LOAD ./src/main.o
LOAD ./src/printer.o
LOAD ./src/sd_i2c.o
LOAD ./emlib/em_acmp.o
LOAD ./emlib/em_adc.o
LOAD ./emlib/em_aes.o
LOAD ./emlib/em_assert.o
LOAD ./emlib/em_burtc.o
LOAD ./emlib/em_cmu.o
LOAD ./emlib/em_crc.o
LOAD ./emlib/em_cryotimer.o
LOAD ./emlib/em_dac.o
LOAD ./emlib/em_dbg.o
LOAD ./emlib/em_dma.o
LOAD ./emlib/em_ebi.o
LOAD ./emlib/em_emu.o
LOAD ./emlib/em_gpio.o
LOAD ./emlib/em_i2c.o
LOAD ./emlib/em_idac.o
LOAD ./emlib/em_int.o
LOAD ./emlib/em_lcd.o
LOAD ./emlib/em_ldma.o
LOAD ./emlib/em_lesense.o
LOAD ./emlib/em_letimer.o
LOAD ./emlib/em_leuart.o
LOAD ./emlib/em_mpu.o
LOAD ./emlib/em_msc.o
LOAD ./emlib/em_opamp.o
LOAD ./emlib/em_pcnt.o
LOAD ./emlib/em_prs.o
LOAD ./emlib/em_rmu.o
LOAD ./emlib/em_rtc.o
LOAD ./emlib/em_rtcc.o
LOAD ./emlib/em_system.o
LOAD ./emlib/em_timer.o
LOAD ./emlib/em_usart.o
LOAD ./emlib/em_vcmp.o
LOAD ./emlib/em_wdog.o
LOAD ./Drivers/display.o
LOAD ./Drivers/displayls013b7dh03.o
LOAD ./Drivers/displaypalemlib.o
LOAD ./Drivers/retargetio.o
LOAD ./Drivers/retargettextdisplay.o
LOAD ./Drivers/textdisplay.o
LOAD ./Drivers/udelay.o
LOAD ./CMSIS/efm32zg/startup_efm32zg.o
LOAD ./CMSIS/efm32zg/system_efm32zg.o
LOAD ./BSP/bsp_bcc.o
LOAD ./BSP/bsp_stk.o
LOAD ./BSP/bsp_stk_leds.o
START GROUP
LOAD c:/siliconlabs/simplicitystudio/v3/developer/toolchains/gnu_arm/4.8_2013q4/bin/../lib/gcc/arm-none-eabi/4.8.3/armv6-m\libgcc.a
LOAD c:/siliconlabs/simplicitystudio/v3/developer/toolchains/gnu_arm/4.8_2013q4/bin/../lib/gcc/arm-none-eabi/4.8.3/../../../../arm-none-eabi/lib/armv6-m\libc_s.a
LOAD c:/siliconlabs/simplicitystudio/v3/developer/toolchains/gnu_arm/4.8_2013q4/bin/../lib/gcc/arm-none-eabi/4.8.3/../../../../arm-none-eabi/lib/armv6-m\libnosys.a
END GROUP
START GROUP
LOAD c:/siliconlabs/simplicitystudio/v3/developer/toolchains/gnu_arm/4.8_2013q4/bin/../lib/gcc/arm-none-eabi/4.8.3/armv6-m\libgcc.a
LOAD c:/siliconlabs/simplicitystudio/v3/developer/toolchains/gnu_arm/4.8_2013q4/bin/../lib/gcc/arm-none-eabi/4.8.3/../../../../arm-none-eabi/lib/armv6-m\libg_s.a
LOAD c:/siliconlabs/simplicitystudio/v3/developer/toolchains/gnu_arm/4.8_2013q4/bin/../lib/gcc/arm-none-eabi/4.8.3/../../../../arm-none-eabi/lib/armv6-m\libc_s.a
END GROUP
START GROUP
LOAD c:/siliconlabs/simplicitystudio/v3/developer/toolchains/gnu_arm/4.8_2013q4/bin/../lib/gcc/arm-none-eabi/4.8.3/armv6-m\libgcc.a
LOAD c:/siliconlabs/simplicitystudio/v3/developer/toolchains/gnu_arm/4.8_2013q4/bin/../lib/gcc/arm-none-eabi/4.8.3/../../../../arm-none-eabi/lib/armv6-m\libc_s.a
END GROUP
LOAD c:/siliconlabs/simplicitystudio/v3/developer/toolchains/gnu_arm/4.8_2013q4/bin/../lib/gcc/arm-none-eabi/4.8.3/armv6-m/crtend.o
LOAD c:/siliconlabs/simplicitystudio/v3/developer/toolchains/gnu_arm/4.8_2013q4/bin/../lib/gcc/arm-none-eabi/4.8.3/armv6-m/crtn.o

.text           0x00000000     0x8290
 *(.vectors)
 .vectors       0x00000000       0x8c ./CMSIS/efm32zg/startup_efm32zg.o
                0x00000000                __Vectors
                0x0000008c                __Vectors_End = .
                0x0000008c                __Vectors_Size = (__Vectors_End - __Vectors)
                0x0000008c                __end__ = .
 *(.text*)
 .text          0x0000008c       0x60 c:/siliconlabs/simplicitystudio/v3/developer/toolchains/gnu_arm/4.8_2013q4/bin/../lib/gcc/arm-none-eabi/4.8.3/armv6-m/crtbegin.o
 .text          0x000000ec       0x78 c:/siliconlabs/simplicitystudio/v3/developer/toolchains/gnu_arm/4.8_2013q4/bin/../lib/gcc/arm-none-eabi/4.8.3/../../../../arm-none-eabi/lib/armv6-m/crt0.o
                0x000000ec                _start
                0x000000ec                _mainCRTStartup
 .text.BMP180_GetCalData
                0x00000164       0xbc ./src/bmp180.o
                0x00000164                BMP180_GetCalData
 .text.BMP180_GetTemp
                0x00000220       0x2c ./src/bmp180.o
                0x00000220                BMP180_GetTemp
 .text.BMP180_GetPressure
                0x0000024c       0x64 ./src/bmp180.o
                0x0000024c                BMP180_GetPressure
 .text.BMP180_CalcRealTemperature
                0x000002b0       0xc0 ./src/bmp180.o
                0x000002b0                BMP180_CalcRealTemperature
 .text.BMP180_CalcRealPressure
                0x00000370      0x258 ./src/bmp180.o
                0x00000370                BMP180_CalcRealPressure
 .text.NVIC_ClearPendingIRQ
                0x000005c8       0x34 ./src/gps.o
 .text.GPIO_PinOutClear
                0x000005fc       0xb8 ./src/gps.o
 .text.USART_IntClear
                0x000006b4       0x18 ./src/gps.o
 .text.initGPS  0x000006cc       0x8c ./src/gps.o
                0x000006cc                initGPS
 .text.coldrestart
                0x00000758       0x40 ./src/gps.o
                0x00000758                coldrestart
 .text.readdata
                0x00000798       0xfc ./src/gps.o
                0x00000798                readdata
 .text.GPStimeout
                0x00000894       0xac ./src/gps.o
                0x00000894                GPStimeout
 .text.INA219_GetVoltage
                0x00000940       0x5c ./src/ina219.o
                0x00000940                INA219_GetVoltage
 .text.initL3GD20H_Normal
                0x0000099c       0x1c ./src/l3gd20h.o
                0x0000099c                initL3GD20H_Normal
 .text.L3GD20H_PowerOff
                0x000009b8       0x14 ./src/l3gd20h.o
                0x000009b8                L3GD20H_PowerOff
 .text.L3GD20H_GetGyroData
                0x000009cc       0xa4 ./src/l3gd20h.o
                0x000009cc                L3GD20H_GetGyroData
 .text.initLSM303_LowPower
                0x00000a70       0x1c ./src/lsm303.o
                0x00000a70                initLSM303_LowPower
 .text.LSM303_PowerOff
                0x00000a8c       0x1c ./src/lsm303.o
                0x00000a8c                LSM303_PowerOff
 .text.LSM303_GetAccelData
                0x00000aa8       0xcc ./src/lsm303.o
                0x00000aa8                LSM303_GetAccelData
 .text.NVIC_EnableIRQ
                0x00000b74       0x2c ./src/main.o
 .text.NVIC_SetPriority
                0x00000ba0       0xe0 ./src/main.o
 .text.SysTick_Config
                0x00000c80       0x48 ./src/main.o
 .text.BUS_RegBitRead
                0x00000cc8       0x20 ./src/main.o
 .text.TIMER_IntClear
                0x00000ce8       0x18 ./src/main.o
 .text.TIMER_IntEnable
                0x00000d00       0x1c ./src/main.o
 .text.TIMER_IntGet
                0x00000d1c       0x14 ./src/main.o
 .text.TIMER_TopSet
                0x00000d30       0x18 ./src/main.o
 .text.CHIP_Init
                0x00000d48        0x8 ./src/main.o
 .text.GPIO_IntClear
                0x00000d50       0x1c ./src/main.o
 .text.GPIO_IntGet
                0x00000d6c       0x18 ./src/main.o
 .text.GPIO_PinInGet
                0x00000d84       0xb8 ./src/main.o
 .text.GPIO_PinOutClear
                0x00000e3c       0xb8 ./src/main.o
 .text.GPIO_PinOutSet
                0x00000ef4       0xb8 ./src/main.o
 .text.GPIO_PinOutToggle
                0x00000fac       0xb8 ./src/main.o
 .text.initMCU  0x00001064       0x20 ./src/main.o
                0x00001064                initMCU
 .text.initGPIO
                0x00001084       0xcc ./src/main.o
                0x00001084                initGPIO
 .text.GPIO_ODD_IRQHandler
                0x00001150       0x3c ./src/main.o
                0x00001150                GPIO_ODD_IRQHandler
 .text.initTimer
                0x0000118c       0xb8 ./src/main.o
                0x0000118c                initTimer
 .text.TIMER0_IRQHandler
                0x00001244       0x9c ./src/main.o
                0x00001244                TIMER0_IRQHandler
 .text.SysTick_Handler
                0x000012e0       0x18 ./src/main.o
                0x000012e0                SysTick_Handler
 .text.Delay    0x000012f8       0x28 ./src/main.o
                0x000012f8                Delay
 .text.main     0x00001320      0x178 ./src/main.o
                0x00001320                main
 .text.printGPS
                0x00001498      0x368 ./src/printer.o
                0x00001498                printGPS
 .text.printSENSORS
                0x00001800      0x30c ./src/printer.o
                0x00001800                printSENSORS
 .text.concact  0x00001b0c      0x2f4 ./src/printer.o
                0x00001b0c                concact
 .text.sdi2c_Init
                0x00001e00       0x6c ./src/sd_i2c.o
                0x00001e00                sdi2c_Init
 .text.sdi2c_Transfer
                0x00001e6c       0x60 ./src/sd_i2c.o
                0x00001e6c                sdi2c_Transfer
 .text.sdi2c_WriteReg
                0x00001ecc       0x7c ./src/sd_i2c.o
                0x00001ecc                sdi2c_WriteReg
 .text.sdi2c_ReadReg
                0x00001f48       0x88 ./src/sd_i2c.o
                0x00001f48                sdi2c_ReadReg
 .text.sdi2c_Read8bitReg
                0x00001fd0       0x8c ./src/sd_i2c.o
                0x00001fd0                sdi2c_Read8bitReg
 .text.assertEFM
                0x0000205c        0xc ./emlib/em_assert.o
                0x0000205c                assertEFM
 .text.__CLZ    0x00002068       0x34 ./emlib/em_cmu.o
 .text.BUS_RegBitWrite
                0x0000209c       0x3c ./emlib/em_cmu.o
 .text.BUS_RegBitRead
                0x000020d8       0x20 ./emlib/em_cmu.o
 .text.CMU_DivToLog2
                0x000020f8       0x48 ./emlib/em_cmu.o
 .text.CMU_Log2ToDiv
                0x00002140       0x1c ./emlib/em_cmu.o
 .text.auxClkGet
                0x0000215c       0x94 ./emlib/em_cmu.o
 .text.dbgClkGet
                0x000021f0       0x58 ./emlib/em_cmu.o
 .text.flashWaitStateControl
                0x00002248       0x7c ./emlib/em_cmu.o
 .text.flashWaitStateMax
                0x000022c4       0x14 ./emlib/em_cmu.o
 .text.lfClkGet
                0x000022d8      0x110 ./emlib/em_cmu.o
 .text.syncReg  0x000023e8       0x2c ./emlib/em_cmu.o
 .text.CMU_ClockDivGet
                0x00002414       0xfc ./emlib/em_cmu.o
                0x00002414                CMU_ClockDivGet
 .text.CMU_ClockDivSet
                0x00002510      0x1a0 ./emlib/em_cmu.o
                0x00002510                CMU_ClockDivSet
 .text.CMU_ClockEnable
                0x000026b0       0xb8 ./emlib/em_cmu.o
                0x000026b0                CMU_ClockEnable
 .text.CMU_ClockFreqGet
                0x00002768      0x14c ./emlib/em_cmu.o
                0x00002768                CMU_ClockFreqGet
 .text.CMU_ClockSelectGet
                0x000028b4      0x15c ./emlib/em_cmu.o
                0x000028b4                CMU_ClockSelectGet
 .text.CMU_ClockSelectSet
                0x00002a10      0x1a8 ./emlib/em_cmu.o
                0x00002a10                CMU_ClockSelectSet
 .text.CMU_HFRCOBandSet
                0x00002bb8       0xd8 ./emlib/em_cmu.o
                0x00002bb8                CMU_HFRCOBandSet
 .text.CMU_OscillatorEnable
                0x00002c90       0xd0 ./emlib/em_cmu.o
                0x00002c90                CMU_OscillatorEnable
 .text.DMA_IRQHandler
                0x00002d60       0xe4 ./emlib/em_dma.o
                0x00002d60                DMA_IRQHandler
 .text.EMU_UpdateOscConfig
                0x00002e44       0x18 ./emlib/em_emu.o
                0x00002e44                EMU_UpdateOscConfig
 .text.BUS_RegBitWrite
                0x00002e5c       0x3c ./emlib/em_gpio.o
 .text.GPIO_PinOutClear
                0x00002e98       0xb8 ./emlib/em_gpio.o
 .text.GPIO_PinOutSet
                0x00002f50       0xb8 ./emlib/em_gpio.o
 .text.GPIO_DriveModeSet
                0x00003008       0x90 ./emlib/em_gpio.o
                0x00003008                GPIO_DriveModeSet
 .text.GPIO_IntConfig
                0x00003098      0x164 ./emlib/em_gpio.o
                0x00003098                GPIO_IntConfig
 .text.GPIO_PinModeSet
                0x000031fc      0x1b8 ./emlib/em_gpio.o
                0x000031fc                GPIO_PinModeSet
 .text.BUS_RegBitWrite
                0x000033b4       0x3c ./emlib/em_i2c.o
 .text.I2C_BusFreqSet
                0x000033f0       0xc4 ./emlib/em_i2c.o
                0x000033f0                I2C_BusFreqSet
 .text.I2C_Init
                0x000034b4       0x7c ./emlib/em_i2c.o
                0x000034b4                I2C_Init
 .text.I2C_Transfer
                0x00003530      0x420 ./emlib/em_i2c.o
                0x00003530                I2C_Transfer
 .text.I2C_TransferInit
                0x00003950       0xec ./emlib/em_i2c.o
                0x00003950                I2C_TransferInit
 .text.PRS_SourceAsyncSignalSet
                0x00003a3c       0x4c ./emlib/em_prs.o
                0x00003a3c                PRS_SourceAsyncSignalSet
 .text.BUS_RegBitWrite
                0x00003a88       0x3c ./emlib/em_rtc.o
 .text.RTC_CompareSet
                0x00003ac4       0x54 ./emlib/em_rtc.o
                0x00003ac4                RTC_CompareSet
 .text.RTC_Enable
                0x00003b18       0x28 ./emlib/em_rtc.o
                0x00003b18                RTC_Enable
 .text.RTC_FreezeEnable
                0x00003b40       0x2c ./emlib/em_rtc.o
                0x00003b40                RTC_FreezeEnable
 .text.RTC_Init
                0x00003b6c       0x4c ./emlib/em_rtc.o
                0x00003b6c                RTC_Init
 .text.RTC_CounterReset
                0x00003bb8       0x14 ./emlib/em_rtc.o
                0x00003bb8                RTC_CounterReset
 .text.TIMER_Init
                0x00003bcc       0xfc ./emlib/em_timer.o
                0x00003bcc                TIMER_Init
 .text.BUS_RegMaskedWrite
                0x00003cc8       0x24 ./emlib/em_usart.o
 .text.USART_BaudrateAsyncSet
                0x00003cec      0x14c ./emlib/em_usart.o
                0x00003cec                USART_BaudrateAsyncSet
 .text.USART_BaudrateSyncSet
                0x00003e38       0xb4 ./emlib/em_usart.o
                0x00003e38                USART_BaudrateSyncSet
 .text.USART_Enable
                0x00003eec       0x54 ./emlib/em_usart.o
                0x00003eec                USART_Enable
 .text.USART_InitAsync
                0x00003f40       0x98 ./emlib/em_usart.o
                0x00003f40                USART_InitAsync
 .text.USART_InitSync
                0x00003fd8       0xcc ./emlib/em_usart.o
                0x00003fd8                USART_InitSync
 .text.USART_Reset
                0x000040a4       0x8c ./emlib/em_usart.o
                0x000040a4                USART_Reset
 .text.USART_Tx
                0x00004130       0x28 ./emlib/em_usart.o
                0x00004130                USART_Tx
 .text.USART_TxDouble
                0x00004158       0x28 ./emlib/em_usart.o
                0x00004158                USART_TxDouble
 .text.DISPLAY_Init
                0x00004180       0x54 ./Drivers/display.o
                0x00004180                DISPLAY_Init
 .text.DISPLAY_DeviceGet
                0x000041d4       0x60 ./Drivers/display.o
                0x000041d4                DISPLAY_DeviceGet
 .text.DISPLAY_DeviceRegister
                0x00004234       0x6c ./Drivers/display.o
                0x00004234                DISPLAY_DeviceRegister
 .text.DISPLAY_Ls013b7dh03Init
                0x000042a0      0x110 ./Drivers/displayls013b7dh03.o
                0x000042a0                DISPLAY_Ls013b7dh03Init
 .text.DriverRefresh
                0x000043b0       0x20 ./Drivers/displayls013b7dh03.o
 .text.DisplayEnable
                0x000043d0       0x44 ./Drivers/displayls013b7dh03.o
 .text.DisplayClear
                0x00004414       0x4c ./Drivers/displayls013b7dh03.o
 .text.PixelMatrixAllocate
                0x00004460       0x68 ./Drivers/displayls013b7dh03.o
 .text.PixelMatrixFree
                0x000044c8       0x18 ./Drivers/displayls013b7dh03.o
 .text.PixelMatrixClear
                0x000044e0       0x44 ./Drivers/displayls013b7dh03.o
 .text.PixelMatrixDraw
                0x00004524       0xc4 ./Drivers/displayls013b7dh03.o
 .text.GPIO_PinOutClear
                0x000045e8       0xb8 ./Drivers/displaypalemlib.o
 .text.GPIO_PinOutSet
                0x000046a0       0xb8 ./Drivers/displaypalemlib.o
 .text.PAL_SpiInit
                0x00004758       0x58 ./Drivers/displaypalemlib.o
                0x00004758                PAL_SpiInit
 .text.PAL_SpiTransmit
                0x000047b0       0x74 ./Drivers/displaypalemlib.o
                0x000047b0                PAL_SpiTransmit
 .text.PAL_TimerInit
                0x00004824       0x18 ./Drivers/displaypalemlib.o
                0x00004824                PAL_TimerInit
 .text.PAL_TimerMicroSecondsDelay
                0x0000483c       0x20 ./Drivers/displaypalemlib.o
                0x0000483c                PAL_TimerMicroSecondsDelay
 .text.PAL_GpioInit
                0x0000485c       0x24 ./Drivers/displaypalemlib.o
                0x0000485c                PAL_GpioInit
 .text.PAL_GpioPinModeSet
                0x00004880       0x4c ./Drivers/displaypalemlib.o
                0x00004880                PAL_GpioPinModeSet
 .text.PAL_GpioPinOutSet
                0x000048cc       0x28 ./Drivers/displaypalemlib.o
                0x000048cc                PAL_GpioPinOutSet
 .text.PAL_GpioPinOutClear
                0x000048f4       0x28 ./Drivers/displaypalemlib.o
                0x000048f4                PAL_GpioPinOutClear
 .text.PAL_GpioPinAutoToggle
                0x0000491c       0x9c ./Drivers/displaypalemlib.o
                0x0000491c                PAL_GpioPinAutoToggle
 .text.palClockSetup
                0x000049b8       0x28 ./Drivers/displaypalemlib.o
 .text.rtcSetup
                0x000049e0       0x9c ./Drivers/displaypalemlib.o
 .text._close   0x00004a7c       0x14 ./Drivers/retargetio.o
                0x00004a7c                _close
 .text._exit    0x00004a90        0xc ./Drivers/retargetio.o
                0x00004a90                _exit
 .text._fstat   0x00004a9c       0x1c ./Drivers/retargetio.o
                0x00004a9c                _fstat
 .text._isatty  0x00004ab8       0x14 ./Drivers/retargetio.o
                0x00004ab8                _isatty
 .text._lseek   0x00004acc       0x18 ./Drivers/retargetio.o
                0x00004acc                _lseek
 .text._read    0x00004ae4       0x58 ./Drivers/retargetio.o
                0x00004ae4                _read
 .text._sbrk    0x00004b3c       0x80 ./Drivers/retargetio.o
                0x00004b3c                _sbrk
 .text._write   0x00004bbc       0x38 ./Drivers/retargetio.o
                0x00004bbc                _write
 .text.RETARGET_TextDisplayInit
                0x00004bf4       0x68 ./Drivers/retargettextdisplay.o
                0x00004bf4                RETARGET_TextDisplayInit
 .text.RETARGET_ReadChar
                0x00004c5c       0x10 ./Drivers/retargettextdisplay.o
                0x00004c5c                RETARGET_ReadChar
 .text.RETARGET_WriteChar
                0x00004c6c       0x3c ./Drivers/retargettextdisplay.o
                0x00004c6c                RETARGET_WriteChar
 .text.TEXTDISPLAY_New
                0x00004ca8      0x1d4 ./Drivers/textdisplay.o
                0x00004ca8                TEXTDISPLAY_New
 .text.TEXTDISPLAY_WriteChar
                0x00004e7c       0xf4 ./Drivers/textdisplay.o
                0x00004e7c                TEXTDISPLAY_WriteChar
 .text.TextdisplayClear
                0x00004f70       0x44 ./Drivers/textdisplay.o
 .text.TextdisplayScrollUp
                0x00004fb4       0x8c ./Drivers/textdisplay.o
 .text.TextdisplayEscapeSequence
                0x00005040      0x1b4 ./Drivers/textdisplay.o
 .text.TextdisplayCharAdd
                0x000051f4      0x154 ./Drivers/textdisplay.o
 .text.TextdisplayLineDraw
                0x00005348      0x1d8 ./Drivers/textdisplay.o
 .text.TextdisplayUpdate
                0x00005520      0x118 ./Drivers/textdisplay.o
 .text.NVIC_ClearPendingIRQ
                0x00005638       0x34 ./Drivers/udelay.o
 .text.INT_Disable
                0x0000566c       0x28 ./Drivers/udelay.o
 .text.INT_Enable
                0x00005694       0x38 ./Drivers/udelay.o
 .text.RTC_CounterGet
                0x000056cc       0x14 ./Drivers/udelay.o
 .text.UDELAY_Calibrate
                0x000056e0      0x1f4 ./Drivers/udelay.o
                0x000056e0                UDELAY_Calibrate
 .text.UDELAY_Delay
                0x000058d4       0x34 ./Drivers/udelay.o
                0x000058d4                UDELAY_Delay
 .text.calibrate_delay
                0x00005908       0xdc ./Drivers/udelay.o
 .text.clock    0x000059e4       0x10 ./Drivers/udelay.o
 .text._delay   0x000059f4       0x14 ./Drivers/udelay.o
 .text          0x00005a08       0x30 ./CMSIS/efm32zg/startup_efm32zg.o
                0x00005a08                Reset_Handler
                0x00005a34                HardFault_Handler
                0x00005a34                USART1_RX_IRQHandler
                0x00005a34                PendSV_Handler
                0x00005a34                NMI_Handler
                0x00005a34                USART1_TX_IRQHandler
                0x00005a34                MSC_IRQHandler
                0x00005a34                ADC0_IRQHandler
                0x00005a34                LEUART0_IRQHandler
                0x00005a34                GPIO_EVEN_IRQHandler
                0x00005a34                RTC_IRQHandler
                0x00005a34                I2C0_IRQHandler
                0x00005a34                TIMER1_IRQHandler
                0x00005a34                Default_Handler
                0x00005a34                PCNT0_IRQHandler
                0x00005a34                ACMP0_IRQHandler
                0x00005a34                SVC_Handler
                0x00005a34                CMU_IRQHandler
                0x00005a34                AES_IRQHandler
                0x00005a34                VCMP_IRQHandler
 .text.SystemCoreClockGet
                0x00005a38       0x3c ./CMSIS/efm32zg/system_efm32zg.o
                0x00005a38                SystemCoreClockGet
 .text.SystemMaxCoreClockGet
                0x00005a74       0x10 ./CMSIS/efm32zg/system_efm32zg.o
                0x00005a74                SystemMaxCoreClockGet
 .text.SystemHFClockGet
                0x00005a84       0xcc ./CMSIS/efm32zg/system_efm32zg.o
                0x00005a84                SystemHFClockGet
 .text.SystemInit
                0x00005b50        0x8 ./CMSIS/efm32zg/system_efm32zg.o
                0x00005b50                SystemInit
 .text.SystemLFRCOClockGet
                0x00005b58       0x10 ./CMSIS/efm32zg/system_efm32zg.o
                0x00005b58                SystemLFRCOClockGet
 .text.SystemULFRCOClockGet
                0x00005b68       0x10 ./CMSIS/efm32zg/system_efm32zg.o
                0x00005b68                SystemULFRCOClockGet
 .text.SystemLFXOClockGet
                0x00005b78       0x14 ./CMSIS/efm32zg/system_efm32zg.o
                0x00005b78                SystemLFXOClockGet
 .text          0x00005b8c       0x9c c:/siliconlabs/simplicitystudio/v3/developer/toolchains/gnu_arm/4.8_2013q4/bin/../lib/gcc/arm-none-eabi/4.8.3/armv6-m\libgcc.a(_udivsi3.o)
                0x00005b8c                __aeabi_uidiv
                0x00005b8c                __udivsi3
                0x00005c14                __aeabi_uidivmod
 .text          0x00005c28       0xc0 c:/siliconlabs/simplicitystudio/v3/developer/toolchains/gnu_arm/4.8_2013q4/bin/../lib/gcc/arm-none-eabi/4.8.3/armv6-m\libgcc.a(_divsi3.o)
                0x00005c28                __divsi3
                0x00005c28                __aeabi_idiv
                0x00005cd4                __aeabi_idivmod
 .text          0x00005ce8        0x4 c:/siliconlabs/simplicitystudio/v3/developer/toolchains/gnu_arm/4.8_2013q4/bin/../lib/gcc/arm-none-eabi/4.8.3/armv6-m\libgcc.a(_dvmd_tls.o)
                0x00005ce8                __aeabi_idiv0
                0x00005ce8                __aeabi_ldiv0
 .text          0x00005cec      0x524 c:/siliconlabs/simplicitystudio/v3/developer/toolchains/gnu_arm/4.8_2013q4/bin/../lib/gcc/arm-none-eabi/4.8.3/armv6-m\libgcc.a(muldf3.o)
                0x00005cec                __aeabi_dmul
 .text          0x00006210       0x68 c:/siliconlabs/simplicitystudio/v3/developer/toolchains/gnu_arm/4.8_2013q4/bin/../lib/gcc/arm-none-eabi/4.8.3/armv6-m\libgcc.a(fixdfsi.o)
                0x00006210                __aeabi_d2iz
 .text          0x00006278       0x7c c:/siliconlabs/simplicitystudio/v3/developer/toolchains/gnu_arm/4.8_2013q4/bin/../lib/gcc/arm-none-eabi/4.8.3/armv6-m\libgcc.a(floatsidf.o)
                0x00006278                __aeabi_i2d
 .text          0x000062f4       0x3c c:/siliconlabs/simplicitystudio/v3/developer/toolchains/gnu_arm/4.8_2013q4/bin/../lib/gcc/arm-none-eabi/4.8.3/armv6-m\libgcc.a(_clzsi2.o)
                0x000062f4                __clzsi2
 .text.exit     0x00006330       0x2c c:/siliconlabs/simplicitystudio/v3/developer/toolchains/gnu_arm/4.8_2013q4/bin/../lib/gcc/arm-none-eabi/4.8.3/../../../../arm-none-eabi/lib/armv6-m\libc_s.a(lib_a-exit.o)
                0x00006330                exit
 .text.fileno   0x0000635c       0x60 c:/siliconlabs/simplicitystudio/v3/developer/toolchains/gnu_arm/4.8_2013q4/bin/../lib/gcc/arm-none-eabi/4.8.3/../../../../arm-none-eabi/lib/armv6-m\libc_s.a(lib_a-fileno.o)
                0x0000635c                fileno
 .text._cleanup_r
                0x000063bc       0x34 c:/siliconlabs/simplicitystudio/v3/developer/toolchains/gnu_arm/4.8_2013q4/bin/../lib/gcc/arm-none-eabi/4.8.3/../../../../arm-none-eabi/lib/armv6-m\libc_s.a(lib_a-findfp.o)
                0x000063bc                _cleanup_r
 .text.std.isra.0
                0x000063f0       0x48 c:/siliconlabs/simplicitystudio/v3/developer/toolchains/gnu_arm/4.8_2013q4/bin/../lib/gcc/arm-none-eabi/4.8.3/../../../../arm-none-eabi/lib/armv6-m\libc_s.a(lib_a-findfp.o)
 .text.__sfmoreglue
                0x00006438       0x2c c:/siliconlabs/simplicitystudio/v3/developer/toolchains/gnu_arm/4.8_2013q4/bin/../lib/gcc/arm-none-eabi/4.8.3/../../../../arm-none-eabi/lib/armv6-m\libc_s.a(lib_a-findfp.o)
                0x00006438                __sfmoreglue
 .text.__sinit  0x00006464       0x64 c:/siliconlabs/simplicitystudio/v3/developer/toolchains/gnu_arm/4.8_2013q4/bin/../lib/gcc/arm-none-eabi/4.8.3/../../../../arm-none-eabi/lib/armv6-m\libc_s.a(lib_a-findfp.o)
                0x00006464                __sinit
 .text.__sfp    0x000064c8       0x7c c:/siliconlabs/simplicitystudio/v3/developer/toolchains/gnu_arm/4.8_2013q4/bin/../lib/gcc/arm-none-eabi/4.8.3/../../../../arm-none-eabi/lib/armv6-m\libc_s.a(lib_a-findfp.o)
                0x000064c8                __sfp
 .text.__libc_init_array
                0x00006544       0x4c c:/siliconlabs/simplicitystudio/v3/developer/toolchains/gnu_arm/4.8_2013q4/bin/../lib/gcc/arm-none-eabi/4.8.3/../../../../arm-none-eabi/lib/armv6-m\libc_s.a(lib_a-init.o)
                0x00006544                __libc_init_array
 .text.memcpy   0x00006590       0x12 c:/siliconlabs/simplicitystudio/v3/developer/toolchains/gnu_arm/4.8_2013q4/bin/../lib/gcc/arm-none-eabi/4.8.3/../../../../arm-none-eabi/lib/armv6-m\libc_s.a(lib_a-memcpy-stub.o)
                0x00006590                memcpy
 .text.memset   0x000065a2       0x10 c:/siliconlabs/simplicitystudio/v3/developer/toolchains/gnu_arm/4.8_2013q4/bin/../lib/gcc/arm-none-eabi/4.8.3/../../../../arm-none-eabi/lib/armv6-m\libc_s.a(lib_a-memset.o)
                0x000065a2                memset
 *fill*         0x000065b2        0x2 
 .text._malloc_r
                0x000065b4       0xa8 c:/siliconlabs/simplicitystudio/v3/developer/toolchains/gnu_arm/4.8_2013q4/bin/../lib/gcc/arm-none-eabi/4.8.3/../../../../arm-none-eabi/lib/armv6-m\libc_s.a(lib_a-nano-mallocr.o)
                0x000065b4                _malloc_r
 .text.printf   0x0000665c       0x34 c:/siliconlabs/simplicitystudio/v3/developer/toolchains/gnu_arm/4.8_2013q4/bin/../lib/gcc/arm-none-eabi/4.8.3/../../../../arm-none-eabi/lib/armv6-m\libc_s.a(lib_a-printf.o)
                0x0000665c                iprintf
                0x0000665c                printf
 .text._sbrk_r  0x00006690       0x24 c:/siliconlabs/simplicitystudio/v3/developer/toolchains/gnu_arm/4.8_2013q4/bin/../lib/gcc/arm-none-eabi/4.8.3/../../../../arm-none-eabi/lib/armv6-m\libc_s.a(lib_a-sbrkr.o)
                0x00006690                _sbrk_r
 .text.setvbuf  0x000066b4      0x10c c:/siliconlabs/simplicitystudio/v3/developer/toolchains/gnu_arm/4.8_2013q4/bin/../lib/gcc/arm-none-eabi/4.8.3/../../../../arm-none-eabi/lib/armv6-m\libc_s.a(lib_a-setvbuf.o)
                0x000066b4                setvbuf
 .text.sprintf  0x000067c0       0x44 c:/siliconlabs/simplicitystudio/v3/developer/toolchains/gnu_arm/4.8_2013q4/bin/../lib/gcc/arm-none-eabi/4.8.3/../../../../arm-none-eabi/lib/armv6-m\libc_s.a(lib_a-sprintf.o)
                0x000067c0                siprintf
                0x000067c0                sprintf
 .text.__sread  0x00006804       0x28 c:/siliconlabs/simplicitystudio/v3/developer/toolchains/gnu_arm/4.8_2013q4/bin/../lib/gcc/arm-none-eabi/4.8.3/../../../../arm-none-eabi/lib/armv6-m\libc_s.a(lib_a-stdio.o)
                0x00006804                __sread
 .text.__swrite
                0x0000682c       0x38 c:/siliconlabs/simplicitystudio/v3/developer/toolchains/gnu_arm/4.8_2013q4/bin/../lib/gcc/arm-none-eabi/4.8.3/../../../../arm-none-eabi/lib/armv6-m\libc_s.a(lib_a-stdio.o)
                0x0000682c                __swrite
 .text.__sseek  0x00006864       0x2c c:/siliconlabs/simplicitystudio/v3/developer/toolchains/gnu_arm/4.8_2013q4/bin/../lib/gcc/arm-none-eabi/4.8.3/../../../../arm-none-eabi/lib/armv6-m\libc_s.a(lib_a-stdio.o)
                0x00006864                __sseek
 .text.__sclose
                0x00006890        0xc c:/siliconlabs/simplicitystudio/v3/developer/toolchains/gnu_arm/4.8_2013q4/bin/../lib/gcc/arm-none-eabi/4.8.3/../../../../arm-none-eabi/lib/armv6-m\libc_s.a(lib_a-stdio.o)
                0x00006890                __sclose
 .text.strlen   0x0000689c        0xe c:/siliconlabs/simplicitystudio/v3/developer/toolchains/gnu_arm/4.8_2013q4/bin/../lib/gcc/arm-none-eabi/4.8.3/../../../../arm-none-eabi/lib/armv6-m\libc_s.a(lib_a-strlen.o)
                0x0000689c                strlen
 .text.strncmp  0x000068aa       0x2c c:/siliconlabs/simplicitystudio/v3/developer/toolchains/gnu_arm/4.8_2013q4/bin/../lib/gcc/arm-none-eabi/4.8.3/../../../../arm-none-eabi/lib/armv6-m\libc_s.a(lib_a-strncmp.o)
                0x000068aa                strncmp
 *fill*         0x000068d6        0x2 
 .text.__ssputs_r
                0x000068d8       0xc0 c:/siliconlabs/simplicitystudio/v3/developer/toolchains/gnu_arm/4.8_2013q4/bin/../lib/gcc/arm-none-eabi/4.8.3/../../../../arm-none-eabi/lib/armv6-m\libc_s.a(lib_a-svfprintf.o)
                0x000068d8                __ssputs_r
 .text._svfprintf_r
                0x00006998      0x1e0 c:/siliconlabs/simplicitystudio/v3/developer/toolchains/gnu_arm/4.8_2013q4/bin/../lib/gcc/arm-none-eabi/4.8.3/../../../../arm-none-eabi/lib/armv6-m\libc_s.a(lib_a-svfprintf.o)
                0x00006998                _svfiprintf_r
                0x00006998                _svfprintf_r
 .text.__sfputc_r
                0x00006b78       0x2a c:/siliconlabs/simplicitystudio/v3/developer/toolchains/gnu_arm/4.8_2013q4/bin/../lib/gcc/arm-none-eabi/4.8.3/../../../../arm-none-eabi/lib/armv6-m\libc_s.a(lib_a-vfprintf.o)
 .text.__sfputs_r
                0x00006ba2       0x24 c:/siliconlabs/simplicitystudio/v3/developer/toolchains/gnu_arm/4.8_2013q4/bin/../lib/gcc/arm-none-eabi/4.8.3/../../../../arm-none-eabi/lib/armv6-m\libc_s.a(lib_a-vfprintf.o)
                0x00006ba2                __sfputs_r
 *fill*         0x00006bc6        0x2 
 .text._vfprintf_r
                0x00006bc8      0x210 c:/siliconlabs/simplicitystudio/v3/developer/toolchains/gnu_arm/4.8_2013q4/bin/../lib/gcc/arm-none-eabi/4.8.3/../../../../arm-none-eabi/lib/armv6-m\libc_s.a(lib_a-vfprintf.o)
                0x00006bc8                _vfprintf_r
                0x00006bc8                _vfiprintf_r
 .text._printf_common
                0x00006dd8       0xe8 c:/siliconlabs/simplicitystudio/v3/developer/toolchains/gnu_arm/4.8_2013q4/bin/../lib/gcc/arm-none-eabi/4.8.3/../../../../arm-none-eabi/lib/armv6-m\libc_s.a(lib_a-vfprintf_i.o)
                0x00006dd8                _printf_common
 .text._printf_i
                0x00006ec0      0x22c c:/siliconlabs/simplicitystudio/v3/developer/toolchains/gnu_arm/4.8_2013q4/bin/../lib/gcc/arm-none-eabi/4.8.3/../../../../arm-none-eabi/lib/armv6-m\libc_s.a(lib_a-vfprintf_i.o)
                0x00006ec0                _printf_i
 .text.__swbuf_r
                0x000070ec       0xb0 c:/siliconlabs/simplicitystudio/v3/developer/toolchains/gnu_arm/4.8_2013q4/bin/../lib/gcc/arm-none-eabi/4.8.3/../../../../arm-none-eabi/lib/armv6-m\libc_s.a(lib_a-wbuf.o)
                0x000070ec                __swbuf_r
 .text._write_r
                0x0000719c       0x28 c:/siliconlabs/simplicitystudio/v3/developer/toolchains/gnu_arm/4.8_2013q4/bin/../lib/gcc/arm-none-eabi/4.8.3/../../../../arm-none-eabi/lib/armv6-m\libc_s.a(lib_a-writer.o)
                0x0000719c                _write_r
 .text.__swsetup_r
                0x000071c4       0xe4 c:/siliconlabs/simplicitystudio/v3/developer/toolchains/gnu_arm/4.8_2013q4/bin/../lib/gcc/arm-none-eabi/4.8.3/../../../../arm-none-eabi/lib/armv6-m\libc_s.a(lib_a-wsetup.o)
                0x000071c4                __swsetup_r
 .text._close_r
                0x000072a8       0x24 c:/siliconlabs/simplicitystudio/v3/developer/toolchains/gnu_arm/4.8_2013q4/bin/../lib/gcc/arm-none-eabi/4.8.3/../../../../arm-none-eabi/lib/armv6-m\libc_s.a(lib_a-closer.o)
                0x000072a8                _close_r
 .text.__sflush_r
                0x000072cc      0x112 c:/siliconlabs/simplicitystudio/v3/developer/toolchains/gnu_arm/4.8_2013q4/bin/../lib/gcc/arm-none-eabi/4.8.3/../../../../arm-none-eabi/lib/armv6-m\libc_s.a(lib_a-fflush.o)
                0x000072cc                __sflush_r
 *fill*         0x000073de        0x2 
 .text._fflush_r
                0x000073e0       0x58 c:/siliconlabs/simplicitystudio/v3/developer/toolchains/gnu_arm/4.8_2013q4/bin/../lib/gcc/arm-none-eabi/4.8.3/../../../../arm-none-eabi/lib/armv6-m\libc_s.a(lib_a-fflush.o)
                0x000073e0                _fflush_r
 .text._lseek_r
                0x00007438       0x28 c:/siliconlabs/simplicitystudio/v3/developer/toolchains/gnu_arm/4.8_2013q4/bin/../lib/gcc/arm-none-eabi/4.8.3/../../../../arm-none-eabi/lib/armv6-m\libc_s.a(lib_a-lseekr.o)
                0x00007438                _lseek_r
 .text.__smakebuf_r
                0x00007460       0xa0 c:/siliconlabs/simplicitystudio/v3/developer/toolchains/gnu_arm/4.8_2013q4/bin/../lib/gcc/arm-none-eabi/4.8.3/../../../../arm-none-eabi/lib/armv6-m\libc_s.a(lib_a-makebuf.o)
                0x00007460                __smakebuf_r
 .text.malloc   0x00007500       0x14 c:/siliconlabs/simplicitystudio/v3/developer/toolchains/gnu_arm/4.8_2013q4/bin/../lib/gcc/arm-none-eabi/4.8.3/../../../../arm-none-eabi/lib/armv6-m\libc_s.a(lib_a-malloc.o)
                0x00007500                malloc
 .text.memchr   0x00007514       0x16 c:/siliconlabs/simplicitystudio/v3/developer/toolchains/gnu_arm/4.8_2013q4/bin/../lib/gcc/arm-none-eabi/4.8.3/../../../../arm-none-eabi/lib/armv6-m\libc_s.a(lib_a-memchr-stub.o)
                0x00007514                memchr
 .text.memmove  0x0000752a       0x32 c:/siliconlabs/simplicitystudio/v3/developer/toolchains/gnu_arm/4.8_2013q4/bin/../lib/gcc/arm-none-eabi/4.8.3/../../../../arm-none-eabi/lib/armv6-m\libc_s.a(lib_a-memmove.o)
                0x0000752a                memmove
 .text._free_r  0x0000755c       0x90 c:/siliconlabs/simplicitystudio/v3/developer/toolchains/gnu_arm/4.8_2013q4/bin/../lib/gcc/arm-none-eabi/4.8.3/../../../../arm-none-eabi/lib/armv6-m\libc_s.a(lib_a-nano-freer.o)
                0x0000755c                _free_r
 .text._realloc_r
                0x000075ec       0x4c c:/siliconlabs/simplicitystudio/v3/developer/toolchains/gnu_arm/4.8_2013q4/bin/../lib/gcc/arm-none-eabi/4.8.3/../../../../arm-none-eabi/lib/armv6-m\libc_s.a(lib_a-nano-reallocr.o)
                0x000075ec                _realloc_r
 .text._read_r  0x00007638       0x28 c:/siliconlabs/simplicitystudio/v3/developer/toolchains/gnu_arm/4.8_2013q4/bin/../lib/gcc/arm-none-eabi/4.8.3/../../../../arm-none-eabi/lib/armv6-m\libc_s.a(lib_a-readr.o)
                0x00007638                _read_r
 .text._fstat_r
                0x00007660       0x24 c:/siliconlabs/simplicitystudio/v3/developer/toolchains/gnu_arm/4.8_2013q4/bin/../lib/gcc/arm-none-eabi/4.8.3/../../../../arm-none-eabi/lib/armv6-m\libc_s.a(lib_a-fstatr.o)
                0x00007660                _fstat_r
 .text._isatty_r
                0x00007684       0x24 c:/siliconlabs/simplicitystudio/v3/developer/toolchains/gnu_arm/4.8_2013q4/bin/../lib/gcc/arm-none-eabi/4.8.3/../../../../arm-none-eabi/lib/armv6-m\libc_s.a(lib_a-isattyr.o)
                0x00007684                _isatty_r
 .text._malloc_usable_size_r
                0x000076a8       0x12 c:/siliconlabs/simplicitystudio/v3/developer/toolchains/gnu_arm/4.8_2013q4/bin/../lib/gcc/arm-none-eabi/4.8.3/../../../../arm-none-eabi/lib/armv6-m\libc_s.a(lib_a-nano-msizer.o)
                0x000076a8                _malloc_usable_size_r
 *(.init)
 *fill*         0x000076ba        0x2 
 .init          0x000076bc        0x4 c:/siliconlabs/simplicitystudio/v3/developer/toolchains/gnu_arm/4.8_2013q4/bin/../lib/gcc/arm-none-eabi/4.8.3/armv6-m/crti.o
                0x000076bc                _init
 .init          0x000076c0        0x8 c:/siliconlabs/simplicitystudio/v3/developer/toolchains/gnu_arm/4.8_2013q4/bin/../lib/gcc/arm-none-eabi/4.8.3/armv6-m/crtn.o
 *(.fini)
 .fini          0x000076c8        0x4 c:/siliconlabs/simplicitystudio/v3/developer/toolchains/gnu_arm/4.8_2013q4/bin/../lib/gcc/arm-none-eabi/4.8.3/armv6-m/crti.o
                0x000076c8                _fini
 .fini          0x000076cc        0x8 c:/siliconlabs/simplicitystudio/v3/developer/toolchains/gnu_arm/4.8_2013q4/bin/../lib/gcc/arm-none-eabi/4.8.3/armv6-m/crtn.o
 *crtbegin.o(.ctors)
 *crtbegin?.o(.ctors)
 *(EXCLUDE_FILE(*crtend.o *crtend?.o) .ctors)
 *(SORT(.ctors.*))
 *(.ctors)
 *crtbegin.o(.dtors)
 *crtbegin?.o(.dtors)
 *(EXCLUDE_FILE(*crtend.o *crtend?.o) .dtors)
 *(SORT(.dtors.*))
 *(.dtors)
 *(.rodata*)
 .rodata        0x000076d4      0x110 ./src/gps.o
 .rodata.cold_restart
                0x000077e4       0x14 ./src/gps.o
                0x000077e4                cold_restart
 .rodata        0x000077f8       0x50 ./src/main.o
 .rodata        0x00007848      0x138 ./src/printer.o
 .rodata        0x00007980       0x10 ./src/sd_i2c.o
 .rodata        0x00007990       0xa0 ./emlib/em_cmu.o
 .rodata.CMU_ClockEnable
                0x00007a30       0x2c ./emlib/em_cmu.o
 .rodata.CMU_ClockSelectSet
                0x00007a5c       0x50 ./emlib/em_cmu.o
 .rodata.CMU_HFRCOBandSet
                0x00007aac       0x14 ./emlib/em_cmu.o
 .rodata.CMU_OscillatorEnable
                0x00007ac0       0x18 ./emlib/em_cmu.o
 .rodata        0x00007ad8       0xa0 ./emlib/em_gpio.o
 .rodata.i2cNSum
                0x00007b78        0x4 ./emlib/em_i2c.o
 .rodata        0x00007b7c       0x14 ./emlib/em_i2c.o
 .rodata.I2C_Transfer
                0x00007b90       0x24 ./emlib/em_i2c.o
 .rodata        0x00007bb4       0x50 ./emlib/em_prs.o
 .rodata        0x00007c04       0x50 ./emlib/em_rtc.o
 .rodata        0x00007c54       0x14 ./emlib/em_timer.o
 .rodata        0x00007c68       0x50 ./emlib/em_usart.o
 .rodata        0x00007cb8       0x18 ./Drivers/displayls013b7dh03.o
 .rodata        0x00007cd0       0x6c ./Drivers/displaypalemlib.o
 .rodata.heaperr.8165
                0x00007d3c       0x1c ./Drivers/retargetio.o
 .rodata.chars_6x8_bits
                0x00007d58      0x320 ./Drivers/textdisplay.o
 .rodata.TextdisplayEscapeSequence
                0x00008078       0x18 ./Drivers/textdisplay.o
 .rodata.escapeSequences.4899
                0x00008090       0x18 ./Drivers/textdisplay.o
 .rodata        0x000080a8        0x4 ./Drivers/udelay.o
 .rodata        0x000080ac       0x40 c:/siliconlabs/simplicitystudio/v3/developer/toolchains/gnu_arm/4.8_2013q4/bin/../lib/gcc/arm-none-eabi/4.8.3/armv6-m\libgcc.a(muldf3.o)
 .rodata._ctype_
                0x000080ec      0x101 c:/siliconlabs/simplicitystudio/v3/developer/toolchains/gnu_arm/4.8_2013q4/bin/../lib/gcc/arm-none-eabi/4.8.3/../../../../arm-none-eabi/lib/armv6-m\libc_s.a(lib_a-ctype_.o)
                0x000080ec                _ctype_
 *fill*         0x000081ed        0x3 
 .rodata.__sf_fake_stdin
                0x000081f0       0x20 c:/siliconlabs/simplicitystudio/v3/developer/toolchains/gnu_arm/4.8_2013q4/bin/../lib/gcc/arm-none-eabi/4.8.3/../../../../arm-none-eabi/lib/armv6-m\libc_s.a(lib_a-findfp.o)
                0x000081f0                __sf_fake_stdin
 .rodata.__sf_fake_stdout
                0x00008210       0x20 c:/siliconlabs/simplicitystudio/v3/developer/toolchains/gnu_arm/4.8_2013q4/bin/../lib/gcc/arm-none-eabi/4.8.3/../../../../arm-none-eabi/lib/armv6-m\libc_s.a(lib_a-findfp.o)
                0x00008210                __sf_fake_stdout
 .rodata.__sf_fake_stderr
                0x00008230       0x20 c:/siliconlabs/simplicitystudio/v3/developer/toolchains/gnu_arm/4.8_2013q4/bin/../lib/gcc/arm-none-eabi/4.8.3/../../../../arm-none-eabi/lib/armv6-m\libc_s.a(lib_a-findfp.o)
                0x00008230                __sf_fake_stderr
 .rodata.str1.1
                0x00008250        0x2 c:/siliconlabs/simplicitystudio/v3/developer/toolchains/gnu_arm/4.8_2013q4/bin/../lib/gcc/arm-none-eabi/4.8.3/../../../../arm-none-eabi/lib/armv6-m\libc_s.a(lib_a-impure.o)
 *fill*         0x00008252        0x2 
 .rodata._global_impure_ptr
                0x00008254        0x4 c:/siliconlabs/simplicitystudio/v3/developer/toolchains/gnu_arm/4.8_2013q4/bin/../lib/gcc/arm-none-eabi/4.8.3/../../../../arm-none-eabi/lib/armv6-m\libc_s.a(lib_a-impure.o)
                0x00008254                _global_impure_ptr
 .rodata.str1.1
                0x00008258       0x11 c:/siliconlabs/simplicitystudio/v3/developer/toolchains/gnu_arm/4.8_2013q4/bin/../lib/gcc/arm-none-eabi/4.8.3/../../../../arm-none-eabi/lib/armv6-m\libc_s.a(lib_a-svfprintf.o)
 .rodata.str1.1
                0x00000000       0x11 c:/siliconlabs/simplicitystudio/v3/developer/toolchains/gnu_arm/4.8_2013q4/bin/../lib/gcc/arm-none-eabi/4.8.3/../../../../arm-none-eabi/lib/armv6-m\libc_s.a(lib_a-vfprintf.o)
 .rodata.str1.1
                0x00008269       0x22 c:/siliconlabs/simplicitystudio/v3/developer/toolchains/gnu_arm/4.8_2013q4/bin/../lib/gcc/arm-none-eabi/4.8.3/../../../../arm-none-eabi/lib/armv6-m\libc_s.a(lib_a-vfprintf_i.o)
 *(.eh_frame*)
 *fill*         0x0000828b        0x1 
 .eh_frame      0x0000828c        0x0 c:/siliconlabs/simplicitystudio/v3/developer/toolchains/gnu_arm/4.8_2013q4/bin/../lib/gcc/arm-none-eabi/4.8.3/armv6-m/crtbegin.o
 .eh_frame      0x0000828c        0x4 c:/siliconlabs/simplicitystudio/v3/developer/toolchains/gnu_arm/4.8_2013q4/bin/../lib/gcc/arm-none-eabi/4.8.3/armv6-m/crtend.o

.glue_7         0x00008290        0x0
 .glue_7        0x00000000        0x0 linker stubs

.glue_7t        0x00008290        0x0
 .glue_7t       0x00000000        0x0 linker stubs

.vfp11_veneer   0x00008290        0x0
 .vfp11_veneer  0x00000000        0x0 linker stubs

.v4_bx          0x00008290        0x0
 .v4_bx         0x00000000        0x0 linker stubs

.iplt           0x00008290        0x0
 .iplt          0x00000000        0x0 c:/siliconlabs/simplicitystudio/v3/developer/toolchains/gnu_arm/4.8_2013q4/bin/../lib/gcc/arm-none-eabi/4.8.3/armv6-m/crtbegin.o

.ARM.extab
 *(.ARM.extab* .gnu.linkonce.armextab.*)
                0x00008290                __exidx_start = .

.ARM.exidx      0x00008290        0x8
 *(.ARM.exidx* .gnu.linkonce.armexidx.*)
 .ARM.exidx     0x00008290        0x8 c:/siliconlabs/simplicitystudio/v3/developer/toolchains/gnu_arm/4.8_2013q4/bin/../lib/gcc/arm-none-eabi/4.8.3/../../../../arm-none-eabi/lib/armv6-m/crt0.o
                0x00008298                __exidx_end = .
                0x00008298                __etext = .

.rel.dyn        0x00008298        0x0
 .rel.iplt      0x00000000        0x0 c:/siliconlabs/simplicitystudio/v3/developer/toolchains/gnu_arm/4.8_2013q4/bin/../lib/gcc/arm-none-eabi/4.8.3/armv6-m/crtbegin.o

.data           0x20000000       0x9c load address 0x00008298
                0x20000000                __data_start__ = .
 *(vtable)
 *(.data*)
 .data.pDisplayDeviceDriverInitFunctions
                0x20000000        0x8 ./Drivers/display.o
 .data.pixelMatrixPool
                0x20000008        0x4 ./Drivers/displayls013b7dh03.o
 .data.charBufferTbl
                0x2000000c       0x10 ./Drivers/textdisplay.o
 .data.loops_per_jiffy
                0x2000001c        0x4 ./Drivers/udelay.o
                0x2000001c                loops_per_jiffy
 .data.SystemHFXOClock
                0x20000020        0x4 ./CMSIS/efm32zg/system_efm32zg.o
 .data.SystemLFXOClock
                0x20000024        0x4 ./CMSIS/efm32zg/system_efm32zg.o
 .data.__ctype_ptr__
                0x20000028        0x4 c:/siliconlabs/simplicitystudio/v3/developer/toolchains/gnu_arm/4.8_2013q4/bin/../lib/gcc/arm-none-eabi/4.8.3/../../../../arm-none-eabi/lib/armv6-m\libc_s.a(lib_a-ctype_.o)
                0x20000028                __ctype_ptr__
 .data.impure_data
                0x2000002c       0x60 c:/siliconlabs/simplicitystudio/v3/developer/toolchains/gnu_arm/4.8_2013q4/bin/../lib/gcc/arm-none-eabi/4.8.3/../../../../arm-none-eabi/lib/armv6-m\libc_s.a(lib_a-impure.o)
 .data._impure_ptr
                0x2000008c        0x4 c:/siliconlabs/simplicitystudio/v3/developer/toolchains/gnu_arm/4.8_2013q4/bin/../lib/gcc/arm-none-eabi/4.8.3/../../../../arm-none-eabi/lib/armv6-m\libc_s.a(lib_a-impure.o)
                0x2000008c                _impure_ptr
                0x20000090                . = ALIGN (0x4)
 *(.ram)
                0x20000090                . = ALIGN (0x4)
                0x20000090                PROVIDE (__preinit_array_start, .)
 *(.preinit_array)
                0x20000090                PROVIDE (__preinit_array_end, .)
                0x20000090                . = ALIGN (0x4)
                0x20000090                PROVIDE (__init_array_start, .)
 *(SORT(.init_array.*))
 *(.init_array)
 .init_array    0x20000090        0x4 c:/siliconlabs/simplicitystudio/v3/developer/toolchains/gnu_arm/4.8_2013q4/bin/../lib/gcc/arm-none-eabi/4.8.3/armv6-m/crtbegin.o
                0x20000094                PROVIDE (__init_array_end, .)
                0x20000094                . = ALIGN (0x4)
                0x20000094                PROVIDE (__fini_array_start, .)
 *(SORT(.fini_array.*))
 *(.fini_array)
 .fini_array    0x20000094        0x4 c:/siliconlabs/simplicitystudio/v3/developer/toolchains/gnu_arm/4.8_2013q4/bin/../lib/gcc/arm-none-eabi/4.8.3/armv6-m/crtbegin.o
                0x20000098                PROVIDE (__fini_array_end, .)
 *(.jcr*)
 .jcr           0x20000098        0x0 c:/siliconlabs/simplicitystudio/v3/developer/toolchains/gnu_arm/4.8_2013q4/bin/../lib/gcc/arm-none-eabi/4.8.3/armv6-m/crtbegin.o
 .jcr           0x20000098        0x4 c:/siliconlabs/simplicitystudio/v3/developer/toolchains/gnu_arm/4.8_2013q4/bin/../lib/gcc/arm-none-eabi/4.8.3/armv6-m/crtend.o
                0x2000009c                . = ALIGN (0x4)
                0x2000009c                __data_end__ = .

.igot.plt       0x2000009c        0x0 load address 0x00008334
 .igot.plt      0x00000000        0x0 c:/siliconlabs/simplicitystudio/v3/developer/toolchains/gnu_arm/4.8_2013q4/bin/../lib/gcc/arm-none-eabi/4.8.3/armv6-m/crtbegin.o

.bss            0x2000009c      0xa38 load address 0x00008334
                0x2000009c                . = ALIGN (0x4)
                0x2000009c                __bss_start__ = .
 *(.bss*)
 .bss           0x2000009c       0x1c c:/siliconlabs/simplicitystudio/v3/developer/toolchains/gnu_arm/4.8_2013q4/bin/../lib/gcc/arm-none-eabi/4.8.3/armv6-m/crtbegin.o
 .bss.T         0x200000b8        0x4 ./src/bmp180.o
                0x200000b8                T
 .bss.rx_char   0x200000bc        0x1 ./src/gps.o
                0x200000bc                rx_char
 .bss.n         0x200000bd        0x1 ./src/gps.o
                0x200000bd                n
 .bss.b         0x200000be        0x1 ./src/gps.o
                0x200000be                b
 .bss.r         0x200000bf        0x1 ./src/main.o
                0x200000bf                r
 .bss.fullread  0x200000c0        0x1 ./src/main.o
                0x200000c0                fullread
 .bss.fix_val   0x200000c1        0x1 ./src/main.o
                0x200000c1                fix_val
 .bss.satfix    0x200000c2        0x1 ./src/main.o
                0x200000c2                satfix
 .bss.timeout   0x200000c3        0x1 ./src/main.o
                0x200000c3                timeout
 .bss.counter   0x200000c4        0x4 ./src/main.o
                0x200000c4                counter
 .bss.cmuStatus
                0x200000c8        0x4 ./emlib/em_emu.o
 .bss.i2cTransfer
                0x200000cc        0xc ./emlib/em_i2c.o
 .bss.INT_LockCnt
                0x200000d8        0x4 ./emlib/em_int.o
                0x200000d8                INT_LockCnt
 .bss.deviceTable
                0x200000dc       0x2c ./Drivers/display.o
 .bss.moduleInitialized
                0x20000108        0x1 ./Drivers/display.o
 *fill*         0x20000109        0x3 
 .bss.devicesRegistered
                0x2000010c        0x4 ./Drivers/display.o
 .bss.lcdPolarity
                0x20000110        0x1 ./Drivers/displayls013b7dh03.o
 *fill*         0x20000111        0x3 
 .bss.pixelMatrixPoolBase
                0x20000114       0x80 ./Drivers/displayls013b7dh03.o
 .bss.heap_end.8163
                0x20000194        0x4 ./Drivers/retargetio.o
 .bss.textDisplayHandle
                0x20000198        0x4 ./Drivers/retargettextdisplay.o
                0x20000198                textDisplayHandle
 .bss.textdisplayTbl
                0x2000019c       0x58 ./Drivers/textdisplay.o
 .bss.escapeSequence.4898
                0x200001f4        0x4 ./Drivers/textdisplay.o
 .bss.__malloc_sbrk_start
                0x200001f8        0x4 c:/siliconlabs/simplicitystudio/v3/developer/toolchains/gnu_arm/4.8_2013q4/bin/../lib/gcc/arm-none-eabi/4.8.3/../../../../arm-none-eabi/lib/armv6-m\libc_s.a(lib_a-nano-mallocr.o)
                0x200001f8                __malloc_sbrk_start
 .bss.__malloc_free_list
                0x200001fc        0x4 c:/siliconlabs/simplicitystudio/v3/developer/toolchains/gnu_arm/4.8_2013q4/bin/../lib/gcc/arm-none-eabi/4.8.3/../../../../arm-none-eabi/lib/armv6-m\libc_s.a(lib_a-nano-mallocr.o)
                0x200001fc                __malloc_free_list
 *(COMMON)
 COMMON         0x20000200       0x4c ./src/bmp180.o
                0x20000200                BMP
                0x20000248                P
 COMMON         0x2000024c        0x4 ./src/gps.o
                0x2000024c                msTicks
 COMMON         0x20000250       0x14 ./src/ina219.o
                0x20000250                INA
 COMMON         0x20000264       0x24 ./src/l3gd20h.o
                0x20000264                Gyro
 COMMON         0x20000288       0x2c ./src/lsm303.o
                0x20000288                Accel
 COMMON         0x200002b4      0x654 ./src/main.o
                0x200002b4                data
                0x2000089c                datat
                0x20000900                gyrox
 COMMON         0x20000908       0x33 ./src/sd_i2c.o
                0x20000908                rdata
                0x2000090c                rseq
                0x20000920                rregid
                0x20000924                wseq
                0x20000938                wdata
 *fill*         0x2000093b        0x1 
 COMMON         0x2000093c      0x190 ./Drivers/textdisplay.o
                0x2000093c                charBufferDevice0
                0x20000a8c                charArrayDevice0
 COMMON         0x20000acc        0x4 ./CMSIS/efm32zg/system_efm32zg.o
                0x20000acc                SystemCoreClock
 COMMON         0x20000ad0        0x4 c:/siliconlabs/simplicitystudio/v3/developer/toolchains/gnu_arm/4.8_2013q4/bin/../lib/gcc/arm-none-eabi/4.8.3/../../../../arm-none-eabi/lib/armv6-m\libc_s.a(lib_a-reent.o)
                0x20000ad0                errno
                0x20000ad4                . = ALIGN (0x4)
                0x20000ad4                __bss_end__ = .

.heap           0x20000ad8        0x0
                0x20000ad8                __HeapBase = .
                0x20000ad8                __end__ = .
                0x20000ad8                end = __end__
                0x20000ad8                _end = __end__
 *(.heap*)
 .heap          0x20000ad8        0x0 ./CMSIS/efm32zg/startup_efm32zg.o
                0x20000ad8                __HeapLimit = .

.stack_dummy    0x20000ad8      0x400
 *(.stack*)
 .stack         0x20000ad8      0x400 ./CMSIS/efm32zg/startup_efm32zg.o
                0x20001000                __StackTop = (ORIGIN (RAM) + 0x1000)
                0x20000c00                __StackLimit = (__StackTop - SIZEOF (.stack_dummy))
                0x20001000                PROVIDE (__stack, __StackTop)
                0x00000001                ASSERT ((__StackLimit >= __HeapLimit), region RAM overflowed with stack)
                0x00000000                ASSERT ((0x8000 >= (__etext + SIZEOF (.data))), FLASH memory overflowed !)
OUTPUT(SatTrack v1.0.axf elf32-littlearm)

.ARM.attributes
                0x00000000       0x28
 .ARM.attributes
                0x00000000       0x1e c:/siliconlabs/simplicitystudio/v3/developer/toolchains/gnu_arm/4.8_2013q4/bin/../lib/gcc/arm-none-eabi/4.8.3/armv6-m/crti.o
 .ARM.attributes
                0x0000001e       0x2c c:/siliconlabs/simplicitystudio/v3/developer/toolchains/gnu_arm/4.8_2013q4/bin/../lib/gcc/arm-none-eabi/4.8.3/armv6-m/crtbegin.o
 .ARM.attributes
                0x0000004a       0x1b c:/siliconlabs/simplicitystudio/v3/developer/toolchains/gnu_arm/4.8_2013q4/bin/../lib/gcc/arm-none-eabi/4.8.3/../../../../arm-none-eabi/lib/armv6-m/crt0.o
 .ARM.attributes
                0x00000065       0x32 ./src/bmp180.o
 .ARM.attributes
                0x00000097       0x32 ./src/gps.o
 .ARM.attributes
                0x000000c9       0x32 ./src/ina219.o
 .ARM.attributes
                0x000000fb       0x32 ./src/l3gd20h.o
 .ARM.attributes
                0x0000012d       0x32 ./src/lsm303.o
 .ARM.attributes
                0x0000015f       0x32 ./src/main.o
 .ARM.attributes
                0x00000191       0x32 ./src/printer.o
 .ARM.attributes
                0x000001c3       0x32 ./src/sd_i2c.o
 .ARM.attributes
                0x000001f5       0x32 ./emlib/em_assert.o
 .ARM.attributes
                0x00000227       0x32 ./emlib/em_cmu.o
 .ARM.attributes
                0x00000259       0x32 ./emlib/em_dma.o
 .ARM.attributes
                0x0000028b       0x32 ./emlib/em_emu.o
 .ARM.attributes
                0x000002bd       0x32 ./emlib/em_gpio.o
 .ARM.attributes
                0x000002ef       0x32 ./emlib/em_i2c.o
 .ARM.attributes
                0x00000321       0x32 ./emlib/em_int.o
 .ARM.attributes
                0x00000353       0x32 ./emlib/em_prs.o
 .ARM.attributes
                0x00000385       0x32 ./emlib/em_rtc.o
 .ARM.attributes
                0x000003b7       0x32 ./emlib/em_timer.o
 .ARM.attributes
                0x000003e9       0x32 ./emlib/em_usart.o
 .ARM.attributes
                0x0000041b       0x32 ./Drivers/display.o
 .ARM.attributes
                0x0000044d       0x32 ./Drivers/displayls013b7dh03.o
 .ARM.attributes
                0x0000047f       0x32 ./Drivers/displaypalemlib.o
 .ARM.attributes
                0x000004b1       0x32 ./Drivers/retargetio.o
 .ARM.attributes
                0x000004e3       0x32 ./Drivers/retargettextdisplay.o
 .ARM.attributes
                0x00000515       0x32 ./Drivers/textdisplay.o
 .ARM.attributes
                0x00000547       0x2b ./Drivers/udelay.o
 .ARM.attributes
                0x00000572       0x1b ./CMSIS/efm32zg/startup_efm32zg.o
 .ARM.attributes
                0x0000058d       0x32 ./CMSIS/efm32zg/system_efm32zg.o
 .ARM.attributes
                0x000005bf       0x1e c:/siliconlabs/simplicitystudio/v3/developer/toolchains/gnu_arm/4.8_2013q4/bin/../lib/gcc/arm-none-eabi/4.8.3/armv6-m\libgcc.a(_udivsi3.o)
 .ARM.attributes
                0x000005dd       0x1e c:/siliconlabs/simplicitystudio/v3/developer/toolchains/gnu_arm/4.8_2013q4/bin/../lib/gcc/arm-none-eabi/4.8.3/armv6-m\libgcc.a(_divsi3.o)
 .ARM.attributes
                0x000005fb       0x1e c:/siliconlabs/simplicitystudio/v3/developer/toolchains/gnu_arm/4.8_2013q4/bin/../lib/gcc/arm-none-eabi/4.8.3/armv6-m\libgcc.a(_dvmd_tls.o)
 .ARM.attributes
                0x00000619       0x2c c:/siliconlabs/simplicitystudio/v3/developer/toolchains/gnu_arm/4.8_2013q4/bin/../lib/gcc/arm-none-eabi/4.8.3/armv6-m\libgcc.a(muldf3.o)
 .ARM.attributes
                0x00000645       0x2c c:/siliconlabs/simplicitystudio/v3/developer/toolchains/gnu_arm/4.8_2013q4/bin/../lib/gcc/arm-none-eabi/4.8.3/armv6-m\libgcc.a(fixdfsi.o)
 .ARM.attributes
                0x00000671       0x2c c:/siliconlabs/simplicitystudio/v3/developer/toolchains/gnu_arm/4.8_2013q4/bin/../lib/gcc/arm-none-eabi/4.8.3/armv6-m\libgcc.a(floatsidf.o)
 .ARM.attributes
                0x0000069d       0x1e c:/siliconlabs/simplicitystudio/v3/developer/toolchains/gnu_arm/4.8_2013q4/bin/../lib/gcc/arm-none-eabi/4.8.3/armv6-m\libgcc.a(_clzsi2.o)
 .ARM.attributes
                0x000006bb       0x2c c:/siliconlabs/simplicitystudio/v3/developer/toolchains/gnu_arm/4.8_2013q4/bin/../lib/gcc/arm-none-eabi/4.8.3/../../../../arm-none-eabi/lib/armv6-m\libc_s.a(lib_a-ctype_.o)
 .ARM.attributes
                0x000006e7       0x2c c:/siliconlabs/simplicitystudio/v3/developer/toolchains/gnu_arm/4.8_2013q4/bin/../lib/gcc/arm-none-eabi/4.8.3/../../../../arm-none-eabi/lib/armv6-m\libc_s.a(lib_a-exit.o)
 .ARM.attributes
                0x00000713       0x2c c:/siliconlabs/simplicitystudio/v3/developer/toolchains/gnu_arm/4.8_2013q4/bin/../lib/gcc/arm-none-eabi/4.8.3/../../../../arm-none-eabi/lib/armv6-m\libc_s.a(lib_a-fileno.o)
 .ARM.attributes
                0x0000073f       0x2c c:/siliconlabs/simplicitystudio/v3/developer/toolchains/gnu_arm/4.8_2013q4/bin/../lib/gcc/arm-none-eabi/4.8.3/../../../../arm-none-eabi/lib/armv6-m\libc_s.a(lib_a-findfp.o)
 .ARM.attributes
                0x0000076b       0x2c c:/siliconlabs/simplicitystudio/v3/developer/toolchains/gnu_arm/4.8_2013q4/bin/../lib/gcc/arm-none-eabi/4.8.3/../../../../arm-none-eabi/lib/armv6-m\libc_s.a(lib_a-impure.o)
 .ARM.attributes
                0x00000797       0x2c c:/siliconlabs/simplicitystudio/v3/developer/toolchains/gnu_arm/4.8_2013q4/bin/../lib/gcc/arm-none-eabi/4.8.3/../../../../arm-none-eabi/lib/armv6-m\libc_s.a(lib_a-init.o)
 .ARM.attributes
                0x000007c3       0x2c c:/siliconlabs/simplicitystudio/v3/developer/toolchains/gnu_arm/4.8_2013q4/bin/../lib/gcc/arm-none-eabi/4.8.3/../../../../arm-none-eabi/lib/armv6-m\libc_s.a(lib_a-memcpy-stub.o)
 .ARM.attributes
                0x000007ef       0x2c c:/siliconlabs/simplicitystudio/v3/developer/toolchains/gnu_arm/4.8_2013q4/bin/../lib/gcc/arm-none-eabi/4.8.3/../../../../arm-none-eabi/lib/armv6-m\libc_s.a(lib_a-memset.o)
 .ARM.attributes
                0x0000081b       0x2c c:/siliconlabs/simplicitystudio/v3/developer/toolchains/gnu_arm/4.8_2013q4/bin/../lib/gcc/arm-none-eabi/4.8.3/../../../../arm-none-eabi/lib/armv6-m\libc_s.a(lib_a-nano-mallocr.o)
 .ARM.attributes
                0x00000847       0x2c c:/siliconlabs/simplicitystudio/v3/developer/toolchains/gnu_arm/4.8_2013q4/bin/../lib/gcc/arm-none-eabi/4.8.3/../../../../arm-none-eabi/lib/armv6-m\libc_s.a(lib_a-printf.o)
 .ARM.attributes
                0x00000873       0x2c c:/siliconlabs/simplicitystudio/v3/developer/toolchains/gnu_arm/4.8_2013q4/bin/../lib/gcc/arm-none-eabi/4.8.3/../../../../arm-none-eabi/lib/armv6-m\libc_s.a(lib_a-sbrkr.o)
 .ARM.attributes
                0x0000089f       0x2c c:/siliconlabs/simplicitystudio/v3/developer/toolchains/gnu_arm/4.8_2013q4/bin/../lib/gcc/arm-none-eabi/4.8.3/../../../../arm-none-eabi/lib/armv6-m\libc_s.a(lib_a-setvbuf.o)
 .ARM.attributes
                0x000008cb       0x2c c:/siliconlabs/simplicitystudio/v3/developer/toolchains/gnu_arm/4.8_2013q4/bin/../lib/gcc/arm-none-eabi/4.8.3/../../../../arm-none-eabi/lib/armv6-m\libc_s.a(lib_a-sprintf.o)
 .ARM.attributes
                0x000008f7       0x2c c:/siliconlabs/simplicitystudio/v3/developer/toolchains/gnu_arm/4.8_2013q4/bin/../lib/gcc/arm-none-eabi/4.8.3/../../../../arm-none-eabi/lib/armv6-m\libc_s.a(lib_a-stdio.o)
 .ARM.attributes
                0x00000923       0x2c c:/siliconlabs/simplicitystudio/v3/developer/toolchains/gnu_arm/4.8_2013q4/bin/../lib/gcc/arm-none-eabi/4.8.3/../../../../arm-none-eabi/lib/armv6-m\libc_s.a(lib_a-strlen.o)
 .ARM.attributes
                0x0000094f       0x2c c:/siliconlabs/simplicitystudio/v3/developer/toolchains/gnu_arm/4.8_2013q4/bin/../lib/gcc/arm-none-eabi/4.8.3/../../../../arm-none-eabi/lib/armv6-m\libc_s.a(lib_a-strncmp.o)
 .ARM.attributes
                0x0000097b       0x2c c:/siliconlabs/simplicitystudio/v3/developer/toolchains/gnu_arm/4.8_2013q4/bin/../lib/gcc/arm-none-eabi/4.8.3/../../../../arm-none-eabi/lib/armv6-m\libc_s.a(lib_a-svfprintf.o)
 .ARM.attributes
                0x000009a7       0x2c c:/siliconlabs/simplicitystudio/v3/developer/toolchains/gnu_arm/4.8_2013q4/bin/../lib/gcc/arm-none-eabi/4.8.3/../../../../arm-none-eabi/lib/armv6-m\libc_s.a(lib_a-vfprintf.o)
 .ARM.attributes
                0x000009d3       0x2c c:/siliconlabs/simplicitystudio/v3/developer/toolchains/gnu_arm/4.8_2013q4/bin/../lib/gcc/arm-none-eabi/4.8.3/../../../../arm-none-eabi/lib/armv6-m\libc_s.a(lib_a-vfprintf_i.o)
 .ARM.attributes
                0x000009ff       0x2c c:/siliconlabs/simplicitystudio/v3/developer/toolchains/gnu_arm/4.8_2013q4/bin/../lib/gcc/arm-none-eabi/4.8.3/../../../../arm-none-eabi/lib/armv6-m\libc_s.a(lib_a-wbuf.o)
 .ARM.attributes
                0x00000a2b       0x2c c:/siliconlabs/simplicitystudio/v3/developer/toolchains/gnu_arm/4.8_2013q4/bin/../lib/gcc/arm-none-eabi/4.8.3/../../../../arm-none-eabi/lib/armv6-m\libc_s.a(lib_a-writer.o)
 .ARM.attributes
                0x00000a57       0x2c c:/siliconlabs/simplicitystudio/v3/developer/toolchains/gnu_arm/4.8_2013q4/bin/../lib/gcc/arm-none-eabi/4.8.3/../../../../arm-none-eabi/lib/armv6-m\libc_s.a(lib_a-wsetup.o)
 .ARM.attributes
                0x00000a83       0x2c c:/siliconlabs/simplicitystudio/v3/developer/toolchains/gnu_arm/4.8_2013q4/bin/../lib/gcc/arm-none-eabi/4.8.3/../../../../arm-none-eabi/lib/armv6-m\libc_s.a(lib_a-closer.o)
 .ARM.attributes
                0x00000aaf       0x2c c:/siliconlabs/simplicitystudio/v3/developer/toolchains/gnu_arm/4.8_2013q4/bin/../lib/gcc/arm-none-eabi/4.8.3/../../../../arm-none-eabi/lib/armv6-m\libc_s.a(lib_a-fflush.o)
 .ARM.attributes
                0x00000adb       0x2c c:/siliconlabs/simplicitystudio/v3/developer/toolchains/gnu_arm/4.8_2013q4/bin/../lib/gcc/arm-none-eabi/4.8.3/../../../../arm-none-eabi/lib/armv6-m\libc_s.a(lib_a-lseekr.o)
 .ARM.attributes
                0x00000b07       0x2c c:/siliconlabs/simplicitystudio/v3/developer/toolchains/gnu_arm/4.8_2013q4/bin/../lib/gcc/arm-none-eabi/4.8.3/../../../../arm-none-eabi/lib/armv6-m\libc_s.a(lib_a-makebuf.o)
 .ARM.attributes
                0x00000b33       0x2c c:/siliconlabs/simplicitystudio/v3/developer/toolchains/gnu_arm/4.8_2013q4/bin/../lib/gcc/arm-none-eabi/4.8.3/../../../../arm-none-eabi/lib/armv6-m\libc_s.a(lib_a-malloc.o)
 .ARM.attributes
                0x00000b5f       0x2c c:/siliconlabs/simplicitystudio/v3/developer/toolchains/gnu_arm/4.8_2013q4/bin/../lib/gcc/arm-none-eabi/4.8.3/../../../../arm-none-eabi/lib/armv6-m\libc_s.a(lib_a-memchr-stub.o)
 .ARM.attributes
                0x00000b8b       0x2c c:/siliconlabs/simplicitystudio/v3/developer/toolchains/gnu_arm/4.8_2013q4/bin/../lib/gcc/arm-none-eabi/4.8.3/../../../../arm-none-eabi/lib/armv6-m\libc_s.a(lib_a-memmove.o)
 .ARM.attributes
                0x00000bb7       0x2c c:/siliconlabs/simplicitystudio/v3/developer/toolchains/gnu_arm/4.8_2013q4/bin/../lib/gcc/arm-none-eabi/4.8.3/../../../../arm-none-eabi/lib/armv6-m\libc_s.a(lib_a-nano-freer.o)
 .ARM.attributes
                0x00000be3       0x2c c:/siliconlabs/simplicitystudio/v3/developer/toolchains/gnu_arm/4.8_2013q4/bin/../lib/gcc/arm-none-eabi/4.8.3/../../../../arm-none-eabi/lib/armv6-m\libc_s.a(lib_a-nano-reallocr.o)
 .ARM.attributes
                0x00000c0f       0x2c c:/siliconlabs/simplicitystudio/v3/developer/toolchains/gnu_arm/4.8_2013q4/bin/../lib/gcc/arm-none-eabi/4.8.3/../../../../arm-none-eabi/lib/armv6-m\libc_s.a(lib_a-readr.o)
 .ARM.attributes
                0x00000c3b       0x2c c:/siliconlabs/simplicitystudio/v3/developer/toolchains/gnu_arm/4.8_2013q4/bin/../lib/gcc/arm-none-eabi/4.8.3/../../../../arm-none-eabi/lib/armv6-m\libc_s.a(lib_a-reent.o)
 .ARM.attributes
                0x00000c67       0x2c c:/siliconlabs/simplicitystudio/v3/developer/toolchains/gnu_arm/4.8_2013q4/bin/../lib/gcc/arm-none-eabi/4.8.3/../../../../arm-none-eabi/lib/armv6-m\libc_s.a(lib_a-fstatr.o)
 .ARM.attributes
                0x00000c93       0x2c c:/siliconlabs/simplicitystudio/v3/developer/toolchains/gnu_arm/4.8_2013q4/bin/../lib/gcc/arm-none-eabi/4.8.3/../../../../arm-none-eabi/lib/armv6-m\libc_s.a(lib_a-isattyr.o)
 .ARM.attributes
                0x00000cbf       0x2c c:/siliconlabs/simplicitystudio/v3/developer/toolchains/gnu_arm/4.8_2013q4/bin/../lib/gcc/arm-none-eabi/4.8.3/../../../../arm-none-eabi/lib/armv6-m\libc_s.a(lib_a-nano-msizer.o)
 .ARM.attributes
                0x00000ceb       0x2c c:/siliconlabs/simplicitystudio/v3/developer/toolchains/gnu_arm/4.8_2013q4/bin/../lib/gcc/arm-none-eabi/4.8.3/armv6-m/crtend.o
 .ARM.attributes
                0x00000d17       0x1e c:/siliconlabs/simplicitystudio/v3/developer/toolchains/gnu_arm/4.8_2013q4/bin/../lib/gcc/arm-none-eabi/4.8.3/armv6-m/crtn.o

.comment        0x00000000       0x70
 .comment       0x00000000       0x70 ./src/bmp180.o
                                 0x71 (size before relaxing)
 .comment       0x00000000       0x71 ./src/gps.o
 .comment       0x00000000       0x71 ./src/ina219.o
 .comment       0x00000000       0x71 ./src/l3gd20h.o
 .comment       0x00000000       0x71 ./src/lsm303.o
 .comment       0x00000000       0x71 ./src/main.o
 .comment       0x00000000       0x71 ./src/printer.o
 .comment       0x00000000       0x71 ./src/sd_i2c.o
 .comment       0x00000000       0x71 ./emlib/em_assert.o
 .comment       0x00000000       0x71 ./emlib/em_cmu.o
 .comment       0x00000000       0x71 ./emlib/em_dma.o
 .comment       0x00000000       0x71 ./emlib/em_emu.o
 .comment       0x00000000       0x71 ./emlib/em_gpio.o
 .comment       0x00000000       0x71 ./emlib/em_i2c.o
 .comment       0x00000000       0x71 ./emlib/em_int.o
 .comment       0x00000000       0x71 ./emlib/em_prs.o
 .comment       0x00000000       0x71 ./emlib/em_rtc.o
 .comment       0x00000000       0x71 ./emlib/em_timer.o
 .comment       0x00000000       0x71 ./emlib/em_usart.o
 .comment       0x00000000       0x71 ./Drivers/display.o
 .comment       0x00000000       0x71 ./Drivers/displayls013b7dh03.o
 .comment       0x00000000       0x71 ./Drivers/displaypalemlib.o
 .comment       0x00000000       0x71 ./Drivers/retargetio.o
 .comment       0x00000000       0x71 ./Drivers/retargettextdisplay.o
 .comment       0x00000000       0x71 ./Drivers/textdisplay.o
 .comment       0x00000000       0x71 ./Drivers/udelay.o
 .comment       0x00000000       0x71 ./CMSIS/efm32zg/system_efm32zg.o

.debug_info     0x00000000     0xc9be
 .debug_info    0x00000000      0x2f6 ./src/bmp180.o
 .debug_info    0x000002f6      0xccb ./src/gps.o
 .debug_info    0x00000fc1      0x168 ./src/ina219.o
 .debug_info    0x00001129      0x201 ./src/l3gd20h.o
 .debug_info    0x0000132a      0x2dc ./src/lsm303.o
 .debug_info    0x00001606     0x12bc ./src/main.o
 .debug_info    0x000028c2      0x61a ./src/printer.o
 .debug_info    0x00002edc      0x669 ./src/sd_i2c.o
 .debug_info    0x00003545       0x7a ./emlib/em_assert.o
 .debug_info    0x000035bf      0xf31 ./emlib/em_cmu.o
 .debug_info    0x000044f0      0xf74 ./emlib/em_dma.o
 .debug_info    0x00005464      0x5e7 ./emlib/em_emu.o
 .debug_info    0x00005a4b      0x5a6 ./emlib/em_gpio.o
 .debug_info    0x00005ff1      0x756 ./emlib/em_i2c.o
 .debug_info    0x00006747       0xa4 ./emlib/em_int.o
 .debug_info    0x000067eb      0x205 ./emlib/em_prs.o
 .debug_info    0x000069f0      0x32b ./emlib/em_rtc.o
 .debug_info    0x00006d1b      0x5f3 ./emlib/em_timer.o
 .debug_info    0x0000730e      0xdd3 ./emlib/em_usart.o
 .debug_info    0x000080e1      0x428 ./Drivers/display.o
 .debug_info    0x00008509      0x5ed ./Drivers/displayls013b7dh03.o
 .debug_info    0x00008af6      0xcea ./Drivers/displaypalemlib.o
 .debug_info    0x000097e0      0xdc7 ./Drivers/retargetio.o
 .debug_info    0x0000a5a7      0xc8f ./Drivers/retargettextdisplay.o
 .debug_info    0x0000b236      0x9a4 ./Drivers/textdisplay.o
 .debug_info    0x0000bbda      0x8d1 ./Drivers/udelay.o
 .debug_info    0x0000c4ab       0xec ./CMSIS/efm32zg/startup_efm32zg.o
 .debug_info    0x0000c597      0x427 ./CMSIS/efm32zg/system_efm32zg.o

.debug_abbrev   0x00000000     0x2895
 .debug_abbrev  0x00000000       0xdb ./src/bmp180.o
 .debug_abbrev  0x000000db      0x226 ./src/gps.o
 .debug_abbrev  0x00000301       0x87 ./src/ina219.o
 .debug_abbrev  0x00000388       0xce ./src/l3gd20h.o
 .debug_abbrev  0x00000456       0xc9 ./src/lsm303.o
 .debug_abbrev  0x0000051f      0x2cb ./src/main.o
 .debug_abbrev  0x000007ea      0x134 ./src/printer.o
 .debug_abbrev  0x0000091e      0x16b ./src/sd_i2c.o
 .debug_abbrev  0x00000a89       0x66 ./emlib/em_assert.o
 .debug_abbrev  0x00000aef      0x29c ./emlib/em_cmu.o
 .debug_abbrev  0x00000d8b      0x238 ./emlib/em_dma.o
 .debug_abbrev  0x00000fc3      0x1c6 ./emlib/em_emu.o
 .debug_abbrev  0x00001189      0x1aa ./emlib/em_gpio.o
 .debug_abbrev  0x00001333      0x217 ./emlib/em_i2c.o
 .debug_abbrev  0x0000154a       0x45 ./emlib/em_int.o
 .debug_abbrev  0x0000158f       0xe4 ./emlib/em_prs.o
 .debug_abbrev  0x00001673      0x16e ./emlib/em_rtc.o
 .debug_abbrev  0x000017e1      0x13d ./emlib/em_timer.o
 .debug_abbrev  0x0000191e      0x1e7 ./emlib/em_usart.o
 .debug_abbrev  0x00001b05       0xf3 ./Drivers/display.o
 .debug_abbrev  0x00001bf8      0x165 ./Drivers/displayls013b7dh03.o
 .debug_abbrev  0x00001d5d      0x1cb ./Drivers/displaypalemlib.o
 .debug_abbrev  0x00001f28      0x253 ./Drivers/retargetio.o
 .debug_abbrev  0x0000217b      0x1d6 ./Drivers/retargettextdisplay.o
 .debug_abbrev  0x00002351      0x1d8 ./Drivers/textdisplay.o
 .debug_abbrev  0x00002529      0x1fa ./Drivers/udelay.o
 .debug_abbrev  0x00002723       0x14 ./CMSIS/efm32zg/startup_efm32zg.o
 .debug_abbrev  0x00002737      0x15e ./CMSIS/efm32zg/system_efm32zg.o

.debug_loc      0x00000000     0x34fe
 .debug_loc     0x00000000       0xe8 ./src/bmp180.o
 .debug_loc     0x000000e8      0x226 ./src/gps.o
 .debug_loc     0x0000030e       0xdc ./src/ina219.o
 .debug_loc     0x000003ea      0x114 ./src/l3gd20h.o
 .debug_loc     0x000004fe      0x140 ./src/lsm303.o
 .debug_loc     0x0000063e      0x4cc ./src/main.o
 .debug_loc     0x00000b0a       0x9e ./src/printer.o
 .debug_loc     0x00000ba8      0x118 ./src/sd_i2c.o
 .debug_loc     0x00000cc0       0x38 ./emlib/em_assert.o
 .debug_loc     0x00000cf8      0x728 ./emlib/em_cmu.o
 .debug_loc     0x00001420      0x3f0 ./emlib/em_dma.o
 .debug_loc     0x00001810      0x22c ./emlib/em_emu.o
 .debug_loc     0x00001a3c      0x1f8 ./emlib/em_gpio.o
 .debug_loc     0x00001c34      0x1c0 ./emlib/em_i2c.o
 .debug_loc     0x00001df4       0x70 ./emlib/em_prs.o
 .debug_loc     0x00001e64      0x1a8 ./emlib/em_rtc.o
 .debug_loc     0x0000200c       0xa8 ./emlib/em_timer.o
 .debug_loc     0x000020b4      0x49a ./emlib/em_usart.o
 .debug_loc     0x0000254e       0xe0 ./Drivers/display.o
 .debug_loc     0x0000262e      0x1c0 ./Drivers/displayls013b7dh03.o
 .debug_loc     0x000027ee      0x3f0 ./Drivers/displaypalemlib.o
 .debug_loc     0x00002bde      0x224 ./Drivers/retargetio.o
 .debug_loc     0x00002e02       0xd6 ./Drivers/retargettextdisplay.o
 .debug_loc     0x00002ed8      0x26a ./Drivers/textdisplay.o
 .debug_loc     0x00003142      0x1d4 ./Drivers/udelay.o
 .debug_loc     0x00003316      0x1e8 ./CMSIS/efm32zg/system_efm32zg.o

.debug_aranges  0x00000000      0xa90
 .debug_aranges
                0x00000000       0x40 ./src/bmp180.o
 .debug_aranges
                0x00000040       0x68 ./src/gps.o
 .debug_aranges
                0x000000a8       0x40 ./src/ina219.o
 .debug_aranges
                0x000000e8       0x48 ./src/l3gd20h.o
 .debug_aranges
                0x00000130       0x50 ./src/lsm303.o
 .debug_aranges
                0x00000180       0xd0 ./src/main.o
 .debug_aranges
                0x00000250       0x30 ./src/printer.o
 .debug_aranges
                0x00000280       0x40 ./src/sd_i2c.o
 .debug_aranges
                0x000002c0       0x20 ./emlib/em_assert.o
 .debug_aranges
                0x000002e0      0x128 ./emlib/em_cmu.o
 .debug_aranges
                0x00000408       0xa8 ./emlib/em_dma.o
 .debug_aranges
                0x000004b0       0x70 ./emlib/em_emu.o
 .debug_aranges
                0x00000520       0x60 ./emlib/em_gpio.o
 .debug_aranges
                0x00000580       0x58 ./emlib/em_i2c.o
 .debug_aranges
                0x000005d8       0x18 ./emlib/em_int.o
 .debug_aranges
                0x000005f0       0x28 ./emlib/em_prs.o
 .debug_aranges
                0x00000618       0x58 ./emlib/em_rtc.o
 .debug_aranges
                0x00000670       0x30 ./emlib/em_timer.o
 .debug_aranges
                0x000006a0       0xc0 ./emlib/em_usart.o
 .debug_aranges
                0x00000760       0x38 ./Drivers/display.o
 .debug_aranges
                0x00000798       0x58 ./Drivers/displayls013b7dh03.o
 .debug_aranges
                0x000007f0       0xa8 ./Drivers/displaypalemlib.o
 .debug_aranges
                0x00000898       0x68 ./Drivers/retargetio.o
 .debug_aranges
                0x00000900       0x38 ./Drivers/retargettextdisplay.o
 .debug_aranges
                0x00000938       0x70 ./Drivers/textdisplay.o
 .debug_aranges
                0x000009a8       0x60 ./Drivers/udelay.o
 .debug_aranges
                0x00000a08       0x20 ./CMSIS/efm32zg/startup_efm32zg.o
 .debug_aranges
                0x00000a28       0x68 ./CMSIS/efm32zg/system_efm32zg.o

.debug_ranges   0x00000000      0x8b8
 .debug_ranges  0x00000000       0x30 ./src/bmp180.o
 .debug_ranges  0x00000030       0x58 ./src/gps.o
 .debug_ranges  0x00000088       0x30 ./src/ina219.o
 .debug_ranges  0x000000b8       0x38 ./src/l3gd20h.o
 .debug_ranges  0x000000f0       0x40 ./src/lsm303.o
 .debug_ranges  0x00000130       0xc0 ./src/main.o
 .debug_ranges  0x000001f0       0x20 ./src/printer.o
 .debug_ranges  0x00000210       0x30 ./src/sd_i2c.o
 .debug_ranges  0x00000240       0x10 ./emlib/em_assert.o
 .debug_ranges  0x00000250      0x118 ./emlib/em_cmu.o
 .debug_ranges  0x00000368       0x98 ./emlib/em_dma.o
 .debug_ranges  0x00000400       0x60 ./emlib/em_emu.o
 .debug_ranges  0x00000460       0x50 ./emlib/em_gpio.o
 .debug_ranges  0x000004b0       0x48 ./emlib/em_i2c.o
 .debug_ranges  0x000004f8       0x18 ./emlib/em_prs.o
 .debug_ranges  0x00000510       0x48 ./emlib/em_rtc.o
 .debug_ranges  0x00000558       0x20 ./emlib/em_timer.o
 .debug_ranges  0x00000578       0xb0 ./emlib/em_usart.o
 .debug_ranges  0x00000628       0x28 ./Drivers/display.o
 .debug_ranges  0x00000650       0x48 ./Drivers/displayls013b7dh03.o
 .debug_ranges  0x00000698       0x98 ./Drivers/displaypalemlib.o
 .debug_ranges  0x00000730       0x58 ./Drivers/retargetio.o
 .debug_ranges  0x00000788       0x28 ./Drivers/retargettextdisplay.o
 .debug_ranges  0x000007b0       0x60 ./Drivers/textdisplay.o
 .debug_ranges  0x00000810       0x50 ./Drivers/udelay.o
 .debug_ranges  0x00000860       0x58 ./CMSIS/efm32zg/system_efm32zg.o

.debug_line     0x00000000     0x7f31
 .debug_line    0x00000000      0x132 ./src/bmp180.o
 .debug_line    0x00000132      0x455 ./src/gps.o
 .debug_line    0x00000587       0x92 ./src/ina219.o
 .debug_line    0x00000619      0x126 ./src/l3gd20h.o
 .debug_line    0x0000073f      0x139 ./src/lsm303.o
 .debug_line    0x00000878      0x528 ./src/main.o
 .debug_line    0x00000da0      0x2a2 ./src/printer.o
 .debug_line    0x00001042      0x201 ./src/sd_i2c.o
 .debug_line    0x00001243       0xd9 ./emlib/em_assert.o
 .debug_line    0x0000131c      0xc06 ./emlib/em_cmu.o
 .debug_line    0x00001f22      0x972 ./emlib/em_dma.o
 .debug_line    0x00002894      0x7d3 ./emlib/em_emu.o
 .debug_line    0x00003067      0x7d0 ./emlib/em_gpio.o
 .debug_line    0x00003837      0x7f9 ./emlib/em_i2c.o
 .debug_line    0x00004030      0x63b ./emlib/em_int.o
 .debug_line    0x0000466b      0x685 ./emlib/em_prs.o
 .debug_line    0x00004cf0      0x73c ./emlib/em_rtc.o
 .debug_line    0x0000542c      0x7ac ./emlib/em_timer.o
 .debug_line    0x00005bd8      0x9d5 ./emlib/em_usart.o
 .debug_line    0x000065ad      0x1c0 ./Drivers/display.o
 .debug_line    0x0000676d      0x267 ./Drivers/displayls013b7dh03.o
 .debug_line    0x000069d4      0x49c ./Drivers/displaypalemlib.o
 .debug_line    0x00006e70      0x348 ./Drivers/retargetio.o
 .debug_line    0x000071b8      0x2bb ./Drivers/retargettextdisplay.o
 .debug_line    0x00007473      0x42e ./Drivers/textdisplay.o
 .debug_line    0x000078a1      0x395 ./Drivers/udelay.o
 .debug_line    0x00007c36       0xc0 ./CMSIS/efm32zg/startup_efm32zg.o
 .debug_line    0x00007cf6      0x23b ./CMSIS/efm32zg/system_efm32zg.o

.debug_str      0x00000000    0x5efe1
 .debug_str     0x00000000      0x1da ./src/bmp180.o
                                0x296 (size before relaxing)
 .debug_str     0x000001da      0x917 ./src/gps.o
                                0xb2b (size before relaxing)
 .debug_str     0x00000af1       0xa9 ./src/ina219.o
                                0x280 (size before relaxing)
 .debug_str     0x00000b9a       0x9e ./src/l3gd20h.o
                                0x285 (size before relaxing)
 .debug_str     0x00000c38       0xc4 ./src/lsm303.o
                                0x2c5 (size before relaxing)
 .debug_str     0x00000cfc      0x5e6 ./src/main.o
                                0xdeb (size before relaxing)
 .debug_str     0x000012e2       0x2f ./src/printer.o
                                0x2e5 (size before relaxing)
 .debug_str     0x00001311      0x1cf ./src/sd_i2c.o
                                0x705 (size before relaxing)
 .debug_str     0x000014e0     0x2385 ./emlib/em_assert.o
                               0x2394 (size before relaxing)
 .debug_str     0x00003865    0x57c0c ./emlib/em_cmu.o
                              0x5a46b (size before relaxing)
 .debug_str     0x0005b471      0xf4d ./emlib/em_dma.o
                              0x5ad79 (size before relaxing)
 .debug_str     0x0005c3be      0x199 ./emlib/em_emu.o
                              0x59dcf (size before relaxing)
 .debug_str     0x0005c557      0x54e ./emlib/em_gpio.o
                              0x59bc2 (size before relaxing)
 .debug_str     0x0005caa5      0x328 ./emlib/em_i2c.o
                              0x5a144 (size before relaxing)
 .debug_str     0x0005cdcd       0x75 ./emlib/em_int.o
                              0x59329 (size before relaxing)
 .debug_str     0x0005ce42      0x112 ./emlib/em_prs.o
                              0x5943f (size before relaxing)
 .debug_str     0x0005cf54      0x154 ./emlib/em_rtc.o
                              0x59516 (size before relaxing)
 .debug_str     0x0005d0a8      0x443 ./emlib/em_timer.o
                              0x59a9e (size before relaxing)
 .debug_str     0x0005d4eb      0x8e1 ./emlib/em_usart.o
                              0x5a870 (size before relaxing)
 .debug_str     0x0005ddcc      0x2df ./Drivers/display.o
                                0x46b (size before relaxing)
 .debug_str     0x0005e0ab      0x11f ./Drivers/displayls013b7dh03.o
                                0x51c (size before relaxing)
 .debug_str     0x0005e1ca      0x1bf ./Drivers/displaypalemlib.o
                                0xbc2 (size before relaxing)
 .debug_str     0x0005e389      0x525 ./Drivers/retargetio.o
                                0x76c (size before relaxing)
 .debug_str     0x0005e8ae      0x12a ./Drivers/retargettextdisplay.o
                                0x866 (size before relaxing)
 .debug_str     0x0005e9d8      0x343 ./Drivers/textdisplay.o
                                0x71a (size before relaxing)
 .debug_str     0x0005ed1b      0x16e ./Drivers/udelay.o
                                0x83e (size before relaxing)
 .debug_str     0x0005ee89      0x158 ./CMSIS/efm32zg/system_efm32zg.o
                                0x3fa (size before relaxing)

.debug_frame    0x00000000     0x2a38
 .debug_frame   0x00000000       0xa4 ./src/bmp180.o
 .debug_frame   0x000000a4      0x150 ./src/gps.o
 .debug_frame   0x000001f4       0x9c ./src/ina219.o
 .debug_frame   0x00000290       0xbc ./src/l3gd20h.o
 .debug_frame   0x0000034c       0xd8 ./src/lsm303.o
 .debug_frame   0x00000424      0x2e0 ./src/main.o
 .debug_frame   0x00000704       0x6c ./src/printer.o
 .debug_frame   0x00000770       0xb0 ./src/sd_i2c.o
 .debug_frame   0x00000820       0x30 ./emlib/em_assert.o
 .debug_frame   0x00000850      0x438 ./emlib/em_cmu.o
 .debug_frame   0x00000c88      0x250 ./emlib/em_dma.o
 .debug_frame   0x00000ed8      0x15c ./emlib/em_emu.o
 .debug_frame   0x00001034      0x134 ./emlib/em_gpio.o
 .debug_frame   0x00001168      0x110 ./emlib/em_i2c.o
 .debug_frame   0x00001278       0x50 ./emlib/em_prs.o
 .debug_frame   0x000012c8      0x108 ./emlib/em_rtc.o
 .debug_frame   0x000013d0       0x70 ./emlib/em_timer.o
 .debug_frame   0x00001440      0x2b4 ./emlib/em_usart.o
 .debug_frame   0x000016f4       0x90 ./Drivers/display.o
 .debug_frame   0x00001784      0x110 ./Drivers/displayls013b7dh03.o
 .debug_frame   0x00001894      0x250 ./Drivers/displaypalemlib.o
 .debug_frame   0x00001ae4      0x14c ./Drivers/retargetio.o
 .debug_frame   0x00001c30       0x8c ./Drivers/retargettextdisplay.o
 .debug_frame   0x00001cbc      0x170 ./Drivers/textdisplay.o
 .debug_frame   0x00001e2c      0x124 ./Drivers/udelay.o
 .debug_frame   0x00001f50      0x138 ./CMSIS/efm32zg/system_efm32zg.o
 .debug_frame   0x00002088       0x20 c:/siliconlabs/simplicitystudio/v3/developer/toolchains/gnu_arm/4.8_2013q4/bin/../lib/gcc/arm-none-eabi/4.8.3/armv6-m\libgcc.a(_udivsi3.o)
 .debug_frame   0x000020a8       0x20 c:/siliconlabs/simplicitystudio/v3/developer/toolchains/gnu_arm/4.8_2013q4/bin/../lib/gcc/arm-none-eabi/4.8.3/armv6-m\libgcc.a(_divsi3.o)
 .debug_frame   0x000020c8       0x3c c:/siliconlabs/simplicitystudio/v3/developer/toolchains/gnu_arm/4.8_2013q4/bin/../lib/gcc/arm-none-eabi/4.8.3/armv6-m\libgcc.a(muldf3.o)
 .debug_frame   0x00002104       0x2c c:/siliconlabs/simplicitystudio/v3/developer/toolchains/gnu_arm/4.8_2013q4/bin/../lib/gcc/arm-none-eabi/4.8.3/armv6-m\libgcc.a(fixdfsi.o)
 .debug_frame   0x00002130       0x30 c:/siliconlabs/simplicitystudio/v3/developer/toolchains/gnu_arm/4.8_2013q4/bin/../lib/gcc/arm-none-eabi/4.8.3/armv6-m\libgcc.a(floatsidf.o)
 .debug_frame   0x00002160       0x28 c:/siliconlabs/simplicitystudio/v3/developer/toolchains/gnu_arm/4.8_2013q4/bin/../lib/gcc/arm-none-eabi/4.8.3/../../../../arm-none-eabi/lib/armv6-m\libc_s.a(lib_a-exit.o)
 .debug_frame   0x00002188       0x2c c:/siliconlabs/simplicitystudio/v3/developer/toolchains/gnu_arm/4.8_2013q4/bin/../lib/gcc/arm-none-eabi/4.8.3/../../../../arm-none-eabi/lib/armv6-m\libc_s.a(lib_a-fileno.o)
 .debug_frame   0x000021b4      0x148 c:/siliconlabs/simplicitystudio/v3/developer/toolchains/gnu_arm/4.8_2013q4/bin/../lib/gcc/arm-none-eabi/4.8.3/../../../../arm-none-eabi/lib/armv6-m\libc_s.a(lib_a-findfp.o)
 .debug_frame   0x000022fc       0x2c c:/siliconlabs/simplicitystudio/v3/developer/toolchains/gnu_arm/4.8_2013q4/bin/../lib/gcc/arm-none-eabi/4.8.3/../../../../arm-none-eabi/lib/armv6-m\libc_s.a(lib_a-init.o)
 .debug_frame   0x00002328       0x28 c:/siliconlabs/simplicitystudio/v3/developer/toolchains/gnu_arm/4.8_2013q4/bin/../lib/gcc/arm-none-eabi/4.8.3/../../../../arm-none-eabi/lib/armv6-m\libc_s.a(lib_a-memcpy-stub.o)
 .debug_frame   0x00002350       0x20 c:/siliconlabs/simplicitystudio/v3/developer/toolchains/gnu_arm/4.8_2013q4/bin/../lib/gcc/arm-none-eabi/4.8.3/../../../../arm-none-eabi/lib/armv6-m\libc_s.a(lib_a-memset.o)
 .debug_frame   0x00002370       0x2c c:/siliconlabs/simplicitystudio/v3/developer/toolchains/gnu_arm/4.8_2013q4/bin/../lib/gcc/arm-none-eabi/4.8.3/../../../../arm-none-eabi/lib/armv6-m\libc_s.a(lib_a-nano-mallocr.o)
 .debug_frame   0x0000239c       0x50 c:/siliconlabs/simplicitystudio/v3/developer/toolchains/gnu_arm/4.8_2013q4/bin/../lib/gcc/arm-none-eabi/4.8.3/../../../../arm-none-eabi/lib/armv6-m\libc_s.a(lib_a-printf.o)
 .debug_frame   0x000023ec       0x2c c:/siliconlabs/simplicitystudio/v3/developer/toolchains/gnu_arm/4.8_2013q4/bin/../lib/gcc/arm-none-eabi/4.8.3/../../../../arm-none-eabi/lib/armv6-m\libc_s.a(lib_a-sbrkr.o)
 .debug_frame   0x00002418       0x34 c:/siliconlabs/simplicitystudio/v3/developer/toolchains/gnu_arm/4.8_2013q4/bin/../lib/gcc/arm-none-eabi/4.8.3/../../../../arm-none-eabi/lib/armv6-m\libc_s.a(lib_a-setvbuf.o)
 .debug_frame   0x0000244c       0x4c c:/siliconlabs/simplicitystudio/v3/developer/toolchains/gnu_arm/4.8_2013q4/bin/../lib/gcc/arm-none-eabi/4.8.3/../../../../arm-none-eabi/lib/armv6-m\libc_s.a(lib_a-sprintf.o)
 .debug_frame   0x00002498       0x90 c:/siliconlabs/simplicitystudio/v3/developer/toolchains/gnu_arm/4.8_2013q4/bin/../lib/gcc/arm-none-eabi/4.8.3/../../../../arm-none-eabi/lib/armv6-m\libc_s.a(lib_a-stdio.o)
 .debug_frame   0x00002528       0x20 c:/siliconlabs/simplicitystudio/v3/developer/toolchains/gnu_arm/4.8_2013q4/bin/../lib/gcc/arm-none-eabi/4.8.3/../../../../arm-none-eabi/lib/armv6-m\libc_s.a(lib_a-strlen.o)
 .debug_frame   0x00002548       0x28 c:/siliconlabs/simplicitystudio/v3/developer/toolchains/gnu_arm/4.8_2013q4/bin/../lib/gcc/arm-none-eabi/4.8.3/../../../../arm-none-eabi/lib/armv6-m\libc_s.a(lib_a-strncmp.o)
 .debug_frame   0x00002570       0x74 c:/siliconlabs/simplicitystudio/v3/developer/toolchains/gnu_arm/4.8_2013q4/bin/../lib/gcc/arm-none-eabi/4.8.3/../../../../arm-none-eabi/lib/armv6-m\libc_s.a(lib_a-svfprintf.o)
 .debug_frame   0x000025e4       0xa0 c:/siliconlabs/simplicitystudio/v3/developer/toolchains/gnu_arm/4.8_2013q4/bin/../lib/gcc/arm-none-eabi/4.8.3/../../../../arm-none-eabi/lib/armv6-m\libc_s.a(lib_a-vfprintf.o)
 .debug_frame   0x00002684       0x54 c:/siliconlabs/simplicitystudio/v3/developer/toolchains/gnu_arm/4.8_2013q4/bin/../lib/gcc/arm-none-eabi/4.8.3/../../../../arm-none-eabi/lib/armv6-m\libc_s.a(lib_a-vfprintf_i.o)
 .debug_frame   0x000026d8       0x44 c:/siliconlabs/simplicitystudio/v3/developer/toolchains/gnu_arm/4.8_2013q4/bin/../lib/gcc/arm-none-eabi/4.8.3/../../../../arm-none-eabi/lib/armv6-m\libc_s.a(lib_a-wbuf.o)
 .debug_frame   0x0000271c       0x2c c:/siliconlabs/simplicitystudio/v3/developer/toolchains/gnu_arm/4.8_2013q4/bin/../lib/gcc/arm-none-eabi/4.8.3/../../../../arm-none-eabi/lib/armv6-m\libc_s.a(lib_a-writer.o)
 .debug_frame   0x00002748       0x2c c:/siliconlabs/simplicitystudio/v3/developer/toolchains/gnu_arm/4.8_2013q4/bin/../lib/gcc/arm-none-eabi/4.8.3/../../../../arm-none-eabi/lib/armv6-m\libc_s.a(lib_a-wsetup.o)
 .debug_frame   0x00002774       0x2c c:/siliconlabs/simplicitystudio/v3/developer/toolchains/gnu_arm/4.8_2013q4/bin/../lib/gcc/arm-none-eabi/4.8.3/../../../../arm-none-eabi/lib/armv6-m\libc_s.a(lib_a-closer.o)
 .debug_frame   0x000027a0       0x68 c:/siliconlabs/simplicitystudio/v3/developer/toolchains/gnu_arm/4.8_2013q4/bin/../lib/gcc/arm-none-eabi/4.8.3/../../../../arm-none-eabi/lib/armv6-m\libc_s.a(lib_a-fflush.o)
 .debug_frame   0x00002808       0x2c c:/siliconlabs/simplicitystudio/v3/developer/toolchains/gnu_arm/4.8_2013q4/bin/../lib/gcc/arm-none-eabi/4.8.3/../../../../arm-none-eabi/lib/armv6-m\libc_s.a(lib_a-lseekr.o)
 .debug_frame   0x00002834       0x30 c:/siliconlabs/simplicitystudio/v3/developer/toolchains/gnu_arm/4.8_2013q4/bin/../lib/gcc/arm-none-eabi/4.8.3/../../../../arm-none-eabi/lib/armv6-m\libc_s.a(lib_a-makebuf.o)
 .debug_frame   0x00002864       0x40 c:/siliconlabs/simplicitystudio/v3/developer/toolchains/gnu_arm/4.8_2013q4/bin/../lib/gcc/arm-none-eabi/4.8.3/../../../../arm-none-eabi/lib/armv6-m\libc_s.a(lib_a-malloc.o)
 .debug_frame   0x000028a4       0x20 c:/siliconlabs/simplicitystudio/v3/developer/toolchains/gnu_arm/4.8_2013q4/bin/../lib/gcc/arm-none-eabi/4.8.3/../../../../arm-none-eabi/lib/armv6-m\libc_s.a(lib_a-memchr-stub.o)
 .debug_frame   0x000028c4       0x2c c:/siliconlabs/simplicitystudio/v3/developer/toolchains/gnu_arm/4.8_2013q4/bin/../lib/gcc/arm-none-eabi/4.8.3/../../../../arm-none-eabi/lib/armv6-m\libc_s.a(lib_a-memmove.o)
 .debug_frame   0x000028f0       0x2c c:/siliconlabs/simplicitystudio/v3/developer/toolchains/gnu_arm/4.8_2013q4/bin/../lib/gcc/arm-none-eabi/4.8.3/../../../../arm-none-eabi/lib/armv6-m\libc_s.a(lib_a-nano-freer.o)
 .debug_frame   0x0000291c       0x30 c:/siliconlabs/simplicitystudio/v3/developer/toolchains/gnu_arm/4.8_2013q4/bin/../lib/gcc/arm-none-eabi/4.8.3/../../../../arm-none-eabi/lib/armv6-m\libc_s.a(lib_a-nano-reallocr.o)
 .debug_frame   0x0000294c       0x2c c:/siliconlabs/simplicitystudio/v3/developer/toolchains/gnu_arm/4.8_2013q4/bin/../lib/gcc/arm-none-eabi/4.8.3/../../../../arm-none-eabi/lib/armv6-m\libc_s.a(lib_a-readr.o)
 .debug_frame   0x00002978       0x48 c:/siliconlabs/simplicitystudio/v3/developer/toolchains/gnu_arm/4.8_2013q4/bin/../lib/gcc/arm-none-eabi/4.8.3/../../../../arm-none-eabi/lib/armv6-m\libc_s.a(lib_a-reent.o)
 .debug_frame   0x000029c0       0x2c c:/siliconlabs/simplicitystudio/v3/developer/toolchains/gnu_arm/4.8_2013q4/bin/../lib/gcc/arm-none-eabi/4.8.3/../../../../arm-none-eabi/lib/armv6-m\libc_s.a(lib_a-fstatr.o)
 .debug_frame   0x000029ec       0x2c c:/siliconlabs/simplicitystudio/v3/developer/toolchains/gnu_arm/4.8_2013q4/bin/../lib/gcc/arm-none-eabi/4.8.3/../../../../arm-none-eabi/lib/armv6-m\libc_s.a(lib_a-isattyr.o)
 .debug_frame   0x00002a18       0x20 c:/siliconlabs/simplicitystudio/v3/developer/toolchains/gnu_arm/4.8_2013q4/bin/../lib/gcc/arm-none-eabi/4.8.3/../../../../arm-none-eabi/lib/armv6-m\libc_s.a(lib_a-nano-msizer.o)

.debug_macro    0x00000000     0x1f38
 .debug_macro   0x00000000       0x1a ./emlib/em_assert.o
 .debug_macro   0x0000001a      0x2da ./emlib/em_cmu.o
 .debug_macro   0x000002f4       0x11 ./emlib/em_cmu.o
 .debug_macro   0x00000305      0x30b ./emlib/em_dma.o
 .debug_macro   0x00000610       0x1c ./emlib/em_dma.o
 .debug_macro   0x0000062c       0x10 ./emlib/em_dma.o
 .debug_macro   0x0000063c       0x10 ./emlib/em_dma.o
 .debug_macro   0x0000064c       0x22 ./emlib/em_dma.o
 .debug_macro   0x0000066e       0xbd ./emlib/em_dma.o
 .debug_macro   0x0000072b       0x16 ./emlib/em_dma.o
 .debug_macro   0x00000741      0x14a ./emlib/em_dma.o
 .debug_macro   0x0000088b      0x2c4 ./emlib/em_emu.o
 .debug_macro   0x00000b4f      0x2b5 ./emlib/em_gpio.o
 .debug_macro   0x00000e04       0x76 ./emlib/em_gpio.o
 .debug_macro   0x00000e7a      0x2d2 ./emlib/em_i2c.o
 .debug_macro   0x0000114c       0x3f ./emlib/em_i2c.o
 .debug_macro   0x0000118b      0x28d ./emlib/em_int.o
 .debug_macro   0x00001418      0x297 ./emlib/em_prs.o
 .debug_macro   0x000016af      0x2b6 ./emlib/em_rtc.o
 .debug_macro   0x00001965      0x2a9 ./emlib/em_timer.o
 .debug_macro   0x00001c0e       0x1e ./emlib/em_timer.o
 .debug_macro   0x00001c2c      0x2e5 ./emlib/em_usart.o
 .debug_macro   0x00001f11       0x27 ./emlib/em_usart.o