Archive member included because of file (symbol)

c:/siliconlabs/simplicitystudio/v3/developer/toolchains/gnu_arm/4.8_2013q4/bin/../lib/gcc/arm-none-eabi/4.8.3/armv6-m\libgcc.a(_udivsi3.o)
                              ./emlib/em_adc.o (__aeabi_uidiv)
c:/siliconlabs/simplicitystudio/v3/developer/toolchains/gnu_arm/4.8_2013q4/bin/../lib/gcc/arm-none-eabi/4.8.3/armv6-m\libgcc.a(_dvmd_tls.o)
                              c:/siliconlabs/simplicitystudio/v3/developer/toolchains/gnu_arm/4.8_2013q4/bin/../lib/gcc/arm-none-eabi/4.8.3/armv6-m\libgcc.a(_udivsi3.o) (__aeabi_idiv0)
c:/siliconlabs/simplicitystudio/v3/developer/toolchains/gnu_arm/4.8_2013q4/bin/../lib/gcc/arm-none-eabi/4.8.3/armv6-m\libgcc.a(_aeabi_uldivmod.o)
                              ./emlib/em_usart.o (__aeabi_uldivmod)
c:/siliconlabs/simplicitystudio/v3/developer/toolchains/gnu_arm/4.8_2013q4/bin/../lib/gcc/arm-none-eabi/4.8.3/armv6-m\libgcc.a(_muldi3.o)
                              ./emlib/em_usart.o (__aeabi_lmul)
c:/siliconlabs/simplicitystudio/v3/developer/toolchains/gnu_arm/4.8_2013q4/bin/../lib/gcc/arm-none-eabi/4.8.3/armv6-m\libgcc.a(bpabi.o)
                              c:/siliconlabs/simplicitystudio/v3/developer/toolchains/gnu_arm/4.8_2013q4/bin/../lib/gcc/arm-none-eabi/4.8.3/armv6-m\libgcc.a(_aeabi_uldivmod.o) (__gnu_uldivmod_helper)
c:/siliconlabs/simplicitystudio/v3/developer/toolchains/gnu_arm/4.8_2013q4/bin/../lib/gcc/arm-none-eabi/4.8.3/armv6-m\libgcc.a(_divdi3.o)
                              c:/siliconlabs/simplicitystudio/v3/developer/toolchains/gnu_arm/4.8_2013q4/bin/../lib/gcc/arm-none-eabi/4.8.3/armv6-m\libgcc.a(bpabi.o) (__divdi3)
c:/siliconlabs/simplicitystudio/v3/developer/toolchains/gnu_arm/4.8_2013q4/bin/../lib/gcc/arm-none-eabi/4.8.3/armv6-m\libgcc.a(_udivdi3.o)
                              c:/siliconlabs/simplicitystudio/v3/developer/toolchains/gnu_arm/4.8_2013q4/bin/../lib/gcc/arm-none-eabi/4.8.3/armv6-m\libgcc.a(bpabi.o) (__udivdi3)
c:/siliconlabs/simplicitystudio/v3/developer/toolchains/gnu_arm/4.8_2013q4/bin/../lib/gcc/arm-none-eabi/4.8.3/armv6-m\libgcc.a(_clzsi2.o)
                              c:/siliconlabs/simplicitystudio/v3/developer/toolchains/gnu_arm/4.8_2013q4/bin/../lib/gcc/arm-none-eabi/4.8.3/armv6-m\libgcc.a(_divdi3.o) (__clzsi2)
c:/siliconlabs/simplicitystudio/v3/developer/toolchains/gnu_arm/4.8_2013q4/bin/../lib/gcc/arm-none-eabi/4.8.3/../../../../arm-none-eabi/lib/armv6-m\libc_s.a(lib_a-ctype_.o)
                              ./Drivers/textdisplay.o (__ctype_ptr__)
c:/siliconlabs/simplicitystudio/v3/developer/toolchains/gnu_arm/4.8_2013q4/bin/../lib/gcc/arm-none-eabi/4.8.3/../../../../arm-none-eabi/lib/armv6-m\libc_s.a(lib_a-exit.o)
                              c:/siliconlabs/simplicitystudio/v3/developer/toolchains/gnu_arm/4.8_2013q4/bin/../lib/gcc/arm-none-eabi/4.8.3/../../../../arm-none-eabi/lib/armv6-m/crt0.o (exit)
c:/siliconlabs/simplicitystudio/v3/developer/toolchains/gnu_arm/4.8_2013q4/bin/../lib/gcc/arm-none-eabi/4.8.3/../../../../arm-none-eabi/lib/armv6-m\libc_s.a(lib_a-fileno.o)
                              ./Drivers/retargetio.o (fileno)
c:/siliconlabs/simplicitystudio/v3/developer/toolchains/gnu_arm/4.8_2013q4/bin/../lib/gcc/arm-none-eabi/4.8.3/../../../../arm-none-eabi/lib/armv6-m\libc_s.a(lib_a-findfp.o)
                              c:/siliconlabs/simplicitystudio/v3/developer/toolchains/gnu_arm/4.8_2013q4/bin/../lib/gcc/arm-none-eabi/4.8.3/../../../../arm-none-eabi/lib/armv6-m\libc_s.a(lib_a-fileno.o) (__sinit)
c:/siliconlabs/simplicitystudio/v3/developer/toolchains/gnu_arm/4.8_2013q4/bin/../lib/gcc/arm-none-eabi/4.8.3/../../../../arm-none-eabi/lib/armv6-m\libc_s.a(lib_a-fwalk.o)
                              c:/siliconlabs/simplicitystudio/v3/developer/toolchains/gnu_arm/4.8_2013q4/bin/../lib/gcc/arm-none-eabi/4.8.3/../../../../arm-none-eabi/lib/armv6-m\libc_s.a(lib_a-findfp.o) (_fwalk)
c:/siliconlabs/simplicitystudio/v3/developer/toolchains/gnu_arm/4.8_2013q4/bin/../lib/gcc/arm-none-eabi/4.8.3/../../../../arm-none-eabi/lib/armv6-m\libc_s.a(lib_a-impure.o)
                              c:/siliconlabs/simplicitystudio/v3/developer/toolchains/gnu_arm/4.8_2013q4/bin/../lib/gcc/arm-none-eabi/4.8.3/../../../../arm-none-eabi/lib/armv6-m\libc_s.a(lib_a-exit.o) (_global_impure_ptr)
c:/siliconlabs/simplicitystudio/v3/developer/toolchains/gnu_arm/4.8_2013q4/bin/../lib/gcc/arm-none-eabi/4.8.3/../../../../arm-none-eabi/lib/armv6-m\libc_s.a(lib_a-init.o)
                              c:/siliconlabs/simplicitystudio/v3/developer/toolchains/gnu_arm/4.8_2013q4/bin/../lib/gcc/arm-none-eabi/4.8.3/../../../../arm-none-eabi/lib/armv6-m/crt0.o (__libc_init_array)
c:/siliconlabs/simplicitystudio/v3/developer/toolchains/gnu_arm/4.8_2013q4/bin/../lib/gcc/arm-none-eabi/4.8.3/../../../../arm-none-eabi/lib/armv6-m\libc_s.a(lib_a-memcpy-stub.o)
                              ./Drivers/display.o (memcpy)
[...]
Memory Configuration

Name             Origin             Length             Attributes
FLASH            0x00000000         0x00008000         xr
RAM              0x20000000         0x00001000         xrw
*default*        0x00000000         0xffffffff

Linker script and memory map

LOAD c:/siliconlabs/simplicitystudio/v3/developer/toolchains/gnu_arm/4.8_2013q4/bin/../lib/gcc/arm-none-eabi/4.8.3/armv6-m/crti.o
LOAD c:/siliconlabs/simplicitystudio/v3/developer/toolchains/gnu_arm/4.8_2013q4/bin/../lib/gcc/arm-none-eabi/4.8.3/armv6-m/crtbegin.o
LOAD c:/siliconlabs/simplicitystudio/v3/developer/toolchains/gnu_arm/4.8_2013q4/bin/../lib/gcc/arm-none-eabi/4.8.3/../../../../arm-none-eabi/lib/armv6-m/crt0.o
LOAD ./src/sdwip_1.o
LOAD ./emlib/em_acmp.o
LOAD ./emlib/em_adc.o
LOAD ./emlib/em_aes.o
LOAD ./emlib/em_assert.o
LOAD ./emlib/em_burtc.o
LOAD ./emlib/em_cmu.o
LOAD ./emlib/em_crc.o
LOAD ./emlib/em_cryotimer.o
LOAD ./emlib/em_dac.o
LOAD ./emlib/em_dbg.o
LOAD ./emlib/em_dma.o
LOAD ./emlib/em_ebi.o
LOAD ./emlib/em_emu.o
LOAD ./emlib/em_gpio.o
LOAD ./emlib/em_i2c.o
LOAD ./emlib/em_idac.o
LOAD ./emlib/em_int.o
LOAD ./emlib/em_lcd.o
LOAD ./emlib/em_ldma.o
LOAD ./emlib/em_lesense.o
LOAD ./emlib/em_letimer.o
LOAD ./emlib/em_leuart.o
LOAD ./emlib/em_mpu.o
LOAD ./emlib/em_msc.o
LOAD ./emlib/em_opamp.o
LOAD ./emlib/em_pcnt.o
LOAD ./emlib/em_prs.o
LOAD ./emlib/em_rmu.o
LOAD ./emlib/em_rtc.o
LOAD ./emlib/em_rtcc.o
LOAD ./emlib/em_system.o
LOAD ./emlib/em_timer.o
LOAD ./emlib/em_usart.o
LOAD ./emlib/em_vcmp.o
LOAD ./emlib/em_wdog.o
LOAD ./Drivers/display.o
LOAD ./Drivers/displayls013b7dh03.o
LOAD ./Drivers/displaypalemlib.o
LOAD ./Drivers/retargetio.o
LOAD ./Drivers/retargettextdisplay.o
LOAD ./Drivers/textdisplay.o
LOAD ./Drivers/udelay.o
LOAD ./CMSIS/efm32zg/startup_efm32zg.o
LOAD ./CMSIS/efm32zg/system_efm32zg.o
LOAD ./BSP/bsp_bcc.o
LOAD ./BSP/bsp_stk.o
LOAD ./BSP/bsp_stk_leds.o
START GROUP
LOAD c:/siliconlabs/simplicitystudio/v3/developer/toolchains/gnu_arm/4.8_2013q4/bin/../lib/gcc/arm-none-eabi/4.8.3/armv6-m\libgcc.a
LOAD c:/siliconlabs/simplicitystudio/v3/developer/toolchains/gnu_arm/4.8_2013q4/bin/../lib/gcc/arm-none-eabi/4.8.3/../../../../arm-none-eabi/lib/armv6-m\libc_s.a
LOAD c:/siliconlabs/simplicitystudio/v3/developer/toolchains/gnu_arm/4.8_2013q4/bin/../lib/gcc/arm-none-eabi/4.8.3/../../../../arm-none-eabi/lib/armv6-m\libnosys.a
END GROUP
START GROUP
LOAD c:/siliconlabs/simplicitystudio/v3/developer/toolchains/gnu_arm/4.8_2013q4/bin/../lib/gcc/arm-none-eabi/4.8.3/armv6-m\libgcc.a
LOAD c:/siliconlabs/simplicitystudio/v3/developer/toolchains/gnu_arm/4.8_2013q4/bin/../lib/gcc/arm-none-eabi/4.8.3/../../../../arm-none-eabi/lib/armv6-m\libg_s.a
LOAD c:/siliconlabs/simplicitystudio/v3/developer/toolchains/gnu_arm/4.8_2013q4/bin/../lib/gcc/arm-none-eabi/4.8.3/../../../../arm-none-eabi/lib/armv6-m\libc_s.a
END GROUP
START GROUP
LOAD c:/siliconlabs/simplicitystudio/v3/developer/toolchains/gnu_arm/4.8_2013q4/bin/../lib/gcc/arm-none-eabi/4.8.3/armv6-m\libgcc.a
LOAD c:/siliconlabs/simplicitystudio/v3/developer/toolchains/gnu_arm/4.8_2013q4/bin/../lib/gcc/arm-none-eabi/4.8.3/../../../../arm-none-eabi/lib/armv6-m\libc_s.a
END GROUP
LOAD c:/siliconlabs/simplicitystudio/v3/developer/toolchains/gnu_arm/4.8_2013q4/bin/../lib/gcc/arm-none-eabi/4.8.3/armv6-m/crtend.o
LOAD c:/siliconlabs/simplicitystudio/v3/developer/toolchains/gnu_arm/4.8_2013q4/bin/../lib/gcc/arm-none-eabi/4.8.3/armv6-m/crtn.o

.text           0x00000000     0x5710
 *(.vectors)
 .vectors       0x00000000       0x8c ./CMSIS/efm32zg/startup_efm32zg.o
                0x00000000                __Vectors
                0x0000008c                __Vectors_End = .
                0x0000008c                __Vectors_Size = (__Vectors_End - __Vectors)
                0x0000008c                __end__ = .
 *(.text*)
 .text          0x0000008c       0x60 c:/siliconlabs/simplicitystudio/v3/developer/toolchains/gnu_arm/4.8_2013q4/bin/../lib/gcc/arm-none-eabi/4.8.3/armv6-m/crtbegin.o
 .text          0x000000ec       0x78 c:/siliconlabs/simplicitystudio/v3/developer/toolchains/gnu_arm/4.8_2013q4/bin/../lib/gcc/arm-none-eabi/4.8.3/../../../../arm-none-eabi/lib/armv6-m/crt0.o
                0x000000ec                _start
                0x000000ec                _mainCRTStartup
 .text.NVIC_EnableIRQ
                0x00000164       0x2c ./src/sdwip_1.o
 .text.TIMER_IntClear
                0x00000190       0x18 ./src/sdwip_1.o
 .text.TIMER_IntEnable
                0x000001a8       0x1c ./src/sdwip_1.o
 .text.TIMER_IntGet
                0x000001c4       0x14 ./src/sdwip_1.o
 .text.TIMER_TopSet
                0x000001d8       0x18 ./src/sdwip_1.o
 .text.CHIP_Init
                0x000001f0        0x8 ./src/sdwip_1.o
 .text.GPIO_PinOutClear
                0x000001f8       0xb8 ./src/sdwip_1.o
 .text.GPIO_PinOutSet
                0x000002b0       0xb8 ./src/sdwip_1.o
 .text.initTimer
                0x00000368       0xac ./src/sdwip_1.o
                0x00000368                initTimer
 .text.TIMER0_IRQHandler
                0x00000414       0x44 ./src/sdwip_1.o
                0x00000414                TIMER0_IRQHandler
 .text.initGPIO
                0x00000458       0x5c ./src/sdwip_1.o
                0x00000458                initGPIO
 .text.initI2C  0x000004b4      0x108 ./src/sdwip_1.o
                0x000004b4                initI2C
 .text.main     0x000005bc       0x70 ./src/sdwip_1.o
                0x000005bc                main
 .text.assertEFM
                0x0000062c        0xc ./emlib/em_assert.o
                0x0000062c                assertEFM
 .text.__CLZ    0x00000638       0x34 ./emlib/em_cmu.o
 .text.BUS_RegBitWrite
                0x0000066c       0x3c ./emlib/em_cmu.o
 .text.BUS_RegBitRead
                0x000006a8       0x20 ./emlib/em_cmu.o
 .text.CMU_DivToLog2
                0x000006c8       0x48 ./emlib/em_cmu.o
 .text.CMU_Log2ToDiv
                0x00000710       0x1c ./emlib/em_cmu.o
 .text.auxClkGet
                0x0000072c       0x94 ./emlib/em_cmu.o
 .text.dbgClkGet
                0x000007c0       0x58 ./emlib/em_cmu.o
 .text.flashWaitStateControl
                0x00000818       0x7c ./emlib/em_cmu.o
 .text.flashWaitStateMax
                0x00000894       0x14 ./emlib/em_cmu.o
 .text.lfClkGet
                0x000008a8      0x110 ./emlib/em_cmu.o
 .text.syncReg  0x000009b8       0x2c ./emlib/em_cmu.o
 .text.CMU_ClockDivGet
                0x000009e4       0xfc ./emlib/em_cmu.o
                0x000009e4                CMU_ClockDivGet
 .text.CMU_ClockDivSet
                0x00000ae0      0x1a0 ./emlib/em_cmu.o
                0x00000ae0                CMU_ClockDivSet
 .text.CMU_ClockEnable
                0x00000c80       0xb8 ./emlib/em_cmu.o
                0x00000c80                CMU_ClockEnable
 .text.CMU_ClockFreqGet
                0x00000d38      0x14c ./emlib/em_cmu.o
                0x00000d38                CMU_ClockFreqGet
 .text.CMU_ClockSelectGet
                0x00000e84      0x15c ./emlib/em_cmu.o
                0x00000e84                CMU_ClockSelectGet
 .text.CMU_ClockSelectSet
                0x00000fe0      0x1a8 ./emlib/em_cmu.o
                0x00000fe0                CMU_ClockSelectSet
 .text.CMU_OscillatorEnable
                0x00001188       0xd0 ./emlib/em_cmu.o
                0x00001188                CMU_OscillatorEnable
 .text.DMA_IRQHandler
                0x00001258       0xe4 ./emlib/em_dma.o
                0x00001258                DMA_IRQHandler
 .text.EMU_UpdateOscConfig
                0x0000133c       0x18 ./emlib/em_emu.o
                0x0000133c                EMU_UpdateOscConfig
 .text.GPIO_PinOutClear
                0x00001354       0xb8 ./emlib/em_gpio.o
 .text.GPIO_PinOutSet
                0x0000140c       0xb8 ./emlib/em_gpio.o
 .text.GPIO_DriveModeSet
                0x000014c4       0x90 ./emlib/em_gpio.o
                0x000014c4                GPIO_DriveModeSet
 .text.GPIO_PinModeSet
                0x00001554      0x1b8 ./emlib/em_gpio.o
                0x00001554                GPIO_PinModeSet
 .text.BUS_RegBitWrite
                0x0000170c       0x3c ./emlib/em_i2c.o
 .text.I2C_BusFreqSet
                0x00001748       0xc4 ./emlib/em_i2c.o
                0x00001748                I2C_BusFreqSet
 .text.I2C_Init
                0x0000180c       0x7c ./emlib/em_i2c.o
                0x0000180c                I2C_Init
 .text.I2C_Transfer
                0x00001888      0x420 ./emlib/em_i2c.o
                0x00001888                I2C_Transfer
 .text.I2C_TransferInit
                0x00001ca8       0xec ./emlib/em_i2c.o
                0x00001ca8                I2C_TransferInit
 .text.PRS_SourceAsyncSignalSet
                0x00001d94       0x4c ./emlib/em_prs.o
                0x00001d94                PRS_SourceAsyncSignalSet
 .text.BUS_RegBitWrite
                0x00001de0       0x3c ./emlib/em_rtc.o
 .text.RTC_CompareSet
                0x00001e1c       0x54 ./emlib/em_rtc.o
                0x00001e1c                RTC_CompareSet
 .text.RTC_Enable
                0x00001e70       0x28 ./emlib/em_rtc.o
                0x00001e70                RTC_Enable
 .text.RTC_FreezeEnable
                0x00001e98       0x2c ./emlib/em_rtc.o
                0x00001e98                RTC_FreezeEnable
 .text.RTC_Init
                0x00001ec4       0x4c ./emlib/em_rtc.o
                0x00001ec4                RTC_Init
 .text.RTC_CounterReset
                0x00001f10       0x14 ./emlib/em_rtc.o
                0x00001f10                RTC_CounterReset
 .text.TIMER_Init
                0x00001f24       0xfc ./emlib/em_timer.o
                0x00001f24                TIMER_Init
 .text.BUS_RegMaskedWrite
                0x00002020       0x24 ./emlib/em_usart.o
 .text.USART_BaudrateSyncSet
                0x00002044       0xb4 ./emlib/em_usart.o
                0x00002044                USART_BaudrateSyncSet
 .text.USART_InitSync
                0x000020f8       0xcc ./emlib/em_usart.o
                0x000020f8                USART_InitSync
 .text.USART_Reset
                0x000021c4       0x8c ./emlib/em_usart.o
                0x000021c4                USART_Reset
 .text.USART_Tx
                0x00002250       0x28 ./emlib/em_usart.o
                0x00002250                USART_Tx
 .text.USART_TxDouble
                0x00002278       0x28 ./emlib/em_usart.o
                0x00002278                USART_TxDouble
 .text.DISPLAY_Init
                0x000022a0       0x54 ./Drivers/display.o
                0x000022a0                DISPLAY_Init
 .text.DISPLAY_DeviceGet
                0x000022f4       0x60 ./Drivers/display.o
                0x000022f4                DISPLAY_DeviceGet
 .text.DISPLAY_DeviceRegister
                0x00002354       0x6c ./Drivers/display.o
                0x00002354                DISPLAY_DeviceRegister
 .text.DISPLAY_Ls013b7dh03Init
                0x000023c0      0x110 ./Drivers/displayls013b7dh03.o
                0x000023c0                DISPLAY_Ls013b7dh03Init
 .text.DriverRefresh
                0x000024d0       0x20 ./Drivers/displayls013b7dh03.o
 .text.DisplayEnable
                0x000024f0       0x44 ./Drivers/displayls013b7dh03.o
 .text.DisplayClear
                0x00002534       0x4c ./Drivers/displayls013b7dh03.o
 .text.PixelMatrixAllocate
                0x00002580       0x68 ./Drivers/displayls013b7dh03.o
 .text.PixelMatrixFree
                0x000025e8       0x18 ./Drivers/displayls013b7dh03.o
 .text.PixelMatrixClear
                0x00002600       0x44 ./Drivers/displayls013b7dh03.o
 .text.PixelMatrixDraw
                0x00002644       0xc4 ./Drivers/displayls013b7dh03.o
 .text.GPIO_PinOutClear
                0x00002708       0xb8 ./Drivers/displaypalemlib.o
 .text.GPIO_PinOutSet
                0x000027c0       0xb8 ./Drivers/displaypalemlib.o
 .text.PAL_SpiInit
                0x00002878       0x58 ./Drivers/displaypalemlib.o
                0x00002878                PAL_SpiInit
 .text.PAL_SpiTransmit
                0x000028d0       0x74 ./Drivers/displaypalemlib.o
                0x000028d0                PAL_SpiTransmit
 .text.PAL_TimerInit
                0x00002944       0x18 ./Drivers/displaypalemlib.o
                0x00002944                PAL_TimerInit
 .text.PAL_TimerMicroSecondsDelay
                0x0000295c       0x20 ./Drivers/displaypalemlib.o
                0x0000295c                PAL_TimerMicroSecondsDelay
 .text.PAL_GpioInit
                0x0000297c       0x24 ./Drivers/displaypalemlib.o
                0x0000297c                PAL_GpioInit
 .text.PAL_GpioPinModeSet
                0x000029a0       0x4c ./Drivers/displaypalemlib.o
                0x000029a0                PAL_GpioPinModeSet
 .text.PAL_GpioPinOutSet
                0x000029ec       0x28 ./Drivers/displaypalemlib.o
                0x000029ec                PAL_GpioPinOutSet
 .text.PAL_GpioPinOutClear
                0x00002a14       0x28 ./Drivers/displaypalemlib.o
                0x00002a14                PAL_GpioPinOutClear
 .text.PAL_GpioPinAutoToggle
                0x00002a3c       0x9c ./Drivers/displaypalemlib.o
                0x00002a3c                PAL_GpioPinAutoToggle
 .text.palClockSetup
                0x00002ad8       0x28 ./Drivers/displaypalemlib.o
 .text.rtcSetup
                0x00002b00       0x9c ./Drivers/displaypalemlib.o
 .text._close   0x00002b9c       0x14 ./Drivers/retargetio.o
                0x00002b9c                _close
 .text._exit    0x00002bb0        0xc ./Drivers/retargetio.o
                0x00002bb0                _exit
 .text._fstat   0x00002bbc       0x1c ./Drivers/retargetio.o
                0x00002bbc                _fstat
 .text._isatty  0x00002bd8       0x14 ./Drivers/retargetio.o
                0x00002bd8                _isatty
 .text._lseek   0x00002bec       0x18 ./Drivers/retargetio.o
                0x00002bec                _lseek
 .text._read    0x00002c04       0x58 ./Drivers/retargetio.o
                0x00002c04                _read
 .text._sbrk    0x00002c5c       0x80 ./Drivers/retargetio.o
                0x00002c5c                _sbrk
 .text._write   0x00002cdc       0x38 ./Drivers/retargetio.o
                0x00002cdc                _write
 .text.RETARGET_TextDisplayInit
                0x00002d14       0x68 ./Drivers/retargettextdisplay.o
                0x00002d14                RETARGET_TextDisplayInit
 .text.RETARGET_ReadChar
                0x00002d7c       0x10 ./Drivers/retargettextdisplay.o
                0x00002d7c                RETARGET_ReadChar
 .text.RETARGET_WriteChar
                0x00002d8c       0x3c ./Drivers/retargettextdisplay.o
                0x00002d8c                RETARGET_WriteChar
 .text.TEXTDISPLAY_New
                0x00002dc8      0x1d4 ./Drivers/textdisplay.o
                0x00002dc8                TEXTDISPLAY_New
 .text.TEXTDISPLAY_WriteChar
                0x00002f9c       0xf4 ./Drivers/textdisplay.o
                0x00002f9c                TEXTDISPLAY_WriteChar
 .text.TextdisplayClear
                0x00003090       0x44 ./Drivers/textdisplay.o
 .text.TextdisplayScrollUp
                0x000030d4       0x8c ./Drivers/textdisplay.o
 .text.TextdisplayEscapeSequence
                0x00003160      0x1b4 ./Drivers/textdisplay.o
 .text.TextdisplayCharAdd
                0x00003314      0x154 ./Drivers/textdisplay.o
 .text.TextdisplayLineDraw
                0x00003468      0x1d8 ./Drivers/textdisplay.o
 .text.TextdisplayUpdate
                0x00003640      0x118 ./Drivers/textdisplay.o
 .text.NVIC_ClearPendingIRQ
                0x00003758       0x34 ./Drivers/udelay.o
 .text.INT_Disable
                0x0000378c       0x28 ./Drivers/udelay.o
 .text.INT_Enable
                0x000037b4       0x38 ./Drivers/udelay.o
 .text.RTC_CounterGet
                0x000037ec       0x14 ./Drivers/udelay.o
 .text.UDELAY_Calibrate
                0x00003800      0x1f4 ./Drivers/udelay.o
                0x00003800                UDELAY_Calibrate
 .text.UDELAY_Delay
                0x000039f4       0x34 ./Drivers/udelay.o
                0x000039f4                UDELAY_Delay
 .text.calibrate_delay
                0x00003a28       0xdc ./Drivers/udelay.o
 .text.clock    0x00003b04       0x10 ./Drivers/udelay.o
 .text._delay   0x00003b14       0x14 ./Drivers/udelay.o
 .text          0x00003b28       0x30 ./CMSIS/efm32zg/startup_efm32zg.o
                0x00003b28                Reset_Handler
                0x00003b54                HardFault_Handler
                0x00003b54                SysTick_Handler
                0x00003b54                USART1_RX_IRQHandler
                0x00003b54                PendSV_Handler
                0x00003b54                NMI_Handler
                0x00003b54                USART1_TX_IRQHandler
                0x00003b54                MSC_IRQHandler
                0x00003b54                ADC0_IRQHandler
                0x00003b54                LEUART0_IRQHandler
                0x00003b54                GPIO_EVEN_IRQHandler
                0x00003b54                RTC_IRQHandler
                0x00003b54                I2C0_IRQHandler
                0x00003b54                TIMER1_IRQHandler
                0x00003b54                Default_Handler
                0x00003b54                PCNT0_IRQHandler
                0x00003b54                ACMP0_IRQHandler
                0x00003b54                SVC_Handler
                0x00003b54                CMU_IRQHandler
                0x00003b54                GPIO_ODD_IRQHandler
                0x00003b54                AES_IRQHandler
                0x00003b54                VCMP_IRQHandler
 .text.SystemCoreClockGet
                0x00003b58       0x3c ./CMSIS/efm32zg/system_efm32zg.o
                0x00003b58                SystemCoreClockGet
 .text.SystemMaxCoreClockGet
                0x00003b94       0x10 ./CMSIS/efm32zg/system_efm32zg.o
                0x00003b94                SystemMaxCoreClockGet
 .text.SystemHFClockGet
                0x00003ba4       0xcc ./CMSIS/efm32zg/system_efm32zg.o
                0x00003ba4                SystemHFClockGet
 .text.SystemInit
                0x00003c70        0x8 ./CMSIS/efm32zg/system_efm32zg.o
                0x00003c70                SystemInit
 .text.SystemLFRCOClockGet
                0x00003c78       0x10 ./CMSIS/efm32zg/system_efm32zg.o
                0x00003c78                SystemLFRCOClockGet
 .text.SystemULFRCOClockGet
                0x00003c88       0x10 ./CMSIS/efm32zg/system_efm32zg.o
                0x00003c88                SystemULFRCOClockGet
 .text.SystemLFXOClockGet
                0x00003c98       0x14 ./CMSIS/efm32zg/system_efm32zg.o
                0x00003c98                SystemLFXOClockGet
 .text          0x00003cac       0x9c c:/siliconlabs/simplicitystudio/v3/developer/toolchains/gnu_arm/4.8_2013q4/bin/../lib/gcc/arm-none-eabi/4.8.3/armv6-m\libgcc.a(_udivsi3.o)
                0x00003cac                __aeabi_uidiv
                0x00003cac                __udivsi3
                0x00003d34                __aeabi_uidivmod
 .text          0x00003d48        0x4 c:/siliconlabs/simplicitystudio/v3/developer/toolchains/gnu_arm/4.8_2013q4/bin/../lib/gcc/arm-none-eabi/4.8.3/armv6-m\libgcc.a(_dvmd_tls.o)
                0x00003d48                __aeabi_idiv0
                0x00003d48                __aeabi_ldiv0
 .text.exit     0x00003d4c       0x2c c:/siliconlabs/simplicitystudio/v3/developer/toolchains/gnu_arm/4.8_2013q4/bin/../lib/gcc/arm-none-eabi/4.8.3/../../../../arm-none-eabi/lib/armv6-m\libc_s.a(lib_a-exit.o)
                0x00003d4c                exit
 .text.fileno   0x00003d78       0x60 c:/siliconlabs/simplicitystudio/v3/developer/toolchains/gnu_arm/4.8_2013q4/bin/../lib/gcc/arm-none-eabi/4.8.3/../../../../arm-none-eabi/lib/armv6-m\libc_s.a(lib_a-fileno.o)
                0x00003d78                fileno
 .text._cleanup_r
                0x00003dd8       0x34 c:/siliconlabs/simplicitystudio/v3/developer/toolchains/gnu_arm/4.8_2013q4/bin/../lib/gcc/arm-none-eabi/4.8.3/../../../../arm-none-eabi/lib/armv6-m\libc_s.a(lib_a-findfp.o)
                0x00003dd8                _cleanup_r
 .text.std.isra.0
                0x00003e0c       0x48 c:/siliconlabs/simplicitystudio/v3/developer/toolchains/gnu_arm/4.8_2013q4/bin/../lib/gcc/arm-none-eabi/4.8.3/../../../../arm-none-eabi/lib/armv6-m\libc_s.a(lib_a-findfp.o)
 .text.__sfmoreglue
                0x00003e54       0x2c c:/siliconlabs/simplicitystudio/v3/developer/toolchains/gnu_arm/4.8_2013q4/bin/../lib/gcc/arm-none-eabi/4.8.3/../../../../arm-none-eabi/lib/armv6-m\libc_s.a(lib_a-findfp.o)
                0x00003e54                __sfmoreglue
 .text.__sinit  0x00003e80       0x64 c:/siliconlabs/simplicitystudio/v3/developer/toolchains/gnu_arm/4.8_2013q4/bin/../lib/gcc/arm-none-eabi/4.8.3/../../../../arm-none-eabi/lib/armv6-m\libc_s.a(lib_a-findfp.o)
                0x00003e80                __sinit
 .text.__sfp    0x00003ee4       0x7c c:/siliconlabs/simplicitystudio/v3/developer/toolchains/gnu_arm/4.8_2013q4/bin/../lib/gcc/arm-none-eabi/4.8.3/../../../../arm-none-eabi/lib/armv6-m\libc_s.a(lib_a-findfp.o)
                0x00003ee4                __sfp
 .text.__libc_init_array
                0x00003f60       0x4c c:/siliconlabs/simplicitystudio/v3/developer/toolchains/gnu_arm/4.8_2013q4/bin/../lib/gcc/arm-none-eabi/4.8.3/../../../../arm-none-eabi/lib/armv6-m\libc_s.a(lib_a-init.o)
                0x00003f60                __libc_init_array
 .text.memcpy   0x00003fac       0x12 c:/siliconlabs/simplicitystudio/v3/developer/toolchains/gnu_arm/4.8_2013q4/bin/../lib/gcc/arm-none-eabi/4.8.3/../../../../arm-none-eabi/lib/armv6-m\libc_s.a(lib_a-memcpy-stub.o)
                0x00003fac                memcpy
 .text.memset   0x00003fbe       0x10 c:/siliconlabs/simplicitystudio/v3/developer/toolchains/gnu_arm/4.8_2013q4/bin/../lib/gcc/arm-none-eabi/4.8.3/../../../../arm-none-eabi/lib/armv6-m\libc_s.a(lib_a-memset.o)
                0x00003fbe                memset
 *fill*         0x00003fce        0x2 
 .text._malloc_r
                0x00003fd0       0xa8 c:/siliconlabs/simplicitystudio/v3/developer/toolchains/gnu_arm/4.8_2013q4/bin/../lib/gcc/arm-none-eabi/4.8.3/../../../../arm-none-eabi/lib/armv6-m\libc_s.a(lib_a-nano-mallocr.o)
                0x00003fd0                _malloc_r
 .text.printf   0x00004078       0x34 c:/siliconlabs/simplicitystudio/v3/developer/toolchains/gnu_arm/4.8_2013q4/bin/../lib/gcc/arm-none-eabi/4.8.3/../../../../arm-none-eabi/lib/armv6-m\libc_s.a(lib_a-printf.o)
                0x00004078                iprintf
                0x00004078                printf
 .text._sbrk_r  0x000040ac       0x24 c:/siliconlabs/simplicitystudio/v3/developer/toolchains/gnu_arm/4.8_2013q4/bin/../lib/gcc/arm-none-eabi/4.8.3/../../../../arm-none-eabi/lib/armv6-m\libc_s.a(lib_a-sbrkr.o)
                0x000040ac                _sbrk_r
 .text.setvbuf  0x000040d0      0x10c c:/siliconlabs/simplicitystudio/v3/developer/toolchains/gnu_arm/4.8_2013q4/bin/../lib/gcc/arm-none-eabi/4.8.3/../../../../arm-none-eabi/lib/armv6-m\libc_s.a(lib_a-setvbuf.o)
                0x000040d0                setvbuf
 .text.__sread  0x000041dc       0x28 c:/siliconlabs/simplicitystudio/v3/developer/toolchains/gnu_arm/4.8_2013q4/bin/../lib/gcc/arm-none-eabi/4.8.3/../../../../arm-none-eabi/lib/armv6-m\libc_s.a(lib_a-stdio.o)
                0x000041dc                __sread
 .text.__swrite
                0x00004204       0x38 c:/siliconlabs/simplicitystudio/v3/developer/toolchains/gnu_arm/4.8_2013q4/bin/../lib/gcc/arm-none-eabi/4.8.3/../../../../arm-none-eabi/lib/armv6-m\libc_s.a(lib_a-stdio.o)
                0x00004204                __swrite
 .text.__sseek  0x0000423c       0x2c c:/siliconlabs/simplicitystudio/v3/developer/toolchains/gnu_arm/4.8_2013q4/bin/../lib/gcc/arm-none-eabi/4.8.3/../../../../arm-none-eabi/lib/armv6-m\libc_s.a(lib_a-stdio.o)
                0x0000423c                __sseek
 .text.__sclose
                0x00004268        0xc c:/siliconlabs/simplicitystudio/v3/developer/toolchains/gnu_arm/4.8_2013q4/bin/../lib/gcc/arm-none-eabi/4.8.3/../../../../arm-none-eabi/lib/armv6-m\libc_s.a(lib_a-stdio.o)
                0x00004268                __sclose
 .text.strlen   0x00004274        0xe c:/siliconlabs/simplicitystudio/v3/developer/toolchains/gnu_arm/4.8_2013q4/bin/../lib/gcc/arm-none-eabi/4.8.3/../../../../arm-none-eabi/lib/armv6-m\libc_s.a(lib_a-strlen.o)
                0x00004274                strlen
 .text.strncmp  0x00004282       0x2c c:/siliconlabs/simplicitystudio/v3/developer/toolchains/gnu_arm/4.8_2013q4/bin/../lib/gcc/arm-none-eabi/4.8.3/../../../../arm-none-eabi/lib/armv6-m\libc_s.a(lib_a-strncmp.o)
                0x00004282                strncmp
 .text.__sfputc_r
                0x000042ae       0x2a c:/siliconlabs/simplicitystudio/v3/developer/toolchains/gnu_arm/4.8_2013q4/bin/../lib/gcc/arm-none-eabi/4.8.3/../../../../arm-none-eabi/lib/armv6-m\libc_s.a(lib_a-vfprintf.o)
 .text.__sfputs_r
                0x000042d8       0x24 c:/siliconlabs/simplicitystudio/v3/developer/toolchains/gnu_arm/4.8_2013q4/bin/../lib/gcc/arm-none-eabi/4.8.3/../../../../arm-none-eabi/lib/armv6-m\libc_s.a(lib_a-vfprintf.o)
                0x000042d8                __sfputs_r
 .text._vfprintf_r
                0x000042fc      0x210 c:/siliconlabs/simplicitystudio/v3/developer/toolchains/gnu_arm/4.8_2013q4/bin/../lib/gcc/arm-none-eabi/4.8.3/../../../../arm-none-eabi/lib/armv6-m\libc_s.a(lib_a-vfprintf.o)
                0x000042fc                _vfprintf_r
                0x000042fc                _vfiprintf_r
 .text._printf_common
                0x0000450c       0xe8 c:/siliconlabs/simplicitystudio/v3/developer/toolchains/gnu_arm/4.8_2013q4/bin/../lib/gcc/arm-none-eabi/4.8.3/../../../../arm-none-eabi/lib/armv6-m\libc_s.a(lib_a-vfprintf_i.o)
                0x0000450c                _printf_common
 .text._printf_i
                0x000045f4      0x22c c:/siliconlabs/simplicitystudio/v3/developer/toolchains/gnu_arm/4.8_2013q4/bin/../lib/gcc/arm-none-eabi/4.8.3/../../../../arm-none-eabi/lib/armv6-m\libc_s.a(lib_a-vfprintf_i.o)
                0x000045f4                _printf_i
 .text.__swbuf_r
                0x00004820       0xb0 c:/siliconlabs/simplicitystudio/v3/developer/toolchains/gnu_arm/4.8_2013q4/bin/../lib/gcc/arm-none-eabi/4.8.3/../../../../arm-none-eabi/lib/armv6-m\libc_s.a(lib_a-wbuf.o)
                0x00004820                __swbuf_r
 .text._write_r
                0x000048d0       0x28 c:/siliconlabs/simplicitystudio/v3/developer/toolchains/gnu_arm/4.8_2013q4/bin/../lib/gcc/arm-none-eabi/4.8.3/../../../../arm-none-eabi/lib/armv6-m\libc_s.a(lib_a-writer.o)
                0x000048d0                _write_r
 .text.__swsetup_r
                0x000048f8       0xe4 c:/siliconlabs/simplicitystudio/v3/developer/toolchains/gnu_arm/4.8_2013q4/bin/../lib/gcc/arm-none-eabi/4.8.3/../../../../arm-none-eabi/lib/armv6-m\libc_s.a(lib_a-wsetup.o)
                0x000048f8                __swsetup_r
 .text._close_r
                0x000049dc       0x24 c:/siliconlabs/simplicitystudio/v3/developer/toolchains/gnu_arm/4.8_2013q4/bin/../lib/gcc/arm-none-eabi/4.8.3/../../../../arm-none-eabi/lib/armv6-m\libc_s.a(lib_a-closer.o)
                0x000049dc                _close_r
 .text.__sflush_r
                0x00004a00      0x112 c:/siliconlabs/simplicitystudio/v3/developer/toolchains/gnu_arm/4.8_2013q4/bin/../lib/gcc/arm-none-eabi/4.8.3/../../../../arm-none-eabi/lib/armv6-m\libc_s.a(lib_a-fflush.o)
                0x00004a00                __sflush_r
 *fill*         0x00004b12        0x2 
 .text._fflush_r
                0x00004b14       0x58 c:/siliconlabs/simplicitystudio/v3/developer/toolchains/gnu_arm/4.8_2013q4/bin/../lib/gcc/arm-none-eabi/4.8.3/../../../../arm-none-eabi/lib/armv6-m\libc_s.a(lib_a-fflush.o)
                0x00004b14                _fflush_r
 .text._lseek_r
                0x00004b6c       0x28 c:/siliconlabs/simplicitystudio/v3/developer/toolchains/gnu_arm/4.8_2013q4/bin/../lib/gcc/arm-none-eabi/4.8.3/../../../../arm-none-eabi/lib/armv6-m\libc_s.a(lib_a-lseekr.o)
                0x00004b6c                _lseek_r
 .text.__smakebuf_r
                0x00004b94       0xa0 c:/siliconlabs/simplicitystudio/v3/developer/toolchains/gnu_arm/4.8_2013q4/bin/../lib/gcc/arm-none-eabi/4.8.3/../../../../arm-none-eabi/lib/armv6-m\libc_s.a(lib_a-makebuf.o)
                0x00004b94                __smakebuf_r
 .text.malloc   0x00004c34       0x14 c:/siliconlabs/simplicitystudio/v3/developer/toolchains/gnu_arm/4.8_2013q4/bin/../lib/gcc/arm-none-eabi/4.8.3/../../../../arm-none-eabi/lib/armv6-m\libc_s.a(lib_a-malloc.o)
                0x00004c34                malloc
 .text.memchr   0x00004c48       0x16 c:/siliconlabs/simplicitystudio/v3/developer/toolchains/gnu_arm/4.8_2013q4/bin/../lib/gcc/arm-none-eabi/4.8.3/../../../../arm-none-eabi/lib/armv6-m\libc_s.a(lib_a-memchr-stub.o)
                0x00004c48                memchr
 *fill*         0x00004c5e        0x2 
 .text._free_r  0x00004c60       0x90 c:/siliconlabs/simplicitystudio/v3/developer/toolchains/gnu_arm/4.8_2013q4/bin/../lib/gcc/arm-none-eabi/4.8.3/../../../../arm-none-eabi/lib/armv6-m\libc_s.a(lib_a-nano-freer.o)
                0x00004c60                _free_r
 .text._read_r  0x00004cf0       0x28 c:/siliconlabs/simplicitystudio/v3/developer/toolchains/gnu_arm/4.8_2013q4/bin/../lib/gcc/arm-none-eabi/4.8.3/../../../../arm-none-eabi/lib/armv6-m\libc_s.a(lib_a-readr.o)
                0x00004cf0                _read_r
 .text._fstat_r
                0x00004d18       0x24 c:/siliconlabs/simplicitystudio/v3/developer/toolchains/gnu_arm/4.8_2013q4/bin/../lib/gcc/arm-none-eabi/4.8.3/../../../../arm-none-eabi/lib/armv6-m\libc_s.a(lib_a-fstatr.o)
                0x00004d18                _fstat_r
 .text._isatty_r
                0x00004d3c       0x24 c:/siliconlabs/simplicitystudio/v3/developer/toolchains/gnu_arm/4.8_2013q4/bin/../lib/gcc/arm-none-eabi/4.8.3/../../../../arm-none-eabi/lib/armv6-m\libc_s.a(lib_a-isattyr.o)
                0x00004d3c                _isatty_r
 *(.init)
 .init          0x00004d60        0x4 c:/siliconlabs/simplicitystudio/v3/developer/toolchains/gnu_arm/4.8_2013q4/bin/../lib/gcc/arm-none-eabi/4.8.3/armv6-m/crti.o
                0x00004d60                _init
 .init          0x00004d64        0x8 c:/siliconlabs/simplicitystudio/v3/developer/toolchains/gnu_arm/4.8_2013q4/bin/../lib/gcc/arm-none-eabi/4.8.3/armv6-m/crtn.o
 *(.fini)
 .fini          0x00004d6c        0x4 c:/siliconlabs/simplicitystudio/v3/developer/toolchains/gnu_arm/4.8_2013q4/bin/../lib/gcc/arm-none-eabi/4.8.3/armv6-m/crti.o
                0x00004d6c                _fini
 .fini          0x00004d70        0x8 c:/siliconlabs/simplicitystudio/v3/developer/toolchains/gnu_arm/4.8_2013q4/bin/../lib/gcc/arm-none-eabi/4.8.3/armv6-m/crtn.o
 *crtbegin.o(.ctors)
 *crtbegin?.o(.ctors)
 *(EXCLUDE_FILE(*crtend.o *crtend?.o) .ctors)
 *(SORT(.ctors.*))
 *(.ctors)
 *crtbegin.o(.dtors)
 *crtbegin?.o(.dtors)
 *(EXCLUDE_FILE(*crtend.o *crtend?.o) .dtors)
 *(SORT(.dtors.*))
 *(.dtors)
 *(.rodata*)
 .rodata        0x00004d78       0xec ./src/sdwip_1.o
 .rodata        0x00004e64       0xa0 ./emlib/em_cmu.o
 .rodata.CMU_ClockEnable
                0x00004f04       0x2c ./emlib/em_cmu.o
 .rodata.CMU_ClockSelectSet
                0x00004f30       0x50 ./emlib/em_cmu.o
 .rodata.CMU_OscillatorEnable
                0x00004f80       0x18 ./emlib/em_cmu.o
 .rodata        0x00004f98       0xa0 ./emlib/em_gpio.o
 .rodata.i2cNSum
                0x00005038        0x4 ./emlib/em_i2c.o
 .rodata        0x0000503c       0x14 ./emlib/em_i2c.o
 .rodata.I2C_Transfer
                0x00005050       0x24 ./emlib/em_i2c.o
 .rodata        0x00005074       0x50 ./emlib/em_prs.o
 .rodata        0x000050c4       0x50 ./emlib/em_rtc.o
 .rodata        0x00005114       0x14 ./emlib/em_timer.o
 .rodata        0x00005128       0x50 ./emlib/em_usart.o
 .rodata        0x00005178       0x18 ./Drivers/displayls013b7dh03.o
 .rodata        0x00005190       0x6c ./Drivers/displaypalemlib.o
 .rodata.heaperr.8165
                0x000051fc       0x1c ./Drivers/retargetio.o
 .rodata.chars_6x8_bits
                0x00005218      0x320 ./Drivers/textdisplay.o
 .rodata.TextdisplayEscapeSequence
                0x00005538       0x18 ./Drivers/textdisplay.o
 .rodata.escapeSequences.4899
                0x00005550       0x18 ./Drivers/textdisplay.o
 .rodata        0x00005568        0x4 ./Drivers/udelay.o
 .rodata._ctype_
                0x0000556c      0x101 c:/siliconlabs/simplicitystudio/v3/developer/toolchains/gnu_arm/4.8_2013q4/bin/../lib/gcc/arm-none-eabi/4.8.3/../../../../arm-none-eabi/lib/armv6-m\libc_s.a(lib_a-ctype_.o)
                0x0000556c                _ctype_
 *fill*         0x0000566d        0x3 
 .rodata.__sf_fake_stdin
                0x00005670       0x20 c:/siliconlabs/simplicitystudio/v3/developer/toolchains/gnu_arm/4.8_2013q4/bin/../lib/gcc/arm-none-eabi/4.8.3/../../../../arm-none-eabi/lib/armv6-m\libc_s.a(lib_a-findfp.o)
                0x00005670                __sf_fake_stdin
 .rodata.__sf_fake_stdout
                0x00005690       0x20 c:/siliconlabs/simplicitystudio/v3/developer/toolchains/gnu_arm/4.8_2013q4/bin/../lib/gcc/arm-none-eabi/4.8.3/../../../../arm-none-eabi/lib/armv6-m\libc_s.a(lib_a-findfp.o)
                0x00005690                __sf_fake_stdout
 .rodata.__sf_fake_stderr
                0x000056b0       0x20 c:/siliconlabs/simplicitystudio/v3/developer/toolchains/gnu_arm/4.8_2013q4/bin/../lib/gcc/arm-none-eabi/4.8.3/../../../../arm-none-eabi/lib/armv6-m\libc_s.a(lib_a-findfp.o)
                0x000056b0                __sf_fake_stderr
 .rodata.str1.1
                0x000056d0        0x2 c:/siliconlabs/simplicitystudio/v3/developer/toolchains/gnu_arm/4.8_2013q4/bin/../lib/gcc/arm-none-eabi/4.8.3/../../../../arm-none-eabi/lib/armv6-m\libc_s.a(lib_a-impure.o)
 *fill*         0x000056d2        0x2 
 .rodata._global_impure_ptr
                0x000056d4        0x4 c:/siliconlabs/simplicitystudio/v3/developer/toolchains/gnu_arm/4.8_2013q4/bin/../lib/gcc/arm-none-eabi/4.8.3/../../../../arm-none-eabi/lib/armv6-m\libc_s.a(lib_a-impure.o)
                0x000056d4                _global_impure_ptr
 .rodata.str1.1
                0x000056d8       0x11 c:/siliconlabs/simplicitystudio/v3/developer/toolchains/gnu_arm/4.8_2013q4/bin/../lib/gcc/arm-none-eabi/4.8.3/../../../../arm-none-eabi/lib/armv6-m\libc_s.a(lib_a-vfprintf.o)
 .rodata.str1.1
                0x000056e9       0x22 c:/siliconlabs/simplicitystudio/v3/developer/toolchains/gnu_arm/4.8_2013q4/bin/../lib/gcc/arm-none-eabi/4.8.3/../../../../arm-none-eabi/lib/armv6-m\libc_s.a(lib_a-vfprintf_i.o)
 *(.eh_frame*)
 *fill*         0x0000570b        0x1 
 .eh_frame      0x0000570c        0x0 c:/siliconlabs/simplicitystudio/v3/developer/toolchains/gnu_arm/4.8_2013q4/bin/../lib/gcc/arm-none-eabi/4.8.3/armv6-m/crtbegin.o
 .eh_frame      0x0000570c        0x4 c:/siliconlabs/simplicitystudio/v3/developer/toolchains/gnu_arm/4.8_2013q4/bin/../lib/gcc/arm-none-eabi/4.8.3/armv6-m/crtend.o

.glue_7         0x00005710        0x0
 .glue_7        0x00000000        0x0 linker stubs

.glue_7t        0x00005710        0x0
 .glue_7t       0x00000000        0x0 linker stubs

.vfp11_veneer   0x00005710        0x0
 .vfp11_veneer  0x00000000        0x0 linker stubs

.v4_bx          0x00005710        0x0
 .v4_bx         0x00000000        0x0 linker stubs

.iplt           0x00005710        0x0
 .iplt          0x00000000        0x0 c:/siliconlabs/simplicitystudio/v3/developer/toolchains/gnu_arm/4.8_2013q4/bin/../lib/gcc/arm-none-eabi/4.8.3/armv6-m/crtbegin.o

.ARM.extab
 *(.ARM.extab* .gnu.linkonce.armextab.*)
                0x00005710                __exidx_start = .

.ARM.exidx      0x00005710        0x8
 *(.ARM.exidx* .gnu.linkonce.armexidx.*)
 .ARM.exidx     0x00005710        0x8 c:/siliconlabs/simplicitystudio/v3/developer/toolchains/gnu_arm/4.8_2013q4/bin/../lib/gcc/arm-none-eabi/4.8.3/../../../../arm-none-eabi/lib/armv6-m/crt0.o
                0x00005718                __exidx_end = .
                0x00005718                __etext = .

.rel.dyn        0x00005718        0x0
 .rel.iplt      0x00000000        0x0 c:/siliconlabs/simplicitystudio/v3/developer/toolchains/gnu_arm/4.8_2013q4/bin/../lib/gcc/arm-none-eabi/4.8.3/armv6-m/crtbegin.o

.data           0x20000000       0x9c load address 0x00005718
                0x20000000                __data_start__ = .
 *(vtable)
 *(.data*)
 .data.pDisplayDeviceDriverInitFunctions
                0x20000000        0x8 ./Drivers/display.o
 .data.pixelMatrixPool
                0x20000008        0x4 ./Drivers/displayls013b7dh03.o
 .data.charBufferTbl
                0x2000000c       0x10 ./Drivers/textdisplay.o
 .data.loops_per_jiffy
                0x2000001c        0x4 ./Drivers/udelay.o
                0x2000001c                loops_per_jiffy
 .data.SystemHFXOClock
                0x20000020        0x4 ./CMSIS/efm32zg/system_efm32zg.o
 .data.SystemLFXOClock
                0x20000024        0x4 ./CMSIS/efm32zg/system_efm32zg.o
 .data.__ctype_ptr__
                0x20000028        0x4 c:/siliconlabs/simplicitystudio/v3/developer/toolchains/gnu_arm/4.8_2013q4/bin/../lib/gcc/arm-none-eabi/4.8.3/../../../../arm-none-eabi/lib/armv6-m\libc_s.a(lib_a-ctype_.o)
                0x20000028                __ctype_ptr__
 .data.impure_data
                0x2000002c       0x60 c:/siliconlabs/simplicitystudio/v3/developer/toolchains/gnu_arm/4.8_2013q4/bin/../lib/gcc/arm-none-eabi/4.8.3/../../../../arm-none-eabi/lib/armv6-m\libc_s.a(lib_a-impure.o)
 .data._impure_ptr
                0x2000008c        0x4 c:/siliconlabs/simplicitystudio/v3/developer/toolchains/gnu_arm/4.8_2013q4/bin/../lib/gcc/arm-none-eabi/4.8.3/../../../../arm-none-eabi/lib/armv6-m\libc_s.a(lib_a-impure.o)
                0x2000008c                _impure_ptr
                0x20000090                . = ALIGN (0x4)
 *(.ram)
                0x20000090                . = ALIGN (0x4)
                0x20000090                PROVIDE (__preinit_array_start, .)
 *(.preinit_array)
                0x20000090                PROVIDE (__preinit_array_end, .)
                0x20000090                . = ALIGN (0x4)
                0x20000090                PROVIDE (__init_array_start, .)
 *(SORT(.init_array.*))
 *(.init_array)
 .init_array    0x20000090        0x4 c:/siliconlabs/simplicitystudio/v3/developer/toolchains/gnu_arm/4.8_2013q4/bin/../lib/gcc/arm-none-eabi/4.8.3/armv6-m/crtbegin.o
                0x20000094                PROVIDE (__init_array_end, .)
                0x20000094                . = ALIGN (0x4)
                0x20000094                PROVIDE (__fini_array_start, .)
 *(SORT(.fini_array.*))
 *(.fini_array)
 .fini_array    0x20000094        0x4 c:/siliconlabs/simplicitystudio/v3/developer/toolchains/gnu_arm/4.8_2013q4/bin/../lib/gcc/arm-none-eabi/4.8.3/armv6-m/crtbegin.o
                0x20000098                PROVIDE (__fini_array_end, .)
 *(.jcr*)
 .jcr           0x20000098        0x0 c:/siliconlabs/simplicitystudio/v3/developer/toolchains/gnu_arm/4.8_2013q4/bin/../lib/gcc/arm-none-eabi/4.8.3/armv6-m/crtbegin.o
 .jcr           0x20000098        0x4 c:/siliconlabs/simplicitystudio/v3/developer/toolchains/gnu_arm/4.8_2013q4/bin/../lib/gcc/arm-none-eabi/4.8.3/armv6-m/crtend.o
                0x2000009c                . = ALIGN (0x4)
                0x2000009c                __data_end__ = .

.igot.plt       0x2000009c        0x0 load address 0x000057b4
 .igot.plt      0x00000000        0x0 c:/siliconlabs/simplicitystudio/v3/developer/toolchains/gnu_arm/4.8_2013q4/bin/../lib/gcc/arm-none-eabi/4.8.3/armv6-m/crtbegin.o

.bss            0x2000009c      0x2fc load address 0x000057b4
                0x2000009c                . = ALIGN (0x4)
                0x2000009c                __bss_start__ = .
 *(.bss*)
 .bss           0x2000009c       0x1c c:/siliconlabs/simplicitystudio/v3/developer/toolchains/gnu_arm/4.8_2013q4/bin/../lib/gcc/arm-none-eabi/4.8.3/armv6-m/crtbegin.o
 .bss.counter   0x200000b8        0x4 ./src/sdwip_1.o
                0x200000b8                counter
 .bss.cmuStatus
                0x200000bc        0x4 ./emlib/em_emu.o
 .bss.i2cTransfer
                0x200000c0        0xc ./emlib/em_i2c.o
 .bss.INT_LockCnt
                0x200000cc        0x4 ./emlib/em_int.o
                0x200000cc                INT_LockCnt
 .bss.deviceTable
                0x200000d0       0x2c ./Drivers/display.o
 .bss.moduleInitialized
                0x200000fc        0x1 ./Drivers/display.o
 *fill*         0x200000fd        0x3 
 .bss.devicesRegistered
                0x20000100        0x4 ./Drivers/display.o
 .bss.lcdPolarity
                0x20000104        0x1 ./Drivers/displayls013b7dh03.o
 *fill*         0x20000105        0x3 
 .bss.pixelMatrixPoolBase
                0x20000108       0x80 ./Drivers/displayls013b7dh03.o
 .bss.heap_end.8163
                0x20000188        0x4 ./Drivers/retargetio.o
 .bss.textDisplayHandle
                0x2000018c        0x4 ./Drivers/retargettextdisplay.o
                0x2000018c                textDisplayHandle
 .bss.textdisplayTbl
                0x20000190       0x58 ./Drivers/textdisplay.o
 .bss.escapeSequence.4898
                0x200001e8        0x4 ./Drivers/textdisplay.o
 .bss.__malloc_sbrk_start
                0x200001ec        0x4 c:/siliconlabs/simplicitystudio/v3/developer/toolchains/gnu_arm/4.8_2013q4/bin/../lib/gcc/arm-none-eabi/4.8.3/../../../../arm-none-eabi/lib/armv6-m\libc_s.a(lib_a-nano-mallocr.o)
                0x200001ec                __malloc_sbrk_start
 .bss.__malloc_free_list
                0x200001f0        0x4 c:/siliconlabs/simplicitystudio/v3/developer/toolchains/gnu_arm/4.8_2013q4/bin/../lib/gcc/arm-none-eabi/4.8.3/../../../../arm-none-eabi/lib/armv6-m\libc_s.a(lib_a-nano-mallocr.o)
                0x200001f0                __malloc_free_list
 *(COMMON)
 COMMON         0x200001f4        0xb ./src/sdwip_1.o
                0x200001f4                message
                0x200001f8                rx_buffer
                0x200001fc                tx_buffer
 *fill*         0x200001ff        0x1 
 COMMON         0x20000200      0x190 ./Drivers/textdisplay.o
                0x20000200                charBufferDevice0
                0x20000350                charArrayDevice0
 COMMON         0x20000390        0x4 ./CMSIS/efm32zg/system_efm32zg.o
                0x20000390                SystemCoreClock
 COMMON         0x20000394        0x4 c:/siliconlabs/simplicitystudio/v3/developer/toolchains/gnu_arm/4.8_2013q4/bin/../lib/gcc/arm-none-eabi/4.8.3/../../../../arm-none-eabi/lib/armv6-m\libc_s.a(lib_a-reent.o)
                0x20000394                errno
                0x20000398                . = ALIGN (0x4)
                0x20000398                __bss_end__ = .

.heap           0x20000398        0x0
                0x20000398                __HeapBase = .
                0x20000398                __end__ = .
                0x20000398                end = __end__
                0x20000398                _end = __end__
 *(.heap*)
 .heap          0x20000398        0x0 ./CMSIS/efm32zg/startup_efm32zg.o
                0x20000398                __HeapLimit = .

.stack_dummy    0x20000398      0x400
 *(.stack*)
 .stack         0x20000398      0x400 ./CMSIS/efm32zg/startup_efm32zg.o
                0x20001000                __StackTop = (ORIGIN (RAM) + 0x1000)
                0x20000c00                __StackLimit = (__StackTop - SIZEOF (.stack_dummy))
                0x20001000                PROVIDE (__stack, __StackTop)
                0x00000001                ASSERT ((__StackLimit >= __HeapLimit), region RAM overflowed with stack)
                0x00000001                ASSERT ((0x8000 >= (__etext + SIZEOF (.data))), FLASH memory overflowed !)
OUTPUT(SD_1.axf elf32-littlearm)

.ARM.attributes
                0x00000000       0x28
 .ARM.attributes
                0x00000000       0x1e c:/siliconlabs/simplicitystudio/v3/developer/toolchains/gnu_arm/4.8_2013q4/bin/../lib/gcc/arm-none-eabi/4.8.3/armv6-m/crti.o
 .ARM.attributes
                0x0000001e       0x2c c:/siliconlabs/simplicitystudio/v3/developer/toolchains/gnu_arm/4.8_2013q4/bin/../lib/gcc/arm-none-eabi/4.8.3/armv6-m/crtbegin.o
 .ARM.attributes
                0x0000004a       0x1b c:/siliconlabs/simplicitystudio/v3/developer/toolchains/gnu_arm/4.8_2013q4/bin/../lib/gcc/arm-none-eabi/4.8.3/../../../../arm-none-eabi/lib/armv6-m/crt0.o
 .ARM.attributes
                0x00000065       0x32 ./src/sdwip_1.o
 .ARM.attributes
                0x00000097       0x32 ./emlib/em_assert.o
 .ARM.attributes
                0x000000c9       0x32 ./emlib/em_cmu.o
 .ARM.attributes
                0x000000fb       0x32 ./emlib/em_dma.o
 .ARM.attributes
                0x0000012d       0x32 ./emlib/em_emu.o
 .ARM.attributes
                0x0000015f       0x32 ./emlib/em_gpio.o
 .ARM.attributes
                0x00000191       0x32 ./emlib/em_i2c.o
 .ARM.attributes
                0x000001c3       0x32 ./emlib/em_int.o
 .ARM.attributes
                0x000001f5       0x32 ./emlib/em_prs.o
 .ARM.attributes
                0x00000227       0x32 ./emlib/em_rtc.o
 .ARM.attributes
                0x00000259       0x32 ./emlib/em_timer.o
 .ARM.attributes
                0x0000028b       0x32 ./emlib/em_usart.o
 .ARM.attributes
                0x000002bd       0x32 ./Drivers/display.o
 .ARM.attributes
                0x000002ef       0x32 ./Drivers/displayls013b7dh03.o
 .ARM.attributes
                0x00000321       0x32 ./Drivers/displaypalemlib.o
 .ARM.attributes
                0x00000353       0x32 ./Drivers/retargetio.o
 .ARM.attributes
                0x00000385       0x32 ./Drivers/retargettextdisplay.o
 .ARM.attributes
                0x000003b7       0x32 ./Drivers/textdisplay.o
 .ARM.attributes
                0x000003e9       0x2b ./Drivers/udelay.o
 .ARM.attributes
                0x00000414       0x1b ./CMSIS/efm32zg/startup_efm32zg.o
 .ARM.attributes
                0x0000042f       0x32 ./CMSIS/efm32zg/system_efm32zg.o
 .ARM.attributes
                0x00000461       0x1e c:/siliconlabs/simplicitystudio/v3/developer/toolchains/gnu_arm/4.8_2013q4/bin/../lib/gcc/arm-none-eabi/4.8.3/armv6-m\libgcc.a(_udivsi3.o)
 .ARM.attributes
                0x0000047f       0x1e c:/siliconlabs/simplicitystudio/v3/developer/toolchains/gnu_arm/4.8_2013q4/bin/../lib/gcc/arm-none-eabi/4.8.3/armv6-m\libgcc.a(_dvmd_tls.o)
 .ARM.attributes
                0x0000049d       0x2c c:/siliconlabs/simplicitystudio/v3/developer/toolchains/gnu_arm/4.8_2013q4/bin/../lib/gcc/arm-none-eabi/4.8.3/../../../../arm-none-eabi/lib/armv6-m\libc_s.a(lib_a-ctype_.o)
 .ARM.attributes
                0x000004c9       0x2c c:/siliconlabs/simplicitystudio/v3/developer/toolchains/gnu_arm/4.8_2013q4/bin/../lib/gcc/arm-none-eabi/4.8.3/../../../../arm-none-eabi/lib/armv6-m\libc_s.a(lib_a-exit.o)
 .ARM.attributes
                0x000004f5       0x2c c:/siliconlabs/simplicitystudio/v3/developer/toolchains/gnu_arm/4.8_2013q4/bin/../lib/gcc/arm-none-eabi/4.8.3/../../../../arm-none-eabi/lib/armv6-m\libc_s.a(lib_a-fileno.o)
 .ARM.attributes
                0x00000521       0x2c c:/siliconlabs/simplicitystudio/v3/developer/toolchains/gnu_arm/4.8_2013q4/bin/../lib/gcc/arm-none-eabi/4.8.3/../../../../arm-none-eabi/lib/armv6-m\libc_s.a(lib_a-findfp.o)
 .ARM.attributes
                0x0000054d       0x2c c:/siliconlabs/simplicitystudio/v3/developer/toolchains/gnu_arm/4.8_2013q4/bin/../lib/gcc/arm-none-eabi/4.8.3/../../../../arm-none-eabi/lib/armv6-m\libc_s.a(lib_a-impure.o)
 .ARM.attributes
                0x00000579       0x2c c:/siliconlabs/simplicitystudio/v3/developer/toolchains/gnu_arm/4.8_2013q4/bin/../lib/gcc/arm-none-eabi/4.8.3/../../../../arm-none-eabi/lib/armv6-m\libc_s.a(lib_a-init.o)
 .ARM.attributes
                0x000005a5       0x2c c:/siliconlabs/simplicitystudio/v3/developer/toolchains/gnu_arm/4.8_2013q4/bin/../lib/gcc/arm-none-eabi/4.8.3/../../../../arm-none-eabi/lib/armv6-m\libc_s.a(lib_a-memcpy-stub.o)
 .ARM.attributes
                0x000005d1       0x2c c:/siliconlabs/simplicitystudio/v3/developer/toolchains/gnu_arm/4.8_2013q4/bin/../lib/gcc/arm-none-eabi/4.8.3/../../../../arm-none-eabi/lib/armv6-m\libc_s.a(lib_a-memset.o)
 .ARM.attributes
                0x000005fd       0x2c c:/siliconlabs/simplicitystudio/v3/developer/toolchains/gnu_arm/4.8_2013q4/bin/../lib/gcc/arm-none-eabi/4.8.3/../../../../arm-none-eabi/lib/armv6-m\libc_s.a(lib_a-nano-mallocr.o)
 .ARM.attributes
                0x00000629       0x2c c:/siliconlabs/simplicitystudio/v3/developer/toolchains/gnu_arm/4.8_2013q4/bin/../lib/gcc/arm-none-eabi/4.8.3/../../../../arm-none-eabi/lib/armv6-m\libc_s.a(lib_a-printf.o)
 .ARM.attributes
                0x00000655       0x2c c:/siliconlabs/simplicitystudio/v3/developer/toolchains/gnu_arm/4.8_2013q4/bin/../lib/gcc/arm-none-eabi/4.8.3/../../../../arm-none-eabi/lib/armv6-m\libc_s.a(lib_a-sbrkr.o)
 .ARM.attributes
                0x00000681       0x2c c:/siliconlabs/simplicitystudio/v3/developer/toolchains/gnu_arm/4.8_2013q4/bin/../lib/gcc/arm-none-eabi/4.8.3/../../../../arm-none-eabi/lib/armv6-m\libc_s.a(lib_a-setvbuf.o)
 .ARM.attributes
                0x000006ad       0x2c c:/siliconlabs/simplicitystudio/v3/developer/toolchains/gnu_arm/4.8_2013q4/bin/../lib/gcc/arm-none-eabi/4.8.3/../../../../arm-none-eabi/lib/armv6-m\libc_s.a(lib_a-stdio.o)
 .ARM.attributes
                0x000006d9       0x2c c:/siliconlabs/simplicitystudio/v3/developer/toolchains/gnu_arm/4.8_2013q4/bin/../lib/gcc/arm-none-eabi/4.8.3/../../../../arm-none-eabi/lib/armv6-m\libc_s.a(lib_a-strlen.o)
 .ARM.attributes
                0x00000705       0x2c c:/siliconlabs/simplicitystudio/v3/developer/toolchains/gnu_arm/4.8_2013q4/bin/../lib/gcc/arm-none-eabi/4.8.3/../../../../arm-none-eabi/lib/armv6-m\libc_s.a(lib_a-strncmp.o)
 .ARM.attributes
                0x00000731       0x2c c:/siliconlabs/simplicitystudio/v3/developer/toolchains/gnu_arm/4.8_2013q4/bin/../lib/gcc/arm-none-eabi/4.8.3/../../../../arm-none-eabi/lib/armv6-m\libc_s.a(lib_a-vfprintf.o)
 .ARM.attributes
                0x0000075d       0x2c c:/siliconlabs/simplicitystudio/v3/developer/toolchains/gnu_arm/4.8_2013q4/bin/../lib/gcc/arm-none-eabi/4.8.3/../../../../arm-none-eabi/lib/armv6-m\libc_s.a(lib_a-vfprintf_i.o)
 .ARM.attributes
                0x00000789       0x2c c:/siliconlabs/simplicitystudio/v3/developer/toolchains/gnu_arm/4.8_2013q4/bin/../lib/gcc/arm-none-eabi/4.8.3/../../../../arm-none-eabi/lib/armv6-m\libc_s.a(lib_a-wbuf.o)
 .ARM.attributes
                0x000007b5       0x2c c:/siliconlabs/simplicitystudio/v3/developer/toolchains/gnu_arm/4.8_2013q4/bin/../lib/gcc/arm-none-eabi/4.8.3/../../../../arm-none-eabi/lib/armv6-m\libc_s.a(lib_a-writer.o)
 .ARM.attributes
                0x000007e1       0x2c c:/siliconlabs/simplicitystudio/v3/developer/toolchains/gnu_arm/4.8_2013q4/bin/../lib/gcc/arm-none-eabi/4.8.3/../../../../arm-none-eabi/lib/armv6-m\libc_s.a(lib_a-wsetup.o)
 .ARM.attributes
                0x0000080d       0x2c c:/siliconlabs/simplicitystudio/v3/developer/toolchains/gnu_arm/4.8_2013q4/bin/../lib/gcc/arm-none-eabi/4.8.3/../../../../arm-none-eabi/lib/armv6-m\libc_s.a(lib_a-closer.o)
 .ARM.attributes
                0x00000839       0x2c c:/siliconlabs/simplicitystudio/v3/developer/toolchains/gnu_arm/4.8_2013q4/bin/../lib/gcc/arm-none-eabi/4.8.3/../../../../arm-none-eabi/lib/armv6-m\libc_s.a(lib_a-fflush.o)
 .ARM.attributes
                0x00000865       0x2c c:/siliconlabs/simplicitystudio/v3/developer/toolchains/gnu_arm/4.8_2013q4/bin/../lib/gcc/arm-none-eabi/4.8.3/../../../../arm-none-eabi/lib/armv6-m\libc_s.a(lib_a-lseekr.o)
 .ARM.attributes
                0x00000891       0x2c c:/siliconlabs/simplicitystudio/v3/developer/toolchains/gnu_arm/4.8_2013q4/bin/../lib/gcc/arm-none-eabi/4.8.3/../../../../arm-none-eabi/lib/armv6-m\libc_s.a(lib_a-makebuf.o)
 .ARM.attributes
                0x000008bd       0x2c c:/siliconlabs/simplicitystudio/v3/developer/toolchains/gnu_arm/4.8_2013q4/bin/../lib/gcc/arm-none-eabi/4.8.3/../../../../arm-none-eabi/lib/armv6-m\libc_s.a(lib_a-malloc.o)
 .ARM.attributes
                0x000008e9       0x2c c:/siliconlabs/simplicitystudio/v3/developer/toolchains/gnu_arm/4.8_2013q4/bin/../lib/gcc/arm-none-eabi/4.8.3/../../../../arm-none-eabi/lib/armv6-m\libc_s.a(lib_a-memchr-stub.o)
 .ARM.attributes
                0x00000915       0x2c c:/siliconlabs/simplicitystudio/v3/developer/toolchains/gnu_arm/4.8_2013q4/bin/../lib/gcc/arm-none-eabi/4.8.3/../../../../arm-none-eabi/lib/armv6-m\libc_s.a(lib_a-nano-freer.o)
 .ARM.attributes
                0x00000941       0x2c c:/siliconlabs/simplicitystudio/v3/developer/toolchains/gnu_arm/4.8_2013q4/bin/../lib/gcc/arm-none-eabi/4.8.3/../../../../arm-none-eabi/lib/armv6-m\libc_s.a(lib_a-readr.o)
 .ARM.attributes
                0x0000096d       0x2c c:/siliconlabs/simplicitystudio/v3/developer/toolchains/gnu_arm/4.8_2013q4/bin/../lib/gcc/arm-none-eabi/4.8.3/../../../../arm-none-eabi/lib/armv6-m\libc_s.a(lib_a-reent.o)
 .ARM.attributes
                0x00000999       0x2c c:/siliconlabs/simplicitystudio/v3/developer/toolchains/gnu_arm/4.8_2013q4/bin/../lib/gcc/arm-none-eabi/4.8.3/../../../../arm-none-eabi/lib/armv6-m\libc_s.a(lib_a-fstatr.o)
 .ARM.attributes
                0x000009c5       0x2c c:/siliconlabs/simplicitystudio/v3/developer/toolchains/gnu_arm/4.8_2013q4/bin/../lib/gcc/arm-none-eabi/4.8.3/../../../../arm-none-eabi/lib/armv6-m\libc_s.a(lib_a-isattyr.o)
 .ARM.attributes
                0x000009f1       0x2c c:/siliconlabs/simplicitystudio/v3/developer/toolchains/gnu_arm/4.8_2013q4/bin/../lib/gcc/arm-none-eabi/4.8.3/armv6-m/crtend.o
 .ARM.attributes
                0x00000a1d       0x1e c:/siliconlabs/simplicitystudio/v3/developer/toolchains/gnu_arm/4.8_2013q4/bin/../lib/gcc/arm-none-eabi/4.8.3/armv6-m/crtn.o

.comment        0x00000000       0x70
 .comment       0x00000000       0x70 ./src/sdwip_1.o
                                 0x71 (size before relaxing)
 .comment       0x00000000       0x71 ./emlib/em_assert.o
 .comment       0x00000000       0x71 ./emlib/em_cmu.o
 .comment       0x00000000       0x71 ./emlib/em_dma.o
 .comment       0x00000000       0x71 ./emlib/em_emu.o
 .comment       0x00000000       0x71 ./emlib/em_gpio.o
 .comment       0x00000000       0x71 ./emlib/em_i2c.o
 .comment       0x00000000       0x71 ./emlib/em_int.o
 .comment       0x00000000       0x71 ./emlib/em_prs.o
 .comment       0x00000000       0x71 ./emlib/em_rtc.o
 .comment       0x00000000       0x71 ./emlib/em_timer.o
 .comment       0x00000000       0x71 ./emlib/em_usart.o
 .comment       0x00000000       0x71 ./Drivers/display.o
 .comment       0x00000000       0x71 ./Drivers/displayls013b7dh03.o
 .comment       0x00000000       0x71 ./Drivers/displaypalemlib.o
 .comment       0x00000000       0x71 ./Drivers/retargetio.o
 .comment       0x00000000       0x71 ./Drivers/retargettextdisplay.o
 .comment       0x00000000       0x71 ./Drivers/textdisplay.o
 .comment       0x00000000       0x71 ./Drivers/udelay.o
 .comment       0x00000000       0x71 ./CMSIS/efm32zg/system_efm32zg.o

.debug_info     0x00000000     0xa2b7
 .debug_info    0x00000000      0xe41 ./src/sdwip_1.o
 .debug_info    0x00000e41       0x7a ./emlib/em_assert.o
 .debug_info    0x00000ebb      0xf31 ./emlib/em_cmu.o
 .debug_info    0x00001dec      0xf74 ./emlib/em_dma.o
 .debug_info    0x00002d60      0x5e7 ./emlib/em_emu.o
 .debug_info    0x00003347      0x5a6 ./emlib/em_gpio.o
 .debug_info    0x000038ed      0x756 ./emlib/em_i2c.o
 .debug_info    0x00004043       0xa4 ./emlib/em_int.o
 .debug_info    0x000040e7      0x205 ./emlib/em_prs.o
 .debug_info    0x000042ec      0x32b ./emlib/em_rtc.o
 .debug_info    0x00004617      0x5f3 ./emlib/em_timer.o
 .debug_info    0x00004c0a      0xdd3 ./emlib/em_usart.o
 .debug_info    0x000059dd      0x428 ./Drivers/display.o
 .debug_info    0x00005e05      0x5ed ./Drivers/displayls013b7dh03.o
 .debug_info    0x000063f2      0xcea ./Drivers/displaypalemlib.o
 .debug_info    0x000070dc      0xdc7 ./Drivers/retargetio.o
 .debug_info    0x00007ea3      0xc8f ./Drivers/retargettextdisplay.o
 .debug_info    0x00008b32      0x9a4 ./Drivers/textdisplay.o
 .debug_info    0x000094d6      0x8d1 ./Drivers/udelay.o
 .debug_info    0x00009da7       0xe9 ./CMSIS/efm32zg/startup_efm32zg.o
 .debug_info    0x00009e90      0x427 ./CMSIS/efm32zg/system_efm32zg.o

.debug_abbrev   0x00000000     0x203d
 .debug_abbrev  0x00000000      0x231 ./src/sdwip_1.o
 .debug_abbrev  0x00000231       0x66 ./emlib/em_assert.o
 .debug_abbrev  0x00000297      0x29c ./emlib/em_cmu.o
 .debug_abbrev  0x00000533      0x238 ./emlib/em_dma.o
 .debug_abbrev  0x0000076b      0x1c6 ./emlib/em_emu.o
 .debug_abbrev  0x00000931      0x1aa ./emlib/em_gpio.o
 .debug_abbrev  0x00000adb      0x217 ./emlib/em_i2c.o
 .debug_abbrev  0x00000cf2       0x45 ./emlib/em_int.o
 .debug_abbrev  0x00000d37       0xe4 ./emlib/em_prs.o
 .debug_abbrev  0x00000e1b      0x16e ./emlib/em_rtc.o
 .debug_abbrev  0x00000f89      0x13d ./emlib/em_timer.o
 .debug_abbrev  0x000010c6      0x1e7 ./emlib/em_usart.o
 .debug_abbrev  0x000012ad       0xf3 ./Drivers/display.o
 .debug_abbrev  0x000013a0      0x165 ./Drivers/displayls013b7dh03.o
 .debug_abbrev  0x00001505      0x1cb ./Drivers/displaypalemlib.o
 .debug_abbrev  0x000016d0      0x253 ./Drivers/retargetio.o
 .debug_abbrev  0x00001923      0x1d6 ./Drivers/retargettextdisplay.o
 .debug_abbrev  0x00001af9      0x1d8 ./Drivers/textdisplay.o
 .debug_abbrev  0x00001cd1      0x1fa ./Drivers/udelay.o
 .debug_abbrev  0x00001ecb       0x14 ./CMSIS/efm32zg/startup_efm32zg.o
 .debug_abbrev  0x00001edf      0x15e ./CMSIS/efm32zg/system_efm32zg.o

.debug_loc      0x00000000     0x2af2
 .debug_loc     0x00000000      0x2b4 ./src/sdwip_1.o
 .debug_loc     0x000002b4       0x38 ./emlib/em_assert.o
 .debug_loc     0x000002ec      0x728 ./emlib/em_cmu.o
 .debug_loc     0x00000a14      0x3f0 ./emlib/em_dma.o
 .debug_loc     0x00000e04      0x22c ./emlib/em_emu.o
 .debug_loc     0x00001030      0x1f8 ./emlib/em_gpio.o
 .debug_loc     0x00001228      0x1c0 ./emlib/em_i2c.o
 .debug_loc     0x000013e8       0x70 ./emlib/em_prs.o
 .debug_loc     0x00001458      0x1a8 ./emlib/em_rtc.o
 .debug_loc     0x00001600       0xa8 ./emlib/em_timer.o
 .debug_loc     0x000016a8      0x49a ./emlib/em_usart.o
 .debug_loc     0x00001b42       0xe0 ./Drivers/display.o
 .debug_loc     0x00001c22      0x1c0 ./Drivers/displayls013b7dh03.o
 .debug_loc     0x00001de2      0x3f0 ./Drivers/displaypalemlib.o
 .debug_loc     0x000021d2      0x224 ./Drivers/retargetio.o
 .debug_loc     0x000023f6       0xd6 ./Drivers/retargettextdisplay.o
 .debug_loc     0x000024cc      0x26a ./Drivers/textdisplay.o
 .debug_loc     0x00002736      0x1d4 ./Drivers/udelay.o
 .debug_loc     0x0000290a      0x1e8 ./CMSIS/efm32zg/system_efm32zg.o

.debug_aranges  0x00000000      0x850
 .debug_aranges
                0x00000000       0x80 ./src/sdwip_1.o
 .debug_aranges
                0x00000080       0x20 ./emlib/em_assert.o
 .debug_aranges
                0x000000a0      0x128 ./emlib/em_cmu.o
 .debug_aranges
                0x000001c8       0xa8 ./emlib/em_dma.o
 .debug_aranges
                0x00000270       0x70 ./emlib/em_emu.o
 .debug_aranges
                0x000002e0       0x60 ./emlib/em_gpio.o
 .debug_aranges
                0x00000340       0x58 ./emlib/em_i2c.o
 .debug_aranges
                0x00000398       0x18 ./emlib/em_int.o
 .debug_aranges
                0x000003b0       0x28 ./emlib/em_prs.o
 .debug_aranges
                0x000003d8       0x58 ./emlib/em_rtc.o
 .debug_aranges
                0x00000430       0x30 ./emlib/em_timer.o
 .debug_aranges
                0x00000460       0xc0 ./emlib/em_usart.o
 .debug_aranges
                0x00000520       0x38 ./Drivers/display.o
 .debug_aranges
                0x00000558       0x58 ./Drivers/displayls013b7dh03.o
 .debug_aranges
                0x000005b0       0xa8 ./Drivers/displaypalemlib.o
 .debug_aranges
                0x00000658       0x68 ./Drivers/retargetio.o
 .debug_aranges
                0x000006c0       0x38 ./Drivers/retargettextdisplay.o
 .debug_aranges
                0x000006f8       0x70 ./Drivers/textdisplay.o
 .debug_aranges
                0x00000768       0x60 ./Drivers/udelay.o
 .debug_aranges
                0x000007c8       0x20 ./CMSIS/efm32zg/startup_efm32zg.o
 .debug_aranges
                0x000007e8       0x68 ./CMSIS/efm32zg/system_efm32zg.o

.debug_ranges   0x00000000      0x6e8
 .debug_ranges  0x00000000       0x70 ./src/sdwip_1.o
 .debug_ranges  0x00000070       0x10 ./emlib/em_assert.o
 .debug_ranges  0x00000080      0x118 ./emlib/em_cmu.o
 .debug_ranges  0x00000198       0x98 ./emlib/em_dma.o
 .debug_ranges  0x00000230       0x60 ./emlib/em_emu.o
 .debug_ranges  0x00000290       0x50 ./emlib/em_gpio.o
 .debug_ranges  0x000002e0       0x48 ./emlib/em_i2c.o
 .debug_ranges  0x00000328       0x18 ./emlib/em_prs.o
 .debug_ranges  0x00000340       0x48 ./emlib/em_rtc.o
 .debug_ranges  0x00000388       0x20 ./emlib/em_timer.o
 .debug_ranges  0x000003a8       0xb0 ./emlib/em_usart.o
 .debug_ranges  0x00000458       0x28 ./Drivers/display.o
 .debug_ranges  0x00000480       0x48 ./Drivers/displayls013b7dh03.o
 .debug_ranges  0x000004c8       0x98 ./Drivers/displaypalemlib.o
 .debug_ranges  0x00000560       0x58 ./Drivers/retargetio.o
 .debug_ranges  0x000005b8       0x28 ./Drivers/retargettextdisplay.o
 .debug_ranges  0x000005e0       0x60 ./Drivers/textdisplay.o
 .debug_ranges  0x00000640       0x50 ./Drivers/udelay.o
 .debug_ranges  0x00000690       0x58 ./CMSIS/efm32zg/system_efm32zg.o

.debug_line     0x00000000     0x70b4
 .debug_line    0x00000000      0x3c6 ./src/sdwip_1.o
 .debug_line    0x000003c6       0xd9 ./emlib/em_assert.o
 .debug_line    0x0000049f      0xc06 ./emlib/em_cmu.o
 .debug_line    0x000010a5      0x972 ./emlib/em_dma.o
 .debug_line    0x00001a17      0x7d3 ./emlib/em_emu.o
 .debug_line    0x000021ea      0x7d0 ./emlib/em_gpio.o
 .debug_line    0x000029ba      0x7f9 ./emlib/em_i2c.o
 .debug_line    0x000031b3      0x63b ./emlib/em_int.o
 .debug_line    0x000037ee      0x685 ./emlib/em_prs.o
 .debug_line    0x00003e73      0x73c ./emlib/em_rtc.o
 .debug_line    0x000045af      0x7ac ./emlib/em_timer.o
 .debug_line    0x00004d5b      0x9d5 ./emlib/em_usart.o
 .debug_line    0x00005730      0x1c0 ./Drivers/display.o
 .debug_line    0x000058f0      0x267 ./Drivers/displayls013b7dh03.o
 .debug_line    0x00005b57      0x49c ./Drivers/displaypalemlib.o
 .debug_line    0x00005ff3      0x348 ./Drivers/retargetio.o
 .debug_line    0x0000633b      0x2bb ./Drivers/retargettextdisplay.o
 .debug_line    0x000065f6      0x42e ./Drivers/textdisplay.o
 .debug_line    0x00006a24      0x395 ./Drivers/udelay.o
 .debug_line    0x00006db9       0xc0 ./CMSIS/efm32zg/startup_efm32zg.o
 .debug_line    0x00006e79      0x23b ./CMSIS/efm32zg/system_efm32zg.o

.debug_str      0x00000000    0x5eba3
 .debug_str     0x00000000      0xbb0 ./src/sdwip_1.o
                                0xc94 (size before relaxing)
 .debug_str     0x00000bb0     0x2385 ./emlib/em_assert.o
                               0x2394 (size before relaxing)
 .debug_str     0x00002f35    0x57d7c ./emlib/em_cmu.o
                              0x5a46b (size before relaxing)
 .debug_str     0x0005acb1      0xf62 ./emlib/em_dma.o
                              0x5ad76 (size before relaxing)
 .debug_str     0x0005bc13      0x1be ./emlib/em_emu.o
                              0x59dcf (size before relaxing)
 .debug_str     0x0005bdd1      0x54e ./emlib/em_gpio.o
                              0x59bc2 (size before relaxing)
 .debug_str     0x0005c31f      0x328 ./emlib/em_i2c.o
                              0x5a141 (size before relaxing)
 .debug_str     0x0005c647       0x75 ./emlib/em_int.o
                              0x59329 (size before relaxing)
 .debug_str     0x0005c6bc      0x112 ./emlib/em_prs.o
                              0x5943f (size before relaxing)
 .debug_str     0x0005c7ce      0x154 ./emlib/em_rtc.o
                              0x59516 (size before relaxing)
 .debug_str     0x0005c922      0x443 ./emlib/em_timer.o
                              0x59a9b (size before relaxing)
 .debug_str     0x0005cd65      0xc11 ./emlib/em_usart.o
                              0x5a870 (size before relaxing)
 .debug_str     0x0005d976      0x2df ./Drivers/display.o
                                0x46b (size before relaxing)
 .debug_str     0x0005dc55      0x11f ./Drivers/displayls013b7dh03.o
                                0x519 (size before relaxing)
 .debug_str     0x0005dd74      0x1d1 ./Drivers/displaypalemlib.o
                                0xbbf (size before relaxing)
 .debug_str     0x0005df45      0x525 ./Drivers/retargetio.o
                                0x769 (size before relaxing)
 .debug_str     0x0005e46a      0x12a ./Drivers/retargettextdisplay.o
                                0x863 (size before relaxing)
 .debug_str     0x0005e594      0x343 ./Drivers/textdisplay.o
                                0x717 (size before relaxing)
 .debug_str     0x0005e8d7      0x174 ./Drivers/udelay.o
                                0x83e (size before relaxing)
 .debug_str     0x0005ea4b      0x158 ./CMSIS/efm32zg/system_efm32zg.o
                                0x3fa (size before relaxing)

.debug_frame    0x00000000     0x21c8
 .debug_frame   0x00000000      0x1a4 ./src/sdwip_1.o
 .debug_frame   0x000001a4       0x30 ./emlib/em_assert.o
 .debug_frame   0x000001d4      0x438 ./emlib/em_cmu.o
 .debug_frame   0x0000060c      0x250 ./emlib/em_dma.o
 .debug_frame   0x0000085c      0x15c ./emlib/em_emu.o
 .debug_frame   0x000009b8      0x134 ./emlib/em_gpio.o
 .debug_frame   0x00000aec      0x110 ./emlib/em_i2c.o
 .debug_frame   0x00000bfc       0x50 ./emlib/em_prs.o
 .debug_frame   0x00000c4c      0x108 ./emlib/em_rtc.o
 .debug_frame   0x00000d54       0x70 ./emlib/em_timer.o
 .debug_frame   0x00000dc4      0x2b4 ./emlib/em_usart.o
 .debug_frame   0x00001078       0x90 ./Drivers/display.o
 .debug_frame   0x00001108      0x110 ./Drivers/displayls013b7dh03.o
 .debug_frame   0x00001218      0x250 ./Drivers/displaypalemlib.o
 .debug_frame   0x00001468      0x14c ./Drivers/retargetio.o
 .debug_frame   0x000015b4       0x8c ./Drivers/retargettextdisplay.o
 .debug_frame   0x00001640      0x170 ./Drivers/textdisplay.o
 .debug_frame   0x000017b0      0x124 ./Drivers/udelay.o
 .debug_frame   0x000018d4      0x138 ./CMSIS/efm32zg/system_efm32zg.o
 .debug_frame   0x00001a0c       0x20 c:/siliconlabs/simplicitystudio/v3/developer/toolchains/gnu_arm/4.8_2013q4/bin/../lib/gcc/arm-none-eabi/4.8.3/armv6-m\libgcc.a(_udivsi3.o)
 .debug_frame   0x00001a2c       0x28 c:/siliconlabs/simplicitystudio/v3/developer/toolchains/gnu_arm/4.8_2013q4/bin/../lib/gcc/arm-none-eabi/4.8.3/../../../../arm-none-eabi/lib/armv6-m\libc_s.a(lib_a-exit.o)
 .debug_frame   0x00001a54       0x2c c:/siliconlabs/simplicitystudio/v3/developer/toolchains/gnu_arm/4.8_2013q4/bin/../lib/gcc/arm-none-eabi/4.8.3/../../../../arm-none-eabi/lib/armv6-m\libc_s.a(lib_a-fileno.o)
 .debug_frame   0x00001a80      0x148 c:/siliconlabs/simplicitystudio/v3/developer/toolchains/gnu_arm/4.8_2013q4/bin/../lib/gcc/arm-none-eabi/4.8.3/../../../../arm-none-eabi/lib/armv6-m\libc_s.a(lib_a-findfp.o)
 .debug_frame   0x00001bc8       0x2c c:/siliconlabs/simplicitystudio/v3/developer/toolchains/gnu_arm/4.8_2013q4/bin/../lib/gcc/arm-none-eabi/4.8.3/../../../../arm-none-eabi/lib/armv6-m\libc_s.a(lib_a-init.o)
 .debug_frame   0x00001bf4       0x28 c:/siliconlabs/simplicitystudio/v3/developer/toolchains/gnu_arm/4.8_2013q4/bin/../lib/gcc/arm-none-eabi/4.8.3/../../../../arm-none-eabi/lib/armv6-m\libc_s.a(lib_a-memcpy-stub.o)
 .debug_frame   0x00001c1c       0x20 c:/siliconlabs/simplicitystudio/v3/developer/toolchains/gnu_arm/4.8_2013q4/bin/../lib/gcc/arm-none-eabi/4.8.3/../../../../arm-none-eabi/lib/armv6-m\libc_s.a(lib_a-memset.o)
 .debug_frame   0x00001c3c       0x2c c:/siliconlabs/simplicitystudio/v3/developer/toolchains/gnu_arm/4.8_2013q4/bin/../lib/gcc/arm-none-eabi/4.8.3/../../../../arm-none-eabi/lib/armv6-m\libc_s.a(lib_a-nano-mallocr.o)
 .debug_frame   0x00001c68       0x50 c:/siliconlabs/simplicitystudio/v3/developer/toolchains/gnu_arm/4.8_2013q4/bin/../lib/gcc/arm-none-eabi/4.8.3/../../../../arm-none-eabi/lib/armv6-m\libc_s.a(lib_a-printf.o)
 .debug_frame   0x00001cb8       0x2c c:/siliconlabs/simplicitystudio/v3/developer/toolchains/gnu_arm/4.8_2013q4/bin/../lib/gcc/arm-none-eabi/4.8.3/../../../../arm-none-eabi/lib/armv6-m\libc_s.a(lib_a-sbrkr.o)
 .debug_frame   0x00001ce4       0x34 c:/siliconlabs/simplicitystudio/v3/developer/toolchains/gnu_arm/4.8_2013q4/bin/../lib/gcc/arm-none-eabi/4.8.3/../../../../arm-none-eabi/lib/armv6-m\libc_s.a(lib_a-setvbuf.o)
 .debug_frame   0x00001d18       0x90 c:/siliconlabs/simplicitystudio/v3/developer/toolchains/gnu_arm/4.8_2013q4/bin/../lib/gcc/arm-none-eabi/4.8.3/../../../../arm-none-eabi/lib/armv6-m\libc_s.a(lib_a-stdio.o)
 .debug_frame   0x00001da8       0x20 c:/siliconlabs/simplicitystudio/v3/developer/toolchains/gnu_arm/4.8_2013q4/bin/../lib/gcc/arm-none-eabi/4.8.3/../../../../arm-none-eabi/lib/armv6-m\libc_s.a(lib_a-strlen.o)
 .debug_frame   0x00001dc8       0x28 c:/siliconlabs/simplicitystudio/v3/developer/toolchains/gnu_arm/4.8_2013q4/bin/../lib/gcc/arm-none-eabi/4.8.3/../../../../arm-none-eabi/lib/armv6-m\libc_s.a(lib_a-strncmp.o)
 .debug_frame   0x00001df0       0xa0 c:/siliconlabs/simplicitystudio/v3/developer/toolchains/gnu_arm/4.8_2013q4/bin/../lib/gcc/arm-none-eabi/4.8.3/../../../../arm-none-eabi/lib/armv6-m\libc_s.a(lib_a-vfprintf.o)
 .debug_frame   0x00001e90       0x54 c:/siliconlabs/simplicitystudio/v3/developer/toolchains/gnu_arm/4.8_2013q4/bin/../lib/gcc/arm-none-eabi/4.8.3/../../../../arm-none-eabi/lib/armv6-m\libc_s.a(lib_a-vfprintf_i.o)
 .debug_frame   0x00001ee4       0x44 c:/siliconlabs/simplicitystudio/v3/developer/toolchains/gnu_arm/4.8_2013q4/bin/../lib/gcc/arm-none-eabi/4.8.3/../../../../arm-none-eabi/lib/armv6-m\libc_s.a(lib_a-wbuf.o)
 .debug_frame   0x00001f28       0x2c c:/siliconlabs/simplicitystudio/v3/developer/toolchains/gnu_arm/4.8_2013q4/bin/../lib/gcc/arm-none-eabi/4.8.3/../../../../arm-none-eabi/lib/armv6-m\libc_s.a(lib_a-writer.o)
 .debug_frame   0x00001f54       0x2c c:/siliconlabs/simplicitystudio/v3/developer/toolchains/gnu_arm/4.8_2013q4/bin/../lib/gcc/arm-none-eabi/4.8.3/../../../../arm-none-eabi/lib/armv6-m\libc_s.a(lib_a-wsetup.o)
 .debug_frame   0x00001f80       0x2c c:/siliconlabs/simplicitystudio/v3/developer/toolchains/gnu_arm/4.8_2013q4/bin/../lib/gcc/arm-none-eabi/4.8.3/../../../../arm-none-eabi/lib/armv6-m\libc_s.a(lib_a-closer.o)
 .debug_frame   0x00001fac       0x68 c:/siliconlabs/simplicitystudio/v3/developer/toolchains/gnu_arm/4.8_2013q4/bin/../lib/gcc/arm-none-eabi/4.8.3/../../../../arm-none-eabi/lib/armv6-m\libc_s.a(lib_a-fflush.o)
 .debug_frame   0x00002014       0x2c c:/siliconlabs/simplicitystudio/v3/developer/toolchains/gnu_arm/4.8_2013q4/bin/../lib/gcc/arm-none-eabi/4.8.3/../../../../arm-none-eabi/lib/armv6-m\libc_s.a(lib_a-lseekr.o)
 .debug_frame   0x00002040       0x30 c:/siliconlabs/simplicitystudio/v3/developer/toolchains/gnu_arm/4.8_2013q4/bin/../lib/gcc/arm-none-eabi/4.8.3/../../../../arm-none-eabi/lib/armv6-m\libc_s.a(lib_a-makebuf.o)
 .debug_frame   0x00002070       0x40 c:/siliconlabs/simplicitystudio/v3/developer/toolchains/gnu_arm/4.8_2013q4/bin/../lib/gcc/arm-none-eabi/4.8.3/../../../../arm-none-eabi/lib/armv6-m\libc_s.a(lib_a-malloc.o)
 .debug_frame   0x000020b0       0x20 c:/siliconlabs/simplicitystudio/v3/developer/toolchains/gnu_arm/4.8_2013q4/bin/../lib/gcc/arm-none-eabi/4.8.3/../../../../arm-none-eabi/lib/armv6-m\libc_s.a(lib_a-memchr-stub.o)
 .debug_frame   0x000020d0       0x2c c:/siliconlabs/simplicitystudio/v3/developer/toolchains/gnu_arm/4.8_2013q4/bin/../lib/gcc/arm-none-eabi/4.8.3/../../../../arm-none-eabi/lib/armv6-m\libc_s.a(lib_a-nano-freer.o)
 .debug_frame   0x000020fc       0x2c c:/siliconlabs/simplicitystudio/v3/developer/toolchains/gnu_arm/4.8_2013q4/bin/../lib/gcc/arm-none-eabi/4.8.3/../../../../arm-none-eabi/lib/armv6-m\libc_s.a(lib_a-readr.o)
 .debug_frame   0x00002128       0x48 c:/siliconlabs/simplicitystudio/v3/developer/toolchains/gnu_arm/4.8_2013q4/bin/../lib/gcc/arm-none-eabi/4.8.3/../../../../arm-none-eabi/lib/armv6-m\libc_s.a(lib_a-reent.o)
 .debug_frame   0x00002170       0x2c c:/siliconlabs/simplicitystudio/v3/developer/toolchains/gnu_arm/4.8_2013q4/bin/../lib/gcc/arm-none-eabi/4.8.3/../../../../arm-none-eabi/lib/armv6-m\libc_s.a(lib_a-fstatr.o)
 .debug_frame   0x0000219c       0x2c c:/siliconlabs/simplicitystudio/v3/developer/toolchains/gnu_arm/4.8_2013q4/bin/../lib/gcc/arm-none-eabi/4.8.3/../../../../arm-none-eabi/lib/armv6-m\libc_s.a(lib_a-isattyr.o)

.debug_macro    0x00000000     0x1f38
 .debug_macro   0x00000000       0x1a ./emlib/em_assert.o
 .debug_macro   0x0000001a      0x2da ./emlib/em_cmu.o
 .debug_macro   0x000002f4       0x11 ./emlib/em_cmu.o
 .debug_macro   0x00000305      0x30b ./emlib/em_dma.o
 .debug_macro   0x00000610       0x1c ./emlib/em_dma.o
 .debug_macro   0x0000062c       0x10 ./emlib/em_dma.o
 .debug_macro   0x0000063c       0x10 ./emlib/em_dma.o
 .debug_macro   0x0000064c       0x22 ./emlib/em_dma.o
 .debug_macro   0x0000066e       0xbd ./emlib/em_dma.o
 .debug_macro   0x0000072b       0x16 ./emlib/em_dma.o
 .debug_macro   0x00000741      0x14a ./emlib/em_dma.o
 .debug_macro   0x0000088b      0x2c4 ./emlib/em_emu.o
 .debug_macro   0x00000b4f      0x2b5 ./emlib/em_gpio.o
 .debug_macro   0x00000e04       0x76 ./emlib/em_gpio.o
 .debug_macro   0x00000e7a      0x2d2 ./emlib/em_i2c.o
 .debug_macro   0x0000114c       0x3f ./emlib/em_i2c.o
 .debug_macro   0x0000118b      0x28d ./emlib/em_int.o
 .debug_macro   0x00001418      0x297 ./emlib/em_prs.o
 .debug_macro   0x000016af      0x2b6 ./emlib/em_rtc.o
 .debug_macro   0x00001965      0x2a9 ./emlib/em_timer.o
 .debug_macro   0x00001c0e       0x1e ./emlib/em_timer.o
 .debug_macro   0x00001c2c      0x2e5 ./emlib/em_usart.o
 .debug_macro   0x00001f11       0x27 ./emlib/em_usart.o
