Archive member included because of file (symbol)

c:/siliconlabs/simplicitystudio/v3/developer/toolchains/gnu_arm/4.8_2013q4/bin/../lib/gcc/arm-none-eabi/4.8.3/armv6-m\libgcc.a(_udivsi3.o)
                              ./src/main.o (__aeabi_uidiv)
c:/siliconlabs/simplicitystudio/v3/developer/toolchains/gnu_arm/4.8_2013q4/bin/../lib/gcc/arm-none-eabi/4.8.3/armv6-m\libgcc.a(_dvmd_tls.o)
                              c:/siliconlabs/simplicitystudio/v3/developer/toolchains/gnu_arm/4.8_2013q4/bin/../lib/gcc/arm-none-eabi/4.8.3/armv6-m\libgcc.a(_udivsi3.o) (__aeabi_idiv0)
c:/siliconlabs/simplicitystudio/v3/developer/toolchains/gnu_arm/4.8_2013q4/bin/../lib/gcc/arm-none-eabi/4.8.3/armv6-m\libgcc.a(_aeabi_uldivmod.o)
                              ./emlib/em_usart.o (__aeabi_uldivmod)
c:/siliconlabs/simplicitystudio/v3/developer/toolchains/gnu_arm/4.8_2013q4/bin/../lib/gcc/arm-none-eabi/4.8.3/armv6-m\libgcc.a(_muldi3.o)
                              ./emlib/em_usart.o (__aeabi_lmul)
c:/siliconlabs/simplicitystudio/v3/developer/toolchains/gnu_arm/4.8_2013q4/bin/../lib/gcc/arm-none-eabi/4.8.3/armv6-m\libgcc.a(bpabi.o)
                              c:/siliconlabs/simplicitystudio/v3/developer/toolchains/gnu_arm/4.8_2013q4/bin/../lib/gcc/arm-none-eabi/4.8.3/armv6-m\libgcc.a(_aeabi_uldivmod.o) (__gnu_uldivmod_helper)
c:/siliconlabs/simplicitystudio/v3/developer/toolchains/gnu_arm/4.8_2013q4/bin/../lib/gcc/arm-none-eabi/4.8.3/armv6-m\libgcc.a(_divdi3.o)
                              c:/siliconlabs/simplicitystudio/v3/developer/toolchains/gnu_arm/4.8_2013q4/bin/../lib/gcc/arm-none-eabi/4.8.3/armv6-m\libgcc.a(bpabi.o) (__divdi3)
c:/siliconlabs/simplicitystudio/v3/developer/toolchains/gnu_arm/4.8_2013q4/bin/../lib/gcc/arm-none-eabi/4.8.3/armv6-m\libgcc.a(_udivdi3.o)
                              c:/siliconlabs/simplicitystudio/v3/developer/toolchains/gnu_arm/4.8_2013q4/bin/../lib/gcc/arm-none-eabi/4.8.3/armv6-m\libgcc.a(bpabi.o) (__udivdi3)
c:/siliconlabs/simplicitystudio/v3/developer/toolchains/gnu_arm/4.8_2013q4/bin/../lib/gcc/arm-none-eabi/4.8.3/armv6-m\libgcc.a(_clzsi2.o)
                              c:/siliconlabs/simplicitystudio/v3/developer/toolchains/gnu_arm/4.8_2013q4/bin/../lib/gcc/arm-none-eabi/4.8.3/armv6-m\libgcc.a(_divdi3.o) (__clzsi2)
c:/siliconlabs/simplicitystudio/v3/developer/toolchains/gnu_arm/4.8_2013q4/bin/../lib/gcc/arm-none-eabi/4.8.3/../../../../arm-none-eabi/lib/armv6-m\libc_s.a(lib_a-ctype_.o)
                              ./Drivers/textdisplay.o (__ctype_ptr__)
c:/siliconlabs/simplicitystudio/v3/developer/toolchains/gnu_arm/4.8_2013q4/bin/../lib/gcc/arm-none-eabi/4.8.3/../../../../arm-none-eabi/lib/armv6-m\libc_s.a(lib_a-exit.o)
                              c:/siliconlabs/simplicitystudio/v3/developer/toolchains/gnu_arm/4.8_2013q4/bin/../lib/gcc/arm-none-eabi/4.8.3/../../../../arm-none-eabi/lib/armv6-m/crt0.o (exit)
c:/siliconlabs/simplicitystudio/v3/developer/toolchains/gnu_arm/4.8_2013q4/bin/../lib/gcc/arm-none-eabi/4.8.3/../../../../arm-none-eabi/lib/armv6-m\libc_s.a(lib_a-fileno.o)
                              ./Drivers/retargetio.o (fileno)
c:/siliconlabs/simplicitystudio/v3/developer/toolchains/gnu_arm/4.8_2013q4/bin/../lib/gcc/arm-none-eabi/4.8.3/../../../../arm-none-eabi/lib/armv6-m\libc_s.a(lib_a-findfp.o)
                              c:/siliconlabs/simplicitystudio/v3/developer/toolchains/gnu_arm/4.8_2013q4/bin/../lib/gcc/arm-none-eabi/4.8.3/../../../../arm-none-eabi/lib/armv6-m\libc_s.a(lib_a-fileno.o) (__sinit)
c:/siliconlabs/simplicitystudio/v3/developer/toolchains/gnu_arm/4.8_2013q4/bin/../lib/gcc/arm-none-eabi/4.8.3/../../../../arm-none-eabi/lib/armv6-m\libc_s.a(lib_a-fwalk.o)
                              c:/siliconlabs/simplicitystudio/v3/developer/toolchains/gnu_arm/4.8_2013q4/bin/../lib/gcc/arm-none-eabi/4.8.3/../../../../arm-none-eabi/lib/armv6-m\libc_s.a(lib_a-findfp.o) (_fwalk)
c:/siliconlabs/simplicitystudio/v3/developer/toolchains/gnu_arm/4.8_2013q4/bin/../lib/gcc/arm-none-eabi/4.8.3/../../../../arm-none-eabi/lib/armv6-m\libc_s.a(lib_a-impure.o)
                              c:/siliconlabs/simplicitystudio/v3/developer/toolchains/gnu_arm/4.8_2013q4/bin/../lib/gcc/arm-none-eabi/4.8.3/../../../../arm-none-eabi/lib/armv6-m\libc_s.a(lib_a-exit.o) (_global_impure_ptr)
c:/siliconlabs/simplicitystudio/v3/developer/toolchains/gnu_arm/4.8_2013q4/bin/../lib/gcc/arm-none-eabi/4.8.3/../../../../arm-none-eabi/lib/armv6-m\libc_s.a(lib_a-init.o)
                              c:/siliconlabs/simplicitystudio/v3/developer/toolchains/gnu_arm/4.8_2013q4/bin/../lib/gcc/arm-none-eabi/4.8.3/../../../../arm-none-eabi/lib/armv6-m/crt0.o (__libc_init_array)
c:/siliconlabs/simplicitystudio/v3/developer/toolchains/gnu_arm/4.8_2013q4/bin/../lib/gcc/arm-none-eabi/4.8.3/../../../../arm-none-eabi/lib/armv6-m\libc_s.a(lib_a-memcpy-stub.o)
                              ./Drivers/display.o (memcpy)
[...]
Memory Configuration

Name             Origin             Length             Attributes
FLASH            0x00000000         0x00008000         xr
RAM              0x20000000         0x00001000         xrw
*default*        0x00000000         0xffffffff

Linker script and memory map

LOAD c:/siliconlabs/simplicitystudio/v3/developer/toolchains/gnu_arm/4.8_2013q4/bin/../lib/gcc/arm-none-eabi/4.8.3/armv6-m/crti.o
LOAD c:/siliconlabs/simplicitystudio/v3/developer/toolchains/gnu_arm/4.8_2013q4/bin/../lib/gcc/arm-none-eabi/4.8.3/armv6-m/crtbegin.o
LOAD c:/siliconlabs/simplicitystudio/v3/developer/toolchains/gnu_arm/4.8_2013q4/bin/../lib/gcc/arm-none-eabi/4.8.3/../../../../arm-none-eabi/lib/armv6-m/crt0.o
LOAD ./src/main.o
LOAD ./emlib/em_assert.o
LOAD ./emlib/em_cmu.o
LOAD ./emlib/em_ebi.o
LOAD ./emlib/em_emu.o
LOAD ./emlib/em_gpio.o
LOAD ./emlib/em_int.o
LOAD ./emlib/em_leuart.o
LOAD ./emlib/em_prs.o
LOAD ./emlib/em_rtc.o
LOAD ./emlib/em_system.o
LOAD ./emlib/em_usart.o
LOAD ./Drivers/display.o
LOAD ./Drivers/displayls013b7dh03.o
LOAD ./Drivers/displaypalemlib.o
LOAD ./Drivers/retargetio.o
LOAD ./Drivers/retargettextdisplay.o
LOAD ./Drivers/textdisplay.o
LOAD ./Drivers/udelay.o
LOAD ./CMSIS/efm32zg/startup_efm32zg.o
LOAD ./CMSIS/efm32zg/system_efm32zg.o
LOAD ./BSP/bsp_bcc.o
LOAD ./BSP/bsp_stk.o
LOAD ./BSP/bsp_stk_leds.o
START GROUP
LOAD c:/siliconlabs/simplicitystudio/v3/developer/toolchains/gnu_arm/4.8_2013q4/bin/../lib/gcc/arm-none-eabi/4.8.3/armv6-m\libgcc.a
LOAD c:/siliconlabs/simplicitystudio/v3/developer/toolchains/gnu_arm/4.8_2013q4/bin/../lib/gcc/arm-none-eabi/4.8.3/../../../../arm-none-eabi/lib/armv6-m\libc_s.a
LOAD c:/siliconlabs/simplicitystudio/v3/developer/toolchains/gnu_arm/4.8_2013q4/bin/../lib/gcc/arm-none-eabi/4.8.3/../../../../arm-none-eabi/lib/armv6-m\libnosys.a
END GROUP
START GROUP
LOAD c:/siliconlabs/simplicitystudio/v3/developer/toolchains/gnu_arm/4.8_2013q4/bin/../lib/gcc/arm-none-eabi/4.8.3/armv6-m\libgcc.a
LOAD c:/siliconlabs/simplicitystudio/v3/developer/toolchains/gnu_arm/4.8_2013q4/bin/../lib/gcc/arm-none-eabi/4.8.3/../../../../arm-none-eabi/lib/armv6-m\libg_s.a
LOAD c:/siliconlabs/simplicitystudio/v3/developer/toolchains/gnu_arm/4.8_2013q4/bin/../lib/gcc/arm-none-eabi/4.8.3/../../../../arm-none-eabi/lib/armv6-m\libc_s.a
END GROUP
START GROUP
LOAD c:/siliconlabs/simplicitystudio/v3/developer/toolchains/gnu_arm/4.8_2013q4/bin/../lib/gcc/arm-none-eabi/4.8.3/armv6-m\libgcc.a
LOAD c:/siliconlabs/simplicitystudio/v3/developer/toolchains/gnu_arm/4.8_2013q4/bin/../lib/gcc/arm-none-eabi/4.8.3/../../../../arm-none-eabi/lib/armv6-m\libc_s.a
END GROUP
LOAD c:/siliconlabs/simplicitystudio/v3/developer/toolchains/gnu_arm/4.8_2013q4/bin/../lib/gcc/arm-none-eabi/4.8.3/armv6-m/crtend.o
LOAD c:/siliconlabs/simplicitystudio/v3/developer/toolchains/gnu_arm/4.8_2013q4/bin/../lib/gcc/arm-none-eabi/4.8.3/armv6-m/crtn.o

.text           0x00000000     0x5148
 *(.vectors)
 .vectors       0x00000000       0x8c ./CMSIS/efm32zg/startup_efm32zg.o
                0x00000000                __Vectors
                0x0000008c                __Vectors_End = .
                0x0000008c                __Vectors_Size = (__Vectors_End - __Vectors)
                0x0000008c                __end__ = .
 *(.text*)
 .text          0x0000008c       0x60 c:/siliconlabs/simplicitystudio/v3/developer/toolchains/gnu_arm/4.8_2013q4/bin/../lib/gcc/arm-none-eabi/4.8.3/armv6-m/crtbegin.o
 .text          0x000000ec       0x78 c:/siliconlabs/simplicitystudio/v3/developer/toolchains/gnu_arm/4.8_2013q4/bin/../lib/gcc/arm-none-eabi/4.8.3/../../../../arm-none-eabi/lib/armv6-m/crt0.o
                0x000000ec                _start
                0x000000ec                _mainCRTStartup
 .text.NVIC_SetPriority
                0x00000164       0xe0 ./src/main.o
 .text.SysTick_Config
                0x00000244       0x48 ./src/main.o
 .text.CHIP_Init
                0x0000028c        0x8 ./src/main.o
 .text.SysTick_Handler
                0x00000294       0x18 ./src/main.o
                0x00000294                SysTick_Handler
 .text.Delay    0x000002ac       0x28 ./src/main.o
                0x000002ac                Delay
 .text.main     0x000002d4      0x1ac ./src/main.o
                0x000002d4                main
 .text.assertEFM
                0x00000480        0xc ./emlib/em_assert.o
                0x00000480                assertEFM
 .text.__CLZ    0x0000048c       0x34 ./emlib/em_cmu.o
 .text.BUS_RegBitWrite
                0x000004c0       0x3c ./emlib/em_cmu.o
 .text.BUS_RegBitRead
                0x000004fc       0x20 ./emlib/em_cmu.o
 .text.CMU_DivToLog2
                0x0000051c       0x48 ./emlib/em_cmu.o
 .text.CMU_Log2ToDiv
                0x00000564       0x1c ./emlib/em_cmu.o
 .text.auxClkGet
                0x00000580       0x94 ./emlib/em_cmu.o
 .text.dbgClkGet
                0x00000614       0x58 ./emlib/em_cmu.o
 .text.flashWaitStateControl
                0x0000066c       0x7c ./emlib/em_cmu.o
 .text.flashWaitStateMax
                0x000006e8       0x14 ./emlib/em_cmu.o
 .text.lfClkGet
                0x000006fc      0x110 ./emlib/em_cmu.o
 .text.syncReg  0x0000080c       0x2c ./emlib/em_cmu.o
 .text.CMU_ClockDivGet
                0x00000838       0xfc ./emlib/em_cmu.o
                0x00000838                CMU_ClockDivGet
 .text.CMU_ClockDivSet
                0x00000934      0x1a0 ./emlib/em_cmu.o
                0x00000934                CMU_ClockDivSet
 .text.CMU_ClockEnable
                0x00000ad4       0xb8 ./emlib/em_cmu.o
                0x00000ad4                CMU_ClockEnable
 .text.CMU_ClockFreqGet
                0x00000b8c      0x14c ./emlib/em_cmu.o
                0x00000b8c                CMU_ClockFreqGet
 .text.CMU_ClockSelectGet
                0x00000cd8      0x15c ./emlib/em_cmu.o
                0x00000cd8                CMU_ClockSelectGet
 .text.CMU_ClockSelectSet
                0x00000e34      0x1a8 ./emlib/em_cmu.o
                0x00000e34                CMU_ClockSelectSet
 .text.CMU_OscillatorEnable
                0x00000fdc       0xd0 ./emlib/em_cmu.o
                0x00000fdc                CMU_OscillatorEnable
 .text.EMU_UpdateOscConfig
                0x000010ac       0x18 ./emlib/em_emu.o
                0x000010ac                EMU_UpdateOscConfig
 .text.GPIO_PinOutClear
                0x000010c4       0xb8 ./emlib/em_gpio.o
 .text.GPIO_PinOutSet
                0x0000117c       0xb8 ./emlib/em_gpio.o
 .text.GPIO_PinModeSet
                0x00001234      0x1b8 ./emlib/em_gpio.o
                0x00001234                GPIO_PinModeSet
 .text.LEUART_Sync
                0x000013ec       0x28 ./emlib/em_leuart.o
 .text.LEUART_BaudrateSet
                0x00001414       0xb0 ./emlib/em_leuart.o
                0x00001414                LEUART_BaudrateSet
 .text.LEUART_FreezeEnable
                0x000014c4       0x34 ./emlib/em_leuart.o
                0x000014c4                LEUART_FreezeEnable
 .text.LEUART_Init
                0x000014f8       0x94 ./emlib/em_leuart.o
                0x000014f8                LEUART_Init
 .text.PRS_SourceAsyncSignalSet
                0x0000158c       0x4c ./emlib/em_prs.o
                0x0000158c                PRS_SourceAsyncSignalSet
 .text.BUS_RegBitWrite
                0x000015d8       0x3c ./emlib/em_rtc.o
 .text.RTC_CompareSet
                0x00001614       0x54 ./emlib/em_rtc.o
                0x00001614                RTC_CompareSet
 .text.RTC_Enable
                0x00001668       0x28 ./emlib/em_rtc.o
                0x00001668                RTC_Enable
 .text.RTC_FreezeEnable
                0x00001690       0x2c ./emlib/em_rtc.o
                0x00001690                RTC_FreezeEnable
 .text.RTC_Init
                0x000016bc       0x4c ./emlib/em_rtc.o
                0x000016bc                RTC_Init
 .text.RTC_CounterReset
                0x00001708       0x14 ./emlib/em_rtc.o
                0x00001708                RTC_CounterReset
 .text.BUS_RegMaskedWrite
                0x0000171c       0x24 ./emlib/em_usart.o
 .text.USART_BaudrateSyncSet
                0x00001740       0xb4 ./emlib/em_usart.o
                0x00001740                USART_BaudrateSyncSet
 .text.USART_InitSync
                0x000017f4       0xcc ./emlib/em_usart.o
                0x000017f4                USART_InitSync
 .text.USART_Reset
                0x000018c0       0x8c ./emlib/em_usart.o
                0x000018c0                USART_Reset
 .text.USART_Tx
                0x0000194c       0x28 ./emlib/em_usart.o
                0x0000194c                USART_Tx
 .text.USART_TxDouble
                0x00001974       0x28 ./emlib/em_usart.o
                0x00001974                USART_TxDouble
 .text.DISPLAY_Init
                0x0000199c       0x54 ./Drivers/display.o
                0x0000199c                DISPLAY_Init
 .text.DISPLAY_DeviceGet
                0x000019f0       0x60 ./Drivers/display.o
                0x000019f0                DISPLAY_DeviceGet
 .text.DISPLAY_DeviceRegister
                0x00001a50       0x6c ./Drivers/display.o
                0x00001a50                DISPLAY_DeviceRegister
 .text.DISPLAY_Ls013b7dh03Init
                0x00001abc      0x110 ./Drivers/displayls013b7dh03.o
                0x00001abc                DISPLAY_Ls013b7dh03Init
 .text.DriverRefresh
                0x00001bcc       0x20 ./Drivers/displayls013b7dh03.o
 .text.DisplayEnable
                0x00001bec       0x44 ./Drivers/displayls013b7dh03.o
 .text.DisplayClear
                0x00001c30       0x4c ./Drivers/displayls013b7dh03.o
 .text.PixelMatrixAllocate
                0x00001c7c       0x68 ./Drivers/displayls013b7dh03.o
 .text.PixelMatrixFree
                0x00001ce4       0x18 ./Drivers/displayls013b7dh03.o
 .text.PixelMatrixClear
                0x00001cfc       0x44 ./Drivers/displayls013b7dh03.o
 .text.PixelMatrixDraw
                0x00001d40       0xc4 ./Drivers/displayls013b7dh03.o
 .text.GPIO_PinOutClear
                0x00001e04       0xb8 ./Drivers/displaypalemlib.o
 .text.GPIO_PinOutSet
                0x00001ebc       0xb8 ./Drivers/displaypalemlib.o
 .text.PAL_SpiInit
                0x00001f74       0x58 ./Drivers/displaypalemlib.o
                0x00001f74                PAL_SpiInit
 .text.PAL_SpiTransmit
                0x00001fcc       0x74 ./Drivers/displaypalemlib.o
                0x00001fcc                PAL_SpiTransmit
 .text.PAL_TimerInit
                0x00002040       0x18 ./Drivers/displaypalemlib.o
                0x00002040                PAL_TimerInit
 .text.PAL_TimerMicroSecondsDelay
                0x00002058       0x20 ./Drivers/displaypalemlib.o
                0x00002058                PAL_TimerMicroSecondsDelay
 .text.PAL_GpioInit
                0x00002078       0x24 ./Drivers/displaypalemlib.o
                0x00002078                PAL_GpioInit
 .text.PAL_GpioPinModeSet
                0x0000209c       0x4c ./Drivers/displaypalemlib.o
                0x0000209c                PAL_GpioPinModeSet
 .text.PAL_GpioPinOutSet
                0x000020e8       0x28 ./Drivers/displaypalemlib.o
                0x000020e8                PAL_GpioPinOutSet
 .text.PAL_GpioPinOutClear
                0x00002110       0x28 ./Drivers/displaypalemlib.o
                0x00002110                PAL_GpioPinOutClear
 .text.PAL_GpioPinAutoToggle
                0x00002138       0x9c ./Drivers/displaypalemlib.o
                0x00002138                PAL_GpioPinAutoToggle
 .text.palClockSetup
                0x000021d4       0x28 ./Drivers/displaypalemlib.o
 .text.rtcSetup
                0x000021fc       0x9c ./Drivers/displaypalemlib.o
 .text._close   0x00002298       0x14 ./Drivers/retargetio.o
                0x00002298                _close
 .text._exit    0x000022ac        0xc ./Drivers/retargetio.o
                0x000022ac                _exit
 .text._fstat   0x000022b8       0x1c ./Drivers/retargetio.o
                0x000022b8                _fstat
 .text._isatty  0x000022d4       0x14 ./Drivers/retargetio.o
                0x000022d4                _isatty
 .text._lseek   0x000022e8       0x18 ./Drivers/retargetio.o
                0x000022e8                _lseek
 .text._read    0x00002300       0x58 ./Drivers/retargetio.o
                0x00002300                _read
 .text._sbrk    0x00002358       0x80 ./Drivers/retargetio.o
                0x00002358                _sbrk
 .text._write   0x000023d8       0x38 ./Drivers/retargetio.o
                0x000023d8                _write
 .text.RETARGET_TextDisplayInit
                0x00002410       0x68 ./Drivers/retargettextdisplay.o
                0x00002410                RETARGET_TextDisplayInit
 .text.RETARGET_ReadChar
                0x00002478       0x10 ./Drivers/retargettextdisplay.o
                0x00002478                RETARGET_ReadChar
 .text.RETARGET_WriteChar
                0x00002488       0x3c ./Drivers/retargettextdisplay.o
                0x00002488                RETARGET_WriteChar
 .text.TEXTDISPLAY_New
                0x000024c4      0x1d4 ./Drivers/textdisplay.o
                0x000024c4                TEXTDISPLAY_New
 .text.TEXTDISPLAY_WriteChar
                0x00002698       0xf4 ./Drivers/textdisplay.o
                0x00002698                TEXTDISPLAY_WriteChar
 .text.TextdisplayClear
                0x0000278c       0x44 ./Drivers/textdisplay.o
 .text.TextdisplayScrollUp
                0x000027d0       0x8c ./Drivers/textdisplay.o
 .text.TextdisplayEscapeSequence
                0x0000285c      0x1b4 ./Drivers/textdisplay.o
 .text.TextdisplayCharAdd
                0x00002a10      0x154 ./Drivers/textdisplay.o
 .text.TextdisplayLineDraw
                0x00002b64      0x1d8 ./Drivers/textdisplay.o
 .text.TextdisplayUpdate
                0x00002d3c      0x118 ./Drivers/textdisplay.o
 .text.NVIC_ClearPendingIRQ
                0x00002e54       0x34 ./Drivers/udelay.o
 .text.INT_Disable
                0x00002e88       0x28 ./Drivers/udelay.o
 .text.INT_Enable
                0x00002eb0       0x38 ./Drivers/udelay.o
 .text.RTC_CounterGet
                0x00002ee8       0x14 ./Drivers/udelay.o
 .text.UDELAY_Calibrate
                0x00002efc      0x1f4 ./Drivers/udelay.o
                0x00002efc                UDELAY_Calibrate
 .text.UDELAY_Delay
                0x000030f0       0x34 ./Drivers/udelay.o
                0x000030f0                UDELAY_Delay
 .text.calibrate_delay
                0x00003124       0xdc ./Drivers/udelay.o
 .text.clock    0x00003200       0x10 ./Drivers/udelay.o
 .text._delay   0x00003210       0x14 ./Drivers/udelay.o
 .text          0x00003224       0x30 ./CMSIS/efm32zg/startup_efm32zg.o
                0x00003224                Reset_Handler
                0x00003250                HardFault_Handler
                0x00003250                USART1_RX_IRQHandler
                0x00003250                PendSV_Handler
                0x00003250                NMI_Handler
                0x00003250                USART1_TX_IRQHandler
                0x00003250                MSC_IRQHandler
                0x00003250                ADC0_IRQHandler
                0x00003250                LEUART0_IRQHandler
                0x00003250                GPIO_EVEN_IRQHandler
                0x00003250                RTC_IRQHandler
                0x00003250                TIMER0_IRQHandler
                0x00003250                I2C0_IRQHandler
                0x00003250                TIMER1_IRQHandler
                0x00003250                Default_Handler
                0x00003250                PCNT0_IRQHandler
                0x00003250                ACMP0_IRQHandler
                0x00003250                SVC_Handler
                0x00003250                CMU_IRQHandler
                0x00003250                GPIO_ODD_IRQHandler
                0x00003250                AES_IRQHandler
                0x00003250                VCMP_IRQHandler
                0x00003250                DMA_IRQHandler
 .text.SystemCoreClockGet
                0x00003254       0x3c ./CMSIS/efm32zg/system_efm32zg.o
                0x00003254                SystemCoreClockGet
 .text.SystemMaxCoreClockGet
                0x00003290       0x10 ./CMSIS/efm32zg/system_efm32zg.o
                0x00003290                SystemMaxCoreClockGet
 .text.SystemHFClockGet
                0x000032a0       0xcc ./CMSIS/efm32zg/system_efm32zg.o
                0x000032a0                SystemHFClockGet
 .text.SystemInit
                0x0000336c        0x8 ./CMSIS/efm32zg/system_efm32zg.o
                0x0000336c                SystemInit
 .text.SystemLFRCOClockGet
                0x00003374       0x10 ./CMSIS/efm32zg/system_efm32zg.o
                0x00003374                SystemLFRCOClockGet
 .text.SystemULFRCOClockGet
                0x00003384       0x10 ./CMSIS/efm32zg/system_efm32zg.o
                0x00003384                SystemULFRCOClockGet
 .text.SystemLFXOClockGet
                0x00003394       0x14 ./CMSIS/efm32zg/system_efm32zg.o
                0x00003394                SystemLFXOClockGet
 .text.BSP_BccInit
                0x000033a8       0x98 ./BSP/bsp_bcc.o
                0x000033a8                BSP_BccInit
 .text.BSP_BccPinsEnable
                0x00003440       0x80 ./BSP/bsp_bcc.o
                0x00003440                BSP_BccPinsEnable
 .text.BSP_Init
                0x000034c0       0x20 ./BSP/bsp_stk.o
                0x000034c0                BSP_Init
 .text.GPIO_PinOutClear
                0x000034e0       0xb8 ./BSP/bsp_stk_leds.o
 .text.GPIO_PinOutSet
                0x00003598       0xb8 ./BSP/bsp_stk_leds.o
 .text.BSP_LedsInit
                0x00003650       0x64 ./BSP/bsp_stk_leds.o
                0x00003650                BSP_LedsInit
 .text.BSP_LedsSet
                0x000036b4       0x74 ./BSP/bsp_stk_leds.o
                0x000036b4                BSP_LedsSet
 .text          0x00003728       0x9c c:/siliconlabs/simplicitystudio/v3/developer/toolchains/gnu_arm/4.8_2013q4/bin/../lib/gcc/arm-none-eabi/4.8.3/armv6-m\libgcc.a(_udivsi3.o)
                0x00003728                __aeabi_uidiv
                0x00003728                __udivsi3
                0x000037b0                __aeabi_uidivmod
 .text          0x000037c4        0x4 c:/siliconlabs/simplicitystudio/v3/developer/toolchains/gnu_arm/4.8_2013q4/bin/../lib/gcc/arm-none-eabi/4.8.3/armv6-m\libgcc.a(_dvmd_tls.o)
                0x000037c4                __aeabi_idiv0
                0x000037c4                __aeabi_ldiv0
 .text.exit     0x000037c8       0x2c c:/siliconlabs/simplicitystudio/v3/developer/toolchains/gnu_arm/4.8_2013q4/bin/../lib/gcc/arm-none-eabi/4.8.3/../../../../arm-none-eabi/lib/armv6-m\libc_s.a(lib_a-exit.o)
                0x000037c8                exit
 .text.fileno   0x000037f4       0x60 c:/siliconlabs/simplicitystudio/v3/developer/toolchains/gnu_arm/4.8_2013q4/bin/../lib/gcc/arm-none-eabi/4.8.3/../../../../arm-none-eabi/lib/armv6-m\libc_s.a(lib_a-fileno.o)
                0x000037f4                fileno
 .text._cleanup_r
                0x00003854       0x34 c:/siliconlabs/simplicitystudio/v3/developer/toolchains/gnu_arm/4.8_2013q4/bin/../lib/gcc/arm-none-eabi/4.8.3/../../../../arm-none-eabi/lib/armv6-m\libc_s.a(lib_a-findfp.o)
                0x00003854                _cleanup_r
 .text.std.isra.0
                0x00003888       0x48 c:/siliconlabs/simplicitystudio/v3/developer/toolchains/gnu_arm/4.8_2013q4/bin/../lib/gcc/arm-none-eabi/4.8.3/../../../../arm-none-eabi/lib/armv6-m\libc_s.a(lib_a-findfp.o)
 .text.__sfmoreglue
                0x000038d0       0x2c c:/siliconlabs/simplicitystudio/v3/developer/toolchains/gnu_arm/4.8_2013q4/bin/../lib/gcc/arm-none-eabi/4.8.3/../../../../arm-none-eabi/lib/armv6-m\libc_s.a(lib_a-findfp.o)
                0x000038d0                __sfmoreglue
 .text.__sinit  0x000038fc       0x64 c:/siliconlabs/simplicitystudio/v3/developer/toolchains/gnu_arm/4.8_2013q4/bin/../lib/gcc/arm-none-eabi/4.8.3/../../../../arm-none-eabi/lib/armv6-m\libc_s.a(lib_a-findfp.o)
                0x000038fc                __sinit
 .text.__sfp    0x00003960       0x7c c:/siliconlabs/simplicitystudio/v3/developer/toolchains/gnu_arm/4.8_2013q4/bin/../lib/gcc/arm-none-eabi/4.8.3/../../../../arm-none-eabi/lib/armv6-m\libc_s.a(lib_a-findfp.o)
                0x00003960                __sfp
 .text.__libc_init_array
                0x000039dc       0x4c c:/siliconlabs/simplicitystudio/v3/developer/toolchains/gnu_arm/4.8_2013q4/bin/../lib/gcc/arm-none-eabi/4.8.3/../../../../arm-none-eabi/lib/armv6-m\libc_s.a(lib_a-init.o)
                0x000039dc                __libc_init_array
 .text.memcpy   0x00003a28       0x12 c:/siliconlabs/simplicitystudio/v3/developer/toolchains/gnu_arm/4.8_2013q4/bin/../lib/gcc/arm-none-eabi/4.8.3/../../../../arm-none-eabi/lib/armv6-m\libc_s.a(lib_a-memcpy-stub.o)
                0x00003a28                memcpy
 .text.memset   0x00003a3a       0x10 c:/siliconlabs/simplicitystudio/v3/developer/toolchains/gnu_arm/4.8_2013q4/bin/../lib/gcc/arm-none-eabi/4.8.3/../../../../arm-none-eabi/lib/armv6-m\libc_s.a(lib_a-memset.o)
                0x00003a3a                memset
 *fill*         0x00003a4a        0x2 
 .text._malloc_r
                0x00003a4c       0xa8 c:/siliconlabs/simplicitystudio/v3/developer/toolchains/gnu_arm/4.8_2013q4/bin/../lib/gcc/arm-none-eabi/4.8.3/../../../../arm-none-eabi/lib/armv6-m\libc_s.a(lib_a-nano-mallocr.o)
                0x00003a4c                _malloc_r
 .text.printf   0x00003af4       0x34 c:/siliconlabs/simplicitystudio/v3/developer/toolchains/gnu_arm/4.8_2013q4/bin/../lib/gcc/arm-none-eabi/4.8.3/../../../../arm-none-eabi/lib/armv6-m\libc_s.a(lib_a-printf.o)
                0x00003af4                iprintf
                0x00003af4                printf
 .text._sbrk_r  0x00003b28       0x24 c:/siliconlabs/simplicitystudio/v3/developer/toolchains/gnu_arm/4.8_2013q4/bin/../lib/gcc/arm-none-eabi/4.8.3/../../../../arm-none-eabi/lib/armv6-m\libc_s.a(lib_a-sbrkr.o)
                0x00003b28                _sbrk_r
 .text.setvbuf  0x00003b4c      0x10c c:/siliconlabs/simplicitystudio/v3/developer/toolchains/gnu_arm/4.8_2013q4/bin/../lib/gcc/arm-none-eabi/4.8.3/../../../../arm-none-eabi/lib/armv6-m\libc_s.a(lib_a-setvbuf.o)
                0x00003b4c                setvbuf
 .text.__sread  0x00003c58       0x28 c:/siliconlabs/simplicitystudio/v3/developer/toolchains/gnu_arm/4.8_2013q4/bin/../lib/gcc/arm-none-eabi/4.8.3/../../../../arm-none-eabi/lib/armv6-m\libc_s.a(lib_a-stdio.o)
                0x00003c58                __sread
 .text.__swrite
                0x00003c80       0x38 c:/siliconlabs/simplicitystudio/v3/developer/toolchains/gnu_arm/4.8_2013q4/bin/../lib/gcc/arm-none-eabi/4.8.3/../../../../arm-none-eabi/lib/armv6-m\libc_s.a(lib_a-stdio.o)
                0x00003c80                __swrite
 .text.__sseek  0x00003cb8       0x2c c:/siliconlabs/simplicitystudio/v3/developer/toolchains/gnu_arm/4.8_2013q4/bin/../lib/gcc/arm-none-eabi/4.8.3/../../../../arm-none-eabi/lib/armv6-m\libc_s.a(lib_a-stdio.o)
                0x00003cb8                __sseek
 .text.__sclose
                0x00003ce4        0xc c:/siliconlabs/simplicitystudio/v3/developer/toolchains/gnu_arm/4.8_2013q4/bin/../lib/gcc/arm-none-eabi/4.8.3/../../../../arm-none-eabi/lib/armv6-m\libc_s.a(lib_a-stdio.o)
                0x00003ce4                __sclose
 .text.strlen   0x00003cf0        0xe c:/siliconlabs/simplicitystudio/v3/developer/toolchains/gnu_arm/4.8_2013q4/bin/../lib/gcc/arm-none-eabi/4.8.3/../../../../arm-none-eabi/lib/armv6-m\libc_s.a(lib_a-strlen.o)
                0x00003cf0                strlen
 .text.strncmp  0x00003cfe       0x2c c:/siliconlabs/simplicitystudio/v3/developer/toolchains/gnu_arm/4.8_2013q4/bin/../lib/gcc/arm-none-eabi/4.8.3/../../../../arm-none-eabi/lib/armv6-m\libc_s.a(lib_a-strncmp.o)
                0x00003cfe                strncmp
 .text.__sfputc_r
                0x00003d2a       0x2a c:/siliconlabs/simplicitystudio/v3/developer/toolchains/gnu_arm/4.8_2013q4/bin/../lib/gcc/arm-none-eabi/4.8.3/../../../../arm-none-eabi/lib/armv6-m\libc_s.a(lib_a-vfprintf.o)
 .text.__sfputs_r
                0x00003d54       0x24 c:/siliconlabs/simplicitystudio/v3/developer/toolchains/gnu_arm/4.8_2013q4/bin/../lib/gcc/arm-none-eabi/4.8.3/../../../../arm-none-eabi/lib/armv6-m\libc_s.a(lib_a-vfprintf.o)
                0x00003d54                __sfputs_r
 .text._vfprintf_r
                0x00003d78      0x210 c:/siliconlabs/simplicitystudio/v3/developer/toolchains/gnu_arm/4.8_2013q4/bin/../lib/gcc/arm-none-eabi/4.8.3/../../../../arm-none-eabi/lib/armv6-m\libc_s.a(lib_a-vfprintf.o)
                0x00003d78                _vfprintf_r
                0x00003d78                _vfiprintf_r
 .text._printf_common
                0x00003f88       0xe8 c:/siliconlabs/simplicitystudio/v3/developer/toolchains/gnu_arm/4.8_2013q4/bin/../lib/gcc/arm-none-eabi/4.8.3/../../../../arm-none-eabi/lib/armv6-m\libc_s.a(lib_a-vfprintf_i.o)
                0x00003f88                _printf_common
 .text._printf_i
                0x00004070      0x22c c:/siliconlabs/simplicitystudio/v3/developer/toolchains/gnu_arm/4.8_2013q4/bin/../lib/gcc/arm-none-eabi/4.8.3/../../../../arm-none-eabi/lib/armv6-m\libc_s.a(lib_a-vfprintf_i.o)
                0x00004070                _printf_i
 .text.__swbuf_r
                0x0000429c       0xb0 c:/siliconlabs/simplicitystudio/v3/developer/toolchains/gnu_arm/4.8_2013q4/bin/../lib/gcc/arm-none-eabi/4.8.3/../../../../arm-none-eabi/lib/armv6-m\libc_s.a(lib_a-wbuf.o)
                0x0000429c                __swbuf_r
 .text._write_r
                0x0000434c       0x28 c:/siliconlabs/simplicitystudio/v3/developer/toolchains/gnu_arm/4.8_2013q4/bin/../lib/gcc/arm-none-eabi/4.8.3/../../../../arm-none-eabi/lib/armv6-m\libc_s.a(lib_a-writer.o)
                0x0000434c                _write_r
 .text.__swsetup_r
                0x00004374       0xe4 c:/siliconlabs/simplicitystudio/v3/developer/toolchains/gnu_arm/4.8_2013q4/bin/../lib/gcc/arm-none-eabi/4.8.3/../../../../arm-none-eabi/lib/armv6-m\libc_s.a(lib_a-wsetup.o)
                0x00004374                __swsetup_r
 .text._close_r
                0x00004458       0x24 c:/siliconlabs/simplicitystudio/v3/developer/toolchains/gnu_arm/4.8_2013q4/bin/../lib/gcc/arm-none-eabi/4.8.3/../../../../arm-none-eabi/lib/armv6-m\libc_s.a(lib_a-closer.o)
                0x00004458                _close_r
 .text.__sflush_r
                0x0000447c      0x112 c:/siliconlabs/simplicitystudio/v3/developer/toolchains/gnu_arm/4.8_2013q4/bin/../lib/gcc/arm-none-eabi/4.8.3/../../../../arm-none-eabi/lib/armv6-m\libc_s.a(lib_a-fflush.o)
                0x0000447c                __sflush_r
 *fill*         0x0000458e        0x2 
 .text._fflush_r
                0x00004590       0x58 c:/siliconlabs/simplicitystudio/v3/developer/toolchains/gnu_arm/4.8_2013q4/bin/../lib/gcc/arm-none-eabi/4.8.3/../../../../arm-none-eabi/lib/armv6-m\libc_s.a(lib_a-fflush.o)
                0x00004590                _fflush_r
 .text._lseek_r
                0x000045e8       0x28 c:/siliconlabs/simplicitystudio/v3/developer/toolchains/gnu_arm/4.8_2013q4/bin/../lib/gcc/arm-none-eabi/4.8.3/../../../../arm-none-eabi/lib/armv6-m\libc_s.a(lib_a-lseekr.o)
                0x000045e8                _lseek_r
 .text.__smakebuf_r
                0x00004610       0xa0 c:/siliconlabs/simplicitystudio/v3/developer/toolchains/gnu_arm/4.8_2013q4/bin/../lib/gcc/arm-none-eabi/4.8.3/../../../../arm-none-eabi/lib/armv6-m\libc_s.a(lib_a-makebuf.o)
                0x00004610                __smakebuf_r
 .text.malloc   0x000046b0       0x14 c:/siliconlabs/simplicitystudio/v3/developer/toolchains/gnu_arm/4.8_2013q4/bin/../lib/gcc/arm-none-eabi/4.8.3/../../../../arm-none-eabi/lib/armv6-m\libc_s.a(lib_a-malloc.o)
                0x000046b0                malloc
 .text.memchr   0x000046c4       0x16 c:/siliconlabs/simplicitystudio/v3/developer/toolchains/gnu_arm/4.8_2013q4/bin/../lib/gcc/arm-none-eabi/4.8.3/../../../../arm-none-eabi/lib/armv6-m\libc_s.a(lib_a-memchr-stub.o)
                0x000046c4                memchr
 *fill*         0x000046da        0x2 
 .text._free_r  0x000046dc       0x90 c:/siliconlabs/simplicitystudio/v3/developer/toolchains/gnu_arm/4.8_2013q4/bin/../lib/gcc/arm-none-eabi/4.8.3/../../../../arm-none-eabi/lib/armv6-m\libc_s.a(lib_a-nano-freer.o)
                0x000046dc                _free_r
 .text._read_r  0x0000476c       0x28 c:/siliconlabs/simplicitystudio/v3/developer/toolchains/gnu_arm/4.8_2013q4/bin/../lib/gcc/arm-none-eabi/4.8.3/../../../../arm-none-eabi/lib/armv6-m\libc_s.a(lib_a-readr.o)
                0x0000476c                _read_r
 .text._fstat_r
                0x00004794       0x24 c:/siliconlabs/simplicitystudio/v3/developer/toolchains/gnu_arm/4.8_2013q4/bin/../lib/gcc/arm-none-eabi/4.8.3/../../../../arm-none-eabi/lib/armv6-m\libc_s.a(lib_a-fstatr.o)
                0x00004794                _fstat_r
 .text._isatty_r
                0x000047b8       0x24 c:/siliconlabs/simplicitystudio/v3/developer/toolchains/gnu_arm/4.8_2013q4/bin/../lib/gcc/arm-none-eabi/4.8.3/../../../../arm-none-eabi/lib/armv6-m\libc_s.a(lib_a-isattyr.o)
                0x000047b8                _isatty_r
 *(.init)
 .init          0x000047dc        0x4 c:/siliconlabs/simplicitystudio/v3/developer/toolchains/gnu_arm/4.8_2013q4/bin/../lib/gcc/arm-none-eabi/4.8.3/armv6-m/crti.o
                0x000047dc                _init
 .init          0x000047e0        0x8 c:/siliconlabs/simplicitystudio/v3/developer/toolchains/gnu_arm/4.8_2013q4/bin/../lib/gcc/arm-none-eabi/4.8.3/armv6-m/crtn.o
 *(.fini)
 .fini          0x000047e8        0x4 c:/siliconlabs/simplicitystudio/v3/developer/toolchains/gnu_arm/4.8_2013q4/bin/../lib/gcc/arm-none-eabi/4.8.3/armv6-m/crti.o
                0x000047e8                _fini
 .fini          0x000047ec        0x8 c:/siliconlabs/simplicitystudio/v3/developer/toolchains/gnu_arm/4.8_2013q4/bin/../lib/gcc/arm-none-eabi/4.8.3/armv6-m/crtn.o
 *crtbegin.o(.ctors)
 *crtbegin?.o(.ctors)
 *(EXCLUDE_FILE(*crtend.o *crtend?.o) .ctors)
 *(SORT(.ctors.*))
 *(.ctors)
 *crtbegin.o(.dtors)
 *crtbegin?.o(.dtors)
 *(EXCLUDE_FILE(*crtend.o *crtend?.o) .dtors)
 *(SORT(.dtors.*))
 *(.dtors)
 *(.rodata*)
 .rodata        0x000047f4       0x34 ./src/main.o
 .rodata        0x00004828       0xa0 ./emlib/em_cmu.o
 .rodata.CMU_ClockEnable
                0x000048c8       0x2c ./emlib/em_cmu.o
 .rodata.CMU_ClockSelectSet
                0x000048f4       0x50 ./emlib/em_cmu.o
 .rodata.CMU_OscillatorEnable
                0x00004944       0x18 ./emlib/em_cmu.o
 .rodata        0x0000495c       0xa0 ./emlib/em_gpio.o
 .rodata        0x000049fc       0x54 ./emlib/em_leuart.o
 .rodata        0x00004a50       0x50 ./emlib/em_prs.o
 .rodata        0x00004aa0       0x50 ./emlib/em_rtc.o
 .rodata        0x00004af0       0x50 ./emlib/em_usart.o
 .rodata        0x00004b40       0x18 ./Drivers/displayls013b7dh03.o
 .rodata        0x00004b58       0x6c ./Drivers/displaypalemlib.o
 .rodata.heaperr.8165
                0x00004bc4       0x1c ./Drivers/retargetio.o
 .rodata.chars_6x8_bits
                0x00004be0      0x320 ./Drivers/textdisplay.o
 .rodata.TextdisplayEscapeSequence
                0x00004f00       0x18 ./Drivers/textdisplay.o
 .rodata.escapeSequences.4899
                0x00004f18       0x18 ./Drivers/textdisplay.o
 .rodata        0x00004f30        0x4 ./Drivers/udelay.o
 .rodata        0x00004f34       0x10 ./BSP/bsp_bcc.o
 .rodata        0x00004f44       0x50 ./BSP/bsp_stk_leds.o
 .rodata.ledArray
                0x00004f94       0x10 ./BSP/bsp_stk_leds.o
 .rodata._ctype_
                0x00004fa4      0x101 c:/siliconlabs/simplicitystudio/v3/developer/toolchains/gnu_arm/4.8_2013q4/bin/../lib/gcc/arm-none-eabi/4.8.3/../../../../arm-none-eabi/lib/armv6-m\libc_s.a(lib_a-ctype_.o)
                0x00004fa4                _ctype_
 *fill*         0x000050a5        0x3 
 .rodata.__sf_fake_stdin
                0x000050a8       0x20 c:/siliconlabs/simplicitystudio/v3/developer/toolchains/gnu_arm/4.8_2013q4/bin/../lib/gcc/arm-none-eabi/4.8.3/../../../../arm-none-eabi/lib/armv6-m\libc_s.a(lib_a-findfp.o)
                0x000050a8                __sf_fake_stdin
 .rodata.__sf_fake_stdout
                0x000050c8       0x20 c:/siliconlabs/simplicitystudio/v3/developer/toolchains/gnu_arm/4.8_2013q4/bin/../lib/gcc/arm-none-eabi/4.8.3/../../../../arm-none-eabi/lib/armv6-m\libc_s.a(lib_a-findfp.o)
                0x000050c8                __sf_fake_stdout
 .rodata.__sf_fake_stderr
                0x000050e8       0x20 c:/siliconlabs/simplicitystudio/v3/developer/toolchains/gnu_arm/4.8_2013q4/bin/../lib/gcc/arm-none-eabi/4.8.3/../../../../arm-none-eabi/lib/armv6-m\libc_s.a(lib_a-findfp.o)
                0x000050e8                __sf_fake_stderr
 .rodata.str1.1
                0x00005108        0x2 c:/siliconlabs/simplicitystudio/v3/developer/toolchains/gnu_arm/4.8_2013q4/bin/../lib/gcc/arm-none-eabi/4.8.3/../../../../arm-none-eabi/lib/armv6-m\libc_s.a(lib_a-impure.o)
 *fill*         0x0000510a        0x2 
 .rodata._global_impure_ptr
                0x0000510c        0x4 c:/siliconlabs/simplicitystudio/v3/developer/toolchains/gnu_arm/4.8_2013q4/bin/../lib/gcc/arm-none-eabi/4.8.3/../../../../arm-none-eabi/lib/armv6-m\libc_s.a(lib_a-impure.o)
                0x0000510c                _global_impure_ptr
 .rodata.str1.1
                0x00005110       0x11 c:/siliconlabs/simplicitystudio/v3/developer/toolchains/gnu_arm/4.8_2013q4/bin/../lib/gcc/arm-none-eabi/4.8.3/../../../../arm-none-eabi/lib/armv6-m\libc_s.a(lib_a-vfprintf.o)
 .rodata.str1.1
                0x00005121       0x22 c:/siliconlabs/simplicitystudio/v3/developer/toolchains/gnu_arm/4.8_2013q4/bin/../lib/gcc/arm-none-eabi/4.8.3/../../../../arm-none-eabi/lib/armv6-m\libc_s.a(lib_a-vfprintf_i.o)
 *(.eh_frame*)
 *fill*         0x00005143        0x1 
 .eh_frame      0x00005144        0x0 c:/siliconlabs/simplicitystudio/v3/developer/toolchains/gnu_arm/4.8_2013q4/bin/../lib/gcc/arm-none-eabi/4.8.3/armv6-m/crtbegin.o
 .eh_frame      0x00005144        0x4 c:/siliconlabs/simplicitystudio/v3/developer/toolchains/gnu_arm/4.8_2013q4/bin/../lib/gcc/arm-none-eabi/4.8.3/armv6-m/crtend.o

.glue_7         0x00005148        0x0
 .glue_7        0x00000000        0x0 linker stubs

.glue_7t        0x00005148        0x0
 .glue_7t       0x00000000        0x0 linker stubs

.vfp11_veneer   0x00005148        0x0
 .vfp11_veneer  0x00000000        0x0 linker stubs

.v4_bx          0x00005148        0x0
 .v4_bx         0x00000000        0x0 linker stubs

.iplt           0x00005148        0x0
 .iplt          0x00000000        0x0 c:/siliconlabs/simplicitystudio/v3/developer/toolchains/gnu_arm/4.8_2013q4/bin/../lib/gcc/arm-none-eabi/4.8.3/armv6-m/crtbegin.o

.ARM.extab
 *(.ARM.extab* .gnu.linkonce.armextab.*)
                0x00005148                __exidx_start = .

.ARM.exidx      0x00005148        0x8
 *(.ARM.exidx* .gnu.linkonce.armexidx.*)
 .ARM.exidx     0x00005148        0x8 c:/siliconlabs/simplicitystudio/v3/developer/toolchains/gnu_arm/4.8_2013q4/bin/../lib/gcc/arm-none-eabi/4.8.3/../../../../arm-none-eabi/lib/armv6-m/crt0.o
                0x00005150                __exidx_end = .
                0x00005150                __etext = .

.rel.dyn        0x00005150        0x0
 .rel.iplt      0x00000000        0x0 c:/siliconlabs/simplicitystudio/v3/developer/toolchains/gnu_arm/4.8_2013q4/bin/../lib/gcc/arm-none-eabi/4.8.3/armv6-m/crtbegin.o

.data           0x20000000       0x9c load address 0x00005150
                0x20000000                __data_start__ = .
 *(vtable)
 *(.data*)
 .data.pDisplayDeviceDriverInitFunctions
                0x20000000        0x8 ./Drivers/display.o
 .data.pixelMatrixPool
                0x20000008        0x4 ./Drivers/displayls013b7dh03.o
 .data.charBufferTbl
                0x2000000c       0x10 ./Drivers/textdisplay.o
 .data.loops_per_jiffy
                0x2000001c        0x4 ./Drivers/udelay.o
                0x2000001c                loops_per_jiffy
 .data.SystemHFXOClock
                0x20000020        0x4 ./CMSIS/efm32zg/system_efm32zg.o
 .data.SystemLFXOClock
                0x20000024        0x4 ./CMSIS/efm32zg/system_efm32zg.o
 .data.__ctype_ptr__
                0x20000028        0x4 c:/siliconlabs/simplicitystudio/v3/developer/toolchains/gnu_arm/4.8_2013q4/bin/../lib/gcc/arm-none-eabi/4.8.3/../../../../arm-none-eabi/lib/armv6-m\libc_s.a(lib_a-ctype_.o)
                0x20000028                __ctype_ptr__
 .data.impure_data
                0x2000002c       0x60 c:/siliconlabs/simplicitystudio/v3/developer/toolchains/gnu_arm/4.8_2013q4/bin/../lib/gcc/arm-none-eabi/4.8.3/../../../../arm-none-eabi/lib/armv6-m\libc_s.a(lib_a-impure.o)
 .data._impure_ptr
                0x2000008c        0x4 c:/siliconlabs/simplicitystudio/v3/developer/toolchains/gnu_arm/4.8_2013q4/bin/../lib/gcc/arm-none-eabi/4.8.3/../../../../arm-none-eabi/lib/armv6-m\libc_s.a(lib_a-impure.o)
                0x2000008c                _impure_ptr
                0x20000090                . = ALIGN (0x4)
 *(.ram)
                0x20000090                . = ALIGN (0x4)
                0x20000090                PROVIDE (__preinit_array_start, .)
 *(.preinit_array)
                0x20000090                PROVIDE (__preinit_array_end, .)
                0x20000090                . = ALIGN (0x4)
                0x20000090                PROVIDE (__init_array_start, .)
 *(SORT(.init_array.*))
 *(.init_array)
 .init_array    0x20000090        0x4 c:/siliconlabs/simplicitystudio/v3/developer/toolchains/gnu_arm/4.8_2013q4/bin/../lib/gcc/arm-none-eabi/4.8.3/armv6-m/crtbegin.o
                0x20000094                PROVIDE (__init_array_end, .)
                0x20000094                . = ALIGN (0x4)
                0x20000094                PROVIDE (__fini_array_start, .)
 *(SORT(.fini_array.*))
 *(.fini_array)
 .fini_array    0x20000094        0x4 c:/siliconlabs/simplicitystudio/v3/developer/toolchains/gnu_arm/4.8_2013q4/bin/../lib/gcc/arm-none-eabi/4.8.3/armv6-m/crtbegin.o
                0x20000098                PROVIDE (__fini_array_end, .)
 *(.jcr*)
 .jcr           0x20000098        0x0 c:/siliconlabs/simplicitystudio/v3/developer/toolchains/gnu_arm/4.8_2013q4/bin/../lib/gcc/arm-none-eabi/4.8.3/armv6-m/crtbegin.o
 .jcr           0x20000098        0x4 c:/siliconlabs/simplicitystudio/v3/developer/toolchains/gnu_arm/4.8_2013q4/bin/../lib/gcc/arm-none-eabi/4.8.3/armv6-m/crtend.o
                0x2000009c                . = ALIGN (0x4)
                0x2000009c                __data_end__ = .

.igot.plt       0x2000009c        0x0 load address 0x000051ec
 .igot.plt      0x00000000        0x0 c:/siliconlabs/simplicitystudio/v3/developer/toolchains/gnu_arm/4.8_2013q4/bin/../lib/gcc/arm-none-eabi/4.8.3/armv6-m/crtbegin.o

.bss            0x2000009c      0x2ec load address 0x000051ec
                0x2000009c                . = ALIGN (0x4)
                0x2000009c                __bss_start__ = .
 *(.bss*)
 .bss           0x2000009c       0x1c c:/siliconlabs/simplicitystudio/v3/developer/toolchains/gnu_arm/4.8_2013q4/bin/../lib/gcc/arm-none-eabi/4.8.3/armv6-m/crtbegin.o
 .bss.cmuStatus
                0x200000b8        0x4 ./emlib/em_emu.o
 .bss.INT_LockCnt
                0x200000bc        0x4 ./emlib/em_int.o
                0x200000bc                INT_LockCnt
 .bss.deviceTable
                0x200000c0       0x2c ./Drivers/display.o
 .bss.moduleInitialized
                0x200000ec        0x1 ./Drivers/display.o
 *fill*         0x200000ed        0x3 
 .bss.devicesRegistered
                0x200000f0        0x4 ./Drivers/display.o
 .bss.lcdPolarity
                0x200000f4        0x1 ./Drivers/displayls013b7dh03.o
 *fill*         0x200000f5        0x3 
 .bss.pixelMatrixPoolBase
                0x200000f8       0x80 ./Drivers/displayls013b7dh03.o
 .bss.heap_end.8163
                0x20000178        0x4 ./Drivers/retargetio.o
 .bss.textDisplayHandle
                0x2000017c        0x4 ./Drivers/retargettextdisplay.o
                0x2000017c                textDisplayHandle
 .bss.textdisplayTbl
                0x20000180       0x58 ./Drivers/textdisplay.o
 .bss.escapeSequence.4898
                0x200001d8        0x4 ./Drivers/textdisplay.o
 .bss.rxByteCount
                0x200001dc        0x4 ./BSP/bsp_bcc.o
 .bss.txByteCount
                0x200001e0        0x4 ./BSP/bsp_bcc.o
 .bss.__malloc_sbrk_start
                0x200001e4        0x4 c:/siliconlabs/simplicitystudio/v3/developer/toolchains/gnu_arm/4.8_2013q4/bin/../lib/gcc/arm-none-eabi/4.8.3/../../../../arm-none-eabi/lib/armv6-m\libc_s.a(lib_a-nano-mallocr.o)
                0x200001e4                __malloc_sbrk_start
 .bss.__malloc_free_list
                0x200001e8        0x4 c:/siliconlabs/simplicitystudio/v3/developer/toolchains/gnu_arm/4.8_2013q4/bin/../lib/gcc/arm-none-eabi/4.8.3/../../../../arm-none-eabi/lib/armv6-m\libc_s.a(lib_a-nano-mallocr.o)
                0x200001e8                __malloc_free_list
 *(COMMON)
 COMMON         0x200001ec        0x4 ./src/main.o
                0x200001ec                msTicks
 COMMON         0x200001f0      0x190 ./Drivers/textdisplay.o
                0x200001f0                charBufferDevice0
                0x20000340                charArrayDevice0
 COMMON         0x20000380        0x4 ./CMSIS/efm32zg/system_efm32zg.o
                0x20000380                SystemCoreClock
 COMMON         0x20000384        0x4 c:/siliconlabs/simplicitystudio/v3/developer/toolchains/gnu_arm/4.8_2013q4/bin/../lib/gcc/arm-none-eabi/4.8.3/../../../../arm-none-eabi/lib/armv6-m\libc_s.a(lib_a-reent.o)
                0x20000384                errno
                0x20000388                . = ALIGN (0x4)
                0x20000388                __bss_end__ = .

.heap           0x20000388        0x0
                0x20000388                __HeapBase = .
                0x20000388                __end__ = .
                0x20000388                end = __end__
                0x20000388                _end = __end__
 *(.heap*)
 .heap          0x20000388        0x0 ./CMSIS/efm32zg/startup_efm32zg.o
                0x20000388                __HeapLimit = .

.stack_dummy    0x20000388      0x400
 *(.stack*)
 .stack         0x20000388      0x400 ./CMSIS/efm32zg/startup_efm32zg.o
                0x20001000                __StackTop = (ORIGIN (RAM) + 0x1000)
                0x20000c00                __StackLimit = (__StackTop - SIZEOF (.stack_dummy))
                0x20001000                PROVIDE (__stack, __StackTop)
                0x00000001                ASSERT ((__StackLimit >= __HeapLimit), region RAM overflowed with stack)
                0x00000001                ASSERT ((0x8000 >= (__etext + SIZEOF (.data))), FLASH memory overflowed !)
OUTPUT(STK3200_textdisplay.axf elf32-littlearm)

.ARM.attributes
                0x00000000       0x28
 .ARM.attributes
                0x00000000       0x1e c:/siliconlabs/simplicitystudio/v3/developer/toolchains/gnu_arm/4.8_2013q4/bin/../lib/gcc/arm-none-eabi/4.8.3/armv6-m/crti.o
 .ARM.attributes
                0x0000001e       0x2c c:/siliconlabs/simplicitystudio/v3/developer/toolchains/gnu_arm/4.8_2013q4/bin/../lib/gcc/arm-none-eabi/4.8.3/armv6-m/crtbegin.o
 .ARM.attributes
                0x0000004a       0x1b c:/siliconlabs/simplicitystudio/v3/developer/toolchains/gnu_arm/4.8_2013q4/bin/../lib/gcc/arm-none-eabi/4.8.3/../../../../arm-none-eabi/lib/armv6-m/crt0.o
 .ARM.attributes
                0x00000065       0x32 ./src/main.o
 .ARM.attributes
                0x00000097       0x32 ./emlib/em_assert.o
 .ARM.attributes
                0x000000c9       0x32 ./emlib/em_cmu.o
 .ARM.attributes
                0x000000fb       0x32 ./emlib/em_emu.o
 .ARM.attributes
                0x0000012d       0x32 ./emlib/em_gpio.o
 .ARM.attributes
                0x0000015f       0x32 ./emlib/em_int.o
 .ARM.attributes
                0x00000191       0x32 ./emlib/em_leuart.o
 .ARM.attributes
                0x000001c3       0x32 ./emlib/em_prs.o
 .ARM.attributes
                0x000001f5       0x32 ./emlib/em_rtc.o
 .ARM.attributes
                0x00000227       0x32 ./emlib/em_usart.o
 .ARM.attributes
                0x00000259       0x32 ./Drivers/display.o
 .ARM.attributes
                0x0000028b       0x32 ./Drivers/displayls013b7dh03.o
 .ARM.attributes
                0x000002bd       0x32 ./Drivers/displaypalemlib.o
 .ARM.attributes
                0x000002ef       0x32 ./Drivers/retargetio.o
 .ARM.attributes
                0x00000321       0x32 ./Drivers/retargettextdisplay.o
 .ARM.attributes
                0x00000353       0x32 ./Drivers/textdisplay.o
 .ARM.attributes
                0x00000385       0x2b ./Drivers/udelay.o
 .ARM.attributes
                0x000003b0       0x1b ./CMSIS/efm32zg/startup_efm32zg.o
 .ARM.attributes
                0x000003cb       0x32 ./CMSIS/efm32zg/system_efm32zg.o
 .ARM.attributes
                0x000003fd       0x32 ./BSP/bsp_bcc.o
 .ARM.attributes
                0x0000042f       0x32 ./BSP/bsp_stk.o
 .ARM.attributes
                0x00000461       0x32 ./BSP/bsp_stk_leds.o
 .ARM.attributes
                0x00000493       0x1e c:/siliconlabs/simplicitystudio/v3/developer/toolchains/gnu_arm/4.8_2013q4/bin/../lib/gcc/arm-none-eabi/4.8.3/armv6-m\libgcc.a(_udivsi3.o)
 .ARM.attributes
                0x000004b1       0x1e c:/siliconlabs/simplicitystudio/v3/developer/toolchains/gnu_arm/4.8_2013q4/bin/../lib/gcc/arm-none-eabi/4.8.3/armv6-m\libgcc.a(_dvmd_tls.o)
 .ARM.attributes
                0x000004cf       0x2c c:/siliconlabs/simplicitystudio/v3/developer/toolchains/gnu_arm/4.8_2013q4/bin/../lib/gcc/arm-none-eabi/4.8.3/../../../../arm-none-eabi/lib/armv6-m\libc_s.a(lib_a-ctype_.o)
 .ARM.attributes
                0x000004fb       0x2c c:/siliconlabs/simplicitystudio/v3/developer/toolchains/gnu_arm/4.8_2013q4/bin/../lib/gcc/arm-none-eabi/4.8.3/../../../../arm-none-eabi/lib/armv6-m\libc_s.a(lib_a-exit.o)
 .ARM.attributes
                0x00000527       0x2c c:/siliconlabs/simplicitystudio/v3/developer/toolchains/gnu_arm/4.8_2013q4/bin/../lib/gcc/arm-none-eabi/4.8.3/../../../../arm-none-eabi/lib/armv6-m\libc_s.a(lib_a-fileno.o)
 .ARM.attributes
                0x00000553       0x2c c:/siliconlabs/simplicitystudio/v3/developer/toolchains/gnu_arm/4.8_2013q4/bin/../lib/gcc/arm-none-eabi/4.8.3/../../../../arm-none-eabi/lib/armv6-m\libc_s.a(lib_a-findfp.o)
 .ARM.attributes
                0x0000057f       0x2c c:/siliconlabs/simplicitystudio/v3/developer/toolchains/gnu_arm/4.8_2013q4/bin/../lib/gcc/arm-none-eabi/4.8.3/../../../../arm-none-eabi/lib/armv6-m\libc_s.a(lib_a-impure.o)
 .ARM.attributes
                0x000005ab       0x2c c:/siliconlabs/simplicitystudio/v3/developer/toolchains/gnu_arm/4.8_2013q4/bin/../lib/gcc/arm-none-eabi/4.8.3/../../../../arm-none-eabi/lib/armv6-m\libc_s.a(lib_a-init.o)
 .ARM.attributes
                0x000005d7       0x2c c:/siliconlabs/simplicitystudio/v3/developer/toolchains/gnu_arm/4.8_2013q4/bin/../lib/gcc/arm-none-eabi/4.8.3/../../../../arm-none-eabi/lib/armv6-m\libc_s.a(lib_a-memcpy-stub.o)
 .ARM.attributes
                0x00000603       0x2c c:/siliconlabs/simplicitystudio/v3/developer/toolchains/gnu_arm/4.8_2013q4/bin/../lib/gcc/arm-none-eabi/4.8.3/../../../../arm-none-eabi/lib/armv6-m\libc_s.a(lib_a-memset.o)
 .ARM.attributes
                0x0000062f       0x2c c:/siliconlabs/simplicitystudio/v3/developer/toolchains/gnu_arm/4.8_2013q4/bin/../lib/gcc/arm-none-eabi/4.8.3/../../../../arm-none-eabi/lib/armv6-m\libc_s.a(lib_a-nano-mallocr.o)
 .ARM.attributes
                0x0000065b       0x2c c:/siliconlabs/simplicitystudio/v3/developer/toolchains/gnu_arm/4.8_2013q4/bin/../lib/gcc/arm-none-eabi/4.8.3/../../../../arm-none-eabi/lib/armv6-m\libc_s.a(lib_a-printf.o)
 .ARM.attributes
                0x00000687       0x2c c:/siliconlabs/simplicitystudio/v3/developer/toolchains/gnu_arm/4.8_2013q4/bin/../lib/gcc/arm-none-eabi/4.8.3/../../../../arm-none-eabi/lib/armv6-m\libc_s.a(lib_a-sbrkr.o)
 .ARM.attributes
                0x000006b3       0x2c c:/siliconlabs/simplicitystudio/v3/developer/toolchains/gnu_arm/4.8_2013q4/bin/../lib/gcc/arm-none-eabi/4.8.3/../../../../arm-none-eabi/lib/armv6-m\libc_s.a(lib_a-setvbuf.o)
 .ARM.attributes
                0x000006df       0x2c c:/siliconlabs/simplicitystudio/v3/developer/toolchains/gnu_arm/4.8_2013q4/bin/../lib/gcc/arm-none-eabi/4.8.3/../../../../arm-none-eabi/lib/armv6-m\libc_s.a(lib_a-stdio.o)
 .ARM.attributes
                0x0000070b       0x2c c:/siliconlabs/simplicitystudio/v3/developer/toolchains/gnu_arm/4.8_2013q4/bin/../lib/gcc/arm-none-eabi/4.8.3/../../../../arm-none-eabi/lib/armv6-m\libc_s.a(lib_a-strlen.o)
 .ARM.attributes
                0x00000737       0x2c c:/siliconlabs/simplicitystudio/v3/developer/toolchains/gnu_arm/4.8_2013q4/bin/../lib/gcc/arm-none-eabi/4.8.3/../../../../arm-none-eabi/lib/armv6-m\libc_s.a(lib_a-strncmp.o)
 .ARM.attributes
                0x00000763       0x2c c:/siliconlabs/simplicitystudio/v3/developer/toolchains/gnu_arm/4.8_2013q4/bin/../lib/gcc/arm-none-eabi/4.8.3/../../../../arm-none-eabi/lib/armv6-m\libc_s.a(lib_a-vfprintf.o)
 .ARM.attributes
                0x0000078f       0x2c c:/siliconlabs/simplicitystudio/v3/developer/toolchains/gnu_arm/4.8_2013q4/bin/../lib/gcc/arm-none-eabi/4.8.3/../../../../arm-none-eabi/lib/armv6-m\libc_s.a(lib_a-vfprintf_i.o)
 .ARM.attributes
                0x000007bb       0x2c c:/siliconlabs/simplicitystudio/v3/developer/toolchains/gnu_arm/4.8_2013q4/bin/../lib/gcc/arm-none-eabi/4.8.3/../../../../arm-none-eabi/lib/armv6-m\libc_s.a(lib_a-wbuf.o)
 .ARM.attributes
                0x000007e7       0x2c c:/siliconlabs/simplicitystudio/v3/developer/toolchains/gnu_arm/4.8_2013q4/bin/../lib/gcc/arm-none-eabi/4.8.3/../../../../arm-none-eabi/lib/armv6-m\libc_s.a(lib_a-writer.o)
 .ARM.attributes
                0x00000813       0x2c c:/siliconlabs/simplicitystudio/v3/developer/toolchains/gnu_arm/4.8_2013q4/bin/../lib/gcc/arm-none-eabi/4.8.3/../../../../arm-none-eabi/lib/armv6-m\libc_s.a(lib_a-wsetup.o)
 .ARM.attributes
                0x0000083f       0x2c c:/siliconlabs/simplicitystudio/v3/developer/toolchains/gnu_arm/4.8_2013q4/bin/../lib/gcc/arm-none-eabi/4.8.3/../../../../arm-none-eabi/lib/armv6-m\libc_s.a(lib_a-closer.o)
 .ARM.attributes
                0x0000086b       0x2c c:/siliconlabs/simplicitystudio/v3/developer/toolchains/gnu_arm/4.8_2013q4/bin/../lib/gcc/arm-none-eabi/4.8.3/../../../../arm-none-eabi/lib/armv6-m\libc_s.a(lib_a-fflush.o)
 .ARM.attributes
                0x00000897       0x2c c:/siliconlabs/simplicitystudio/v3/developer/toolchains/gnu_arm/4.8_2013q4/bin/../lib/gcc/arm-none-eabi/4.8.3/../../../../arm-none-eabi/lib/armv6-m\libc_s.a(lib_a-lseekr.o)
 .ARM.attributes
                0x000008c3       0x2c c:/siliconlabs/simplicitystudio/v3/developer/toolchains/gnu_arm/4.8_2013q4/bin/../lib/gcc/arm-none-eabi/4.8.3/../../../../arm-none-eabi/lib/armv6-m\libc_s.a(lib_a-makebuf.o)
 .ARM.attributes
                0x000008ef       0x2c c:/siliconlabs/simplicitystudio/v3/developer/toolchains/gnu_arm/4.8_2013q4/bin/../lib/gcc/arm-none-eabi/4.8.3/../../../../arm-none-eabi/lib/armv6-m\libc_s.a(lib_a-malloc.o)
 .ARM.attributes
                0x0000091b       0x2c c:/siliconlabs/simplicitystudio/v3/developer/toolchains/gnu_arm/4.8_2013q4/bin/../lib/gcc/arm-none-eabi/4.8.3/../../../../arm-none-eabi/lib/armv6-m\libc_s.a(lib_a-memchr-stub.o)
 .ARM.attributes
                0x00000947       0x2c c:/siliconlabs/simplicitystudio/v3/developer/toolchains/gnu_arm/4.8_2013q4/bin/../lib/gcc/arm-none-eabi/4.8.3/../../../../arm-none-eabi/lib/armv6-m\libc_s.a(lib_a-nano-freer.o)
 .ARM.attributes
                0x00000973       0x2c c:/siliconlabs/simplicitystudio/v3/developer/toolchains/gnu_arm/4.8_2013q4/bin/../lib/gcc/arm-none-eabi/4.8.3/../../../../arm-none-eabi/lib/armv6-m\libc_s.a(lib_a-readr.o)
 .ARM.attributes
                0x0000099f       0x2c c:/siliconlabs/simplicitystudio/v3/developer/toolchains/gnu_arm/4.8_2013q4/bin/../lib/gcc/arm-none-eabi/4.8.3/../../../../arm-none-eabi/lib/armv6-m\libc_s.a(lib_a-reent.o)
 .ARM.attributes
                0x000009cb       0x2c c:/siliconlabs/simplicitystudio/v3/developer/toolchains/gnu_arm/4.8_2013q4/bin/../lib/gcc/arm-none-eabi/4.8.3/../../../../arm-none-eabi/lib/armv6-m\libc_s.a(lib_a-fstatr.o)
 .ARM.attributes
                0x000009f7       0x2c c:/siliconlabs/simplicitystudio/v3/developer/toolchains/gnu_arm/4.8_2013q4/bin/../lib/gcc/arm-none-eabi/4.8.3/../../../../arm-none-eabi/lib/armv6-m\libc_s.a(lib_a-isattyr.o)
 .ARM.attributes
                0x00000a23       0x2c c:/siliconlabs/simplicitystudio/v3/developer/toolchains/gnu_arm/4.8_2013q4/bin/../lib/gcc/arm-none-eabi/4.8.3/armv6-m/crtend.o
 .ARM.attributes
                0x00000a4f       0x1e c:/siliconlabs/simplicitystudio/v3/developer/toolchains/gnu_arm/4.8_2013q4/bin/../lib/gcc/arm-none-eabi/4.8.3/armv6-m/crtn.o

.comment        0x00000000       0x70
 .comment       0x00000000       0x70 ./src/main.o
                                 0x71 (size before relaxing)
 .comment       0x00000000       0x71 ./emlib/em_assert.o
 .comment       0x00000000       0x71 ./emlib/em_cmu.o
 .comment       0x00000000       0x71 ./emlib/em_emu.o
 .comment       0x00000000       0x71 ./emlib/em_gpio.o
 .comment       0x00000000       0x71 ./emlib/em_int.o
 .comment       0x00000000       0x71 ./emlib/em_leuart.o
 .comment       0x00000000       0x71 ./emlib/em_prs.o
 .comment       0x00000000       0x71 ./emlib/em_rtc.o
 .comment       0x00000000       0x71 ./emlib/em_usart.o
 .comment       0x00000000       0x71 ./Drivers/display.o
 .comment       0x00000000       0x71 ./Drivers/displayls013b7dh03.o
 .comment       0x00000000       0x71 ./Drivers/displaypalemlib.o
 .comment       0x00000000       0x71 ./Drivers/retargetio.o
 .comment       0x00000000       0x71 ./Drivers/retargettextdisplay.o
 .comment       0x00000000       0x71 ./Drivers/textdisplay.o
 .comment       0x00000000       0x71 ./Drivers/udelay.o
 .comment       0x00000000       0x71 ./CMSIS/efm32zg/system_efm32zg.o
 .comment       0x00000000       0x71 ./BSP/bsp_bcc.o
 .comment       0x00000000       0x71 ./BSP/bsp_stk.o
 .comment       0x00000000       0x71 ./BSP/bsp_stk_leds.o

.debug_info     0x00000000     0x9467
 .debug_info    0x00000000      0x5b1 ./src/main.o
 .debug_info    0x000005b1       0x76 ./emlib/em_assert.o
 .debug_info    0x00000627      0xf2d ./emlib/em_cmu.o
 .debug_info    0x00001554      0x5e3 ./emlib/em_emu.o
 .debug_info    0x00001b37      0x5a2 ./emlib/em_gpio.o
 .debug_info    0x000020d9       0xa0 ./emlib/em_int.o
 .debug_info    0x00002179      0x785 ./emlib/em_leuart.o
 .debug_info    0x000028fe      0x201 ./emlib/em_prs.o
 .debug_info    0x00002aff      0x327 ./emlib/em_rtc.o
 .debug_info    0x00002e26      0xdcf ./emlib/em_usart.o
 .debug_info    0x00003bf5      0x428 ./Drivers/display.o
 .debug_info    0x0000401d      0x5ed ./Drivers/displayls013b7dh03.o
 .debug_info    0x0000460a      0xcea ./Drivers/displaypalemlib.o
 .debug_info    0x000052f4      0xdc7 ./Drivers/retargetio.o
 .debug_info    0x000060bb      0xc8f ./Drivers/retargettextdisplay.o
 .debug_info    0x00006d4a      0x9a4 ./Drivers/textdisplay.o
 .debug_info    0x000076ee      0x8d1 ./Drivers/udelay.o
 .debug_info    0x00007fbf       0xf2 ./CMSIS/efm32zg/startup_efm32zg.o
 .debug_info    0x000080b1      0x427 ./CMSIS/efm32zg/system_efm32zg.o
 .debug_info    0x000084d8      0x6a8 ./BSP/bsp_bcc.o
 .debug_info    0x00008b80      0x20b ./BSP/bsp_stk.o
 .debug_info    0x00008d8b      0x6dc ./BSP/bsp_stk_leds.o

.debug_abbrev   0x00000000     0x1fe5
 .debug_abbrev  0x00000000      0x1a6 ./src/main.o
 .debug_abbrev  0x000001a6       0x63 ./emlib/em_assert.o
 .debug_abbrev  0x00000209      0x299 ./emlib/em_cmu.o
 .debug_abbrev  0x000004a2      0x1c3 ./emlib/em_emu.o
 .debug_abbrev  0x00000665      0x1a7 ./emlib/em_gpio.o
 .debug_abbrev  0x0000080c       0x42 ./emlib/em_int.o
 .debug_abbrev  0x0000084e      0x1cb ./emlib/em_leuart.o
 .debug_abbrev  0x00000a19       0xe1 ./emlib/em_prs.o
 .debug_abbrev  0x00000afa      0x16b ./emlib/em_rtc.o
 .debug_abbrev  0x00000c65      0x1e4 ./emlib/em_usart.o
 .debug_abbrev  0x00000e49       0xf3 ./Drivers/display.o
 .debug_abbrev  0x00000f3c      0x165 ./Drivers/displayls013b7dh03.o
 .debug_abbrev  0x000010a1      0x1cb ./Drivers/displaypalemlib.o
 .debug_abbrev  0x0000126c      0x253 ./Drivers/retargetio.o
 .debug_abbrev  0x000014bf      0x1d6 ./Drivers/retargettextdisplay.o
 .debug_abbrev  0x00001695      0x1d8 ./Drivers/textdisplay.o
 .debug_abbrev  0x0000186d      0x1fa ./Drivers/udelay.o
 .debug_abbrev  0x00001a67       0x14 ./CMSIS/efm32zg/startup_efm32zg.o
 .debug_abbrev  0x00001a7b      0x15e ./CMSIS/efm32zg/system_efm32zg.o
 .debug_abbrev  0x00001bd9      0x18a ./BSP/bsp_bcc.o
 .debug_abbrev  0x00001d63      0x105 ./BSP/bsp_stk.o
 .debug_abbrev  0x00001e68      0x17d ./BSP/bsp_stk_leds.o

.debug_loc      0x00000000     0x2b7a
 .debug_loc     0x00000000      0x138 ./src/main.o
 .debug_loc     0x00000138       0x38 ./emlib/em_assert.o
 .debug_loc     0x00000170      0x728 ./emlib/em_cmu.o
 .debug_loc     0x00000898      0x22c ./emlib/em_emu.o
 .debug_loc     0x00000ac4      0x1f8 ./emlib/em_gpio.o
 .debug_loc     0x00000cbc      0x310 ./emlib/em_leuart.o
 .debug_loc     0x00000fcc       0x70 ./emlib/em_prs.o
 .debug_loc     0x0000103c      0x1a8 ./emlib/em_rtc.o
 .debug_loc     0x000011e4      0x49a ./emlib/em_usart.o
 .debug_loc     0x0000167e       0xe0 ./Drivers/display.o
 .debug_loc     0x0000175e      0x1c0 ./Drivers/displayls013b7dh03.o
 .debug_loc     0x0000191e      0x3f0 ./Drivers/displaypalemlib.o
 .debug_loc     0x00001d0e      0x224 ./Drivers/retargetio.o
 .debug_loc     0x00001f32       0xd6 ./Drivers/retargettextdisplay.o
 .debug_loc     0x00002008      0x26a ./Drivers/textdisplay.o
 .debug_loc     0x00002272      0x1d4 ./Drivers/udelay.o
 .debug_loc     0x00002446      0x1e8 ./CMSIS/efm32zg/system_efm32zg.o
 .debug_loc     0x0000262e      0x17c ./BSP/bsp_bcc.o
 .debug_loc     0x000027aa      0x130 ./BSP/bsp_stk.o
 .debug_loc     0x000028da      0x2a0 ./BSP/bsp_stk_leds.o

.debug_aranges  0x00000000      0x880
 .debug_aranges
                0x00000000       0x48 ./src/main.o
 .debug_aranges
                0x00000048       0x20 ./emlib/em_assert.o
 .debug_aranges
                0x00000068      0x128 ./emlib/em_cmu.o
 .debug_aranges
                0x00000190       0x70 ./emlib/em_emu.o
 .debug_aranges
                0x00000200       0x60 ./emlib/em_gpio.o
 .debug_aranges
                0x00000260       0x18 ./emlib/em_int.o
 .debug_aranges
                0x00000278       0x88 ./emlib/em_leuart.o
 .debug_aranges
                0x00000300       0x28 ./emlib/em_prs.o
 .debug_aranges
                0x00000328       0x58 ./emlib/em_rtc.o
 .debug_aranges
                0x00000380       0xc0 ./emlib/em_usart.o
 .debug_aranges
                0x00000440       0x38 ./Drivers/display.o
 .debug_aranges
                0x00000478       0x58 ./Drivers/displayls013b7dh03.o
 .debug_aranges
                0x000004d0       0xa8 ./Drivers/displaypalemlib.o
 .debug_aranges
                0x00000578       0x68 ./Drivers/retargetio.o
 .debug_aranges
                0x000005e0       0x38 ./Drivers/retargettextdisplay.o
 .debug_aranges
                0x00000618       0x70 ./Drivers/textdisplay.o
 .debug_aranges
                0x00000688       0x60 ./Drivers/udelay.o
 .debug_aranges
                0x000006e8       0x20 ./CMSIS/efm32zg/startup_efm32zg.o
 .debug_aranges
                0x00000708       0x68 ./CMSIS/efm32zg/system_efm32zg.o
 .debug_aranges
                0x00000770       0x50 ./BSP/bsp_bcc.o
 .debug_aranges
                0x000007c0       0x48 ./BSP/bsp_stk.o
 .debug_aranges
                0x00000808       0x78 ./BSP/bsp_stk_leds.o

.debug_ranges   0x00000000      0x708
 .debug_ranges  0x00000000       0x38 ./src/main.o
 .debug_ranges  0x00000038       0x10 ./emlib/em_assert.o
 .debug_ranges  0x00000048      0x118 ./emlib/em_cmu.o
 .debug_ranges  0x00000160       0x60 ./emlib/em_emu.o
 .debug_ranges  0x000001c0       0x50 ./emlib/em_gpio.o
 .debug_ranges  0x00000210       0x78 ./emlib/em_leuart.o
 .debug_ranges  0x00000288       0x18 ./emlib/em_prs.o
 .debug_ranges  0x000002a0       0x48 ./emlib/em_rtc.o
 .debug_ranges  0x000002e8       0xb0 ./emlib/em_usart.o
 .debug_ranges  0x00000398       0x28 ./Drivers/display.o
 .debug_ranges  0x000003c0       0x48 ./Drivers/displayls013b7dh03.o
 .debug_ranges  0x00000408       0x98 ./Drivers/displaypalemlib.o
 .debug_ranges  0x000004a0       0x58 ./Drivers/retargetio.o
 .debug_ranges  0x000004f8       0x28 ./Drivers/retargettextdisplay.o
 .debug_ranges  0x00000520       0x60 ./Drivers/textdisplay.o
 .debug_ranges  0x00000580       0x50 ./Drivers/udelay.o
 .debug_ranges  0x000005d0       0x58 ./CMSIS/efm32zg/system_efm32zg.o
 .debug_ranges  0x00000628       0x40 ./BSP/bsp_bcc.o
 .debug_ranges  0x00000668       0x38 ./BSP/bsp_stk.o
 .debug_ranges  0x000006a0       0x68 ./BSP/bsp_stk_leds.o

.debug_line     0x00000000     0x40ab
 .debug_line    0x00000000      0x2eb ./src/main.o
 .debug_line    0x000002eb       0x85 ./emlib/em_assert.o
 .debug_line    0x00000370      0x7ac ./emlib/em_cmu.o
 .debug_line    0x00000b1c      0x39d ./emlib/em_emu.o
 .debug_line    0x00000eb9      0x329 ./emlib/em_gpio.o
 .debug_line    0x000011e2       0xdb ./emlib/em_int.o
 .debug_line    0x000012bd      0x34a ./emlib/em_leuart.o
 .debug_line    0x00001607      0x1ea ./emlib/em_prs.o
 .debug_line    0x000017f1      0x280 ./emlib/em_rtc.o
 .debug_line    0x00001a71      0x51b ./emlib/em_usart.o
 .debug_line    0x00001f8c      0x1c0 ./Drivers/display.o
 .debug_line    0x0000214c      0x267 ./Drivers/displayls013b7dh03.o
 .debug_line    0x000023b3      0x49c ./Drivers/displaypalemlib.o
 .debug_line    0x0000284f      0x348 ./Drivers/retargetio.o
 .debug_line    0x00002b97      0x2bb ./Drivers/retargettextdisplay.o
 .debug_line    0x00002e52      0x42e ./Drivers/textdisplay.o
 .debug_line    0x00003280      0x395 ./Drivers/udelay.o
 .debug_line    0x00003615       0xc0 ./CMSIS/efm32zg/startup_efm32zg.o
 .debug_line    0x000036d5      0x23b ./CMSIS/efm32zg/system_efm32zg.o
 .debug_line    0x00003910      0x2b8 ./BSP/bsp_bcc.o
 .debug_line    0x00003bc8      0x16f ./BSP/bsp_stk.o
 .debug_line    0x00003d37      0x374 ./BSP/bsp_stk_leds.o

.debug_str      0x00000000     0x351e
 .debug_str     0x00000000      0x631 ./src/main.o
                                0x681 (size before relaxing)
 .debug_str     0x00000631       0x60 ./emlib/em_assert.o
                                0x13f (size before relaxing)
 .debug_str     0x00000691      0x6a9 ./emlib/em_cmu.o
                                0xab2 (size before relaxing)
 .debug_str     0x00000d3a      0x199 ./emlib/em_emu.o
                                0x468 (size before relaxing)
 .debug_str     0x00000ed3      0x3de ./emlib/em_gpio.o
                                0x5a8 (size before relaxing)
 .debug_str     0x000012b1       0x5a ./emlib/em_int.o
                                0x1e3 (size before relaxing)
 .debug_str     0x0000130b      0x307 ./emlib/em_leuart.o
                                0x64d (size before relaxing)
 .debug_str     0x00001612       0xf7 ./emlib/em_prs.o
                                0x295 (size before relaxing)
 .debug_str     0x00001709       0xf4 ./emlib/em_rtc.o
                                0x2bf (size before relaxing)
 .debug_str     0x000017fd      0x82a ./emlib/em_usart.o
                                0xbd4 (size before relaxing)
 .debug_str     0x00002027      0x2e4 ./Drivers/display.o
                                0x46b (size before relaxing)
 .debug_str     0x0000230b      0x11f ./Drivers/displayls013b7dh03.o
                                0x522 (size before relaxing)
 .debug_str     0x0000242a      0x1d1 ./Drivers/displaypalemlib.o
                                0xbc8 (size before relaxing)
 .debug_str     0x000025fb      0x538 ./Drivers/retargetio.o
                                0x772 (size before relaxing)
 .debug_str     0x00002b33      0x12a ./Drivers/retargettextdisplay.o
                                0x86c (size before relaxing)
 .debug_str     0x00002c5d      0x343 ./Drivers/textdisplay.o
                                0x720 (size before relaxing)
 .debug_str     0x00002fa0      0x183 ./Drivers/udelay.o
                                0x83e (size before relaxing)
 .debug_str     0x00003123      0x158 ./CMSIS/efm32zg/system_efm32zg.o
                                0x3fa (size before relaxing)
 .debug_str     0x0000327b      0x112 ./BSP/bsp_bcc.o
                                0x825 (size before relaxing)
 .debug_str     0x0000338d       0xb4 ./BSP/bsp_stk.o
                                0x283 (size before relaxing)
 .debug_str     0x00003441       0xdd ./BSP/bsp_stk_leds.o
                                0x66e (size before relaxing)

.debug_frame    0x00000000     0x2230
 .debug_frame   0x00000000       0xcc ./src/main.o
 .debug_frame   0x000000cc       0x30 ./emlib/em_assert.o
 .debug_frame   0x000000fc      0x438 ./emlib/em_cmu.o
 .debug_frame   0x00000534      0x15c ./emlib/em_emu.o
 .debug_frame   0x00000690      0x134 ./emlib/em_gpio.o
 .debug_frame   0x000007c4      0x1d0 ./emlib/em_leuart.o
 .debug_frame   0x00000994       0x50 ./emlib/em_prs.o
 .debug_frame   0x000009e4      0x108 ./emlib/em_rtc.o
 .debug_frame   0x00000aec      0x2b4 ./emlib/em_usart.o
 .debug_frame   0x00000da0       0x90 ./Drivers/display.o
 .debug_frame   0x00000e30      0x110 ./Drivers/displayls013b7dh03.o
 .debug_frame   0x00000f40      0x250 ./Drivers/displaypalemlib.o
 .debug_frame   0x00001190      0x14c ./Drivers/retargetio.o
 .debug_frame   0x000012dc       0x8c ./Drivers/retargettextdisplay.o
 .debug_frame   0x00001368      0x170 ./Drivers/textdisplay.o
 .debug_frame   0x000014d8      0x124 ./Drivers/udelay.o
 .debug_frame   0x000015fc      0x138 ./CMSIS/efm32zg/system_efm32zg.o
 .debug_frame   0x00001734       0xec ./BSP/bsp_bcc.o
 .debug_frame   0x00001820       0xc4 ./BSP/bsp_stk.o
 .debug_frame   0x000018e4      0x190 ./BSP/bsp_stk_leds.o
 .debug_frame   0x00001a74       0x20 c:/siliconlabs/simplicitystudio/v3/developer/toolchains/gnu_arm/4.8_2013q4/bin/../lib/gcc/arm-none-eabi/4.8.3/armv6-m\libgcc.a(_udivsi3.o)
 .debug_frame   0x00001a94       0x28 c:/siliconlabs/simplicitystudio/v3/developer/toolchains/gnu_arm/4.8_2013q4/bin/../lib/gcc/arm-none-eabi/4.8.3/../../../../arm-none-eabi/lib/armv6-m\libc_s.a(lib_a-exit.o)
 .debug_frame   0x00001abc       0x2c c:/siliconlabs/simplicitystudio/v3/developer/toolchains/gnu_arm/4.8_2013q4/bin/../lib/gcc/arm-none-eabi/4.8.3/../../../../arm-none-eabi/lib/armv6-m\libc_s.a(lib_a-fileno.o)
 .debug_frame   0x00001ae8      0x148 c:/siliconlabs/simplicitystudio/v3/developer/toolchains/gnu_arm/4.8_2013q4/bin/../lib/gcc/arm-none-eabi/4.8.3/../../../../arm-none-eabi/lib/armv6-m\libc_s.a(lib_a-findfp.o)
 .debug_frame   0x00001c30       0x2c c:/siliconlabs/simplicitystudio/v3/developer/toolchains/gnu_arm/4.8_2013q4/bin/../lib/gcc/arm-none-eabi/4.8.3/../../../../arm-none-eabi/lib/armv6-m\libc_s.a(lib_a-init.o)
 .debug_frame   0x00001c5c       0x28 c:/siliconlabs/simplicitystudio/v3/developer/toolchains/gnu_arm/4.8_2013q4/bin/../lib/gcc/arm-none-eabi/4.8.3/../../../../arm-none-eabi/lib/armv6-m\libc_s.a(lib_a-memcpy-stub.o)
 .debug_frame   0x00001c84       0x20 c:/siliconlabs/simplicitystudio/v3/developer/toolchains/gnu_arm/4.8_2013q4/bin/../lib/gcc/arm-none-eabi/4.8.3/../../../../arm-none-eabi/lib/armv6-m\libc_s.a(lib_a-memset.o)
 .debug_frame   0x00001ca4       0x2c c:/siliconlabs/simplicitystudio/v3/developer/toolchains/gnu_arm/4.8_2013q4/bin/../lib/gcc/arm-none-eabi/4.8.3/../../../../arm-none-eabi/lib/armv6-m\libc_s.a(lib_a-nano-mallocr.o)
 .debug_frame   0x00001cd0       0x50 c:/siliconlabs/simplicitystudio/v3/developer/toolchains/gnu_arm/4.8_2013q4/bin/../lib/gcc/arm-none-eabi/4.8.3/../../../../arm-none-eabi/lib/armv6-m\libc_s.a(lib_a-printf.o)
 .debug_frame   0x00001d20       0x2c c:/siliconlabs/simplicitystudio/v3/developer/toolchains/gnu_arm/4.8_2013q4/bin/../lib/gcc/arm-none-eabi/4.8.3/../../../../arm-none-eabi/lib/armv6-m\libc_s.a(lib_a-sbrkr.o)
 .debug_frame   0x00001d4c       0x34 c:/siliconlabs/simplicitystudio/v3/developer/toolchains/gnu_arm/4.8_2013q4/bin/../lib/gcc/arm-none-eabi/4.8.3/../../../../arm-none-eabi/lib/armv6-m\libc_s.a(lib_a-setvbuf.o)
 .debug_frame   0x00001d80       0x90 c:/siliconlabs/simplicitystudio/v3/developer/toolchains/gnu_arm/4.8_2013q4/bin/../lib/gcc/arm-none-eabi/4.8.3/../../../../arm-none-eabi/lib/armv6-m\libc_s.a(lib_a-stdio.o)
 .debug_frame   0x00001e10       0x20 c:/siliconlabs/simplicitystudio/v3/developer/toolchains/gnu_arm/4.8_2013q4/bin/../lib/gcc/arm-none-eabi/4.8.3/../../../../arm-none-eabi/lib/armv6-m\libc_s.a(lib_a-strlen.o)
 .debug_frame   0x00001e30       0x28 c:/siliconlabs/simplicitystudio/v3/developer/toolchains/gnu_arm/4.8_2013q4/bin/../lib/gcc/arm-none-eabi/4.8.3/../../../../arm-none-eabi/lib/armv6-m\libc_s.a(lib_a-strncmp.o)
 .debug_frame   0x00001e58       0xa0 c:/siliconlabs/simplicitystudio/v3/developer/toolchains/gnu_arm/4.8_2013q4/bin/../lib/gcc/arm-none-eabi/4.8.3/../../../../arm-none-eabi/lib/armv6-m\libc_s.a(lib_a-vfprintf.o)
 .debug_frame   0x00001ef8       0x54 c:/siliconlabs/simplicitystudio/v3/developer/toolchains/gnu_arm/4.8_2013q4/bin/../lib/gcc/arm-none-eabi/4.8.3/../../../../arm-none-eabi/lib/armv6-m\libc_s.a(lib_a-vfprintf_i.o)
 .debug_frame   0x00001f4c       0x44 c:/siliconlabs/simplicitystudio/v3/developer/toolchains/gnu_arm/4.8_2013q4/bin/../lib/gcc/arm-none-eabi/4.8.3/../../../../arm-none-eabi/lib/armv6-m\libc_s.a(lib_a-wbuf.o)
 .debug_frame   0x00001f90       0x2c c:/siliconlabs/simplicitystudio/v3/developer/toolchains/gnu_arm/4.8_2013q4/bin/../lib/gcc/arm-none-eabi/4.8.3/../../../../arm-none-eabi/lib/armv6-m\libc_s.a(lib_a-writer.o)
 .debug_frame   0x00001fbc       0x2c c:/siliconlabs/simplicitystudio/v3/developer/toolchains/gnu_arm/4.8_2013q4/bin/../lib/gcc/arm-none-eabi/4.8.3/../../../../arm-none-eabi/lib/armv6-m\libc_s.a(lib_a-wsetup.o)
 .debug_frame   0x00001fe8       0x2c c:/siliconlabs/simplicitystudio/v3/developer/toolchains/gnu_arm/4.8_2013q4/bin/../lib/gcc/arm-none-eabi/4.8.3/../../../../arm-none-eabi/lib/armv6-m\libc_s.a(lib_a-closer.o)
 .debug_frame   0x00002014       0x68 c:/siliconlabs/simplicitystudio/v3/developer/toolchains/gnu_arm/4.8_2013q4/bin/../lib/gcc/arm-none-eabi/4.8.3/../../../../arm-none-eabi/lib/armv6-m\libc_s.a(lib_a-fflush.o)
 .debug_frame   0x0000207c       0x2c c:/siliconlabs/simplicitystudio/v3/developer/toolchains/gnu_arm/4.8_2013q4/bin/../lib/gcc/arm-none-eabi/4.8.3/../../../../arm-none-eabi/lib/armv6-m\libc_s.a(lib_a-lseekr.o)
 .debug_frame   0x000020a8       0x30 c:/siliconlabs/simplicitystudio/v3/developer/toolchains/gnu_arm/4.8_2013q4/bin/../lib/gcc/arm-none-eabi/4.8.3/../../../../arm-none-eabi/lib/armv6-m\libc_s.a(lib_a-makebuf.o)
 .debug_frame   0x000020d8       0x40 c:/siliconlabs/simplicitystudio/v3/developer/toolchains/gnu_arm/4.8_2013q4/bin/../lib/gcc/arm-none-eabi/4.8.3/../../../../arm-none-eabi/lib/armv6-m\libc_s.a(lib_a-malloc.o)
 .debug_frame   0x00002118       0x20 c:/siliconlabs/simplicitystudio/v3/developer/toolchains/gnu_arm/4.8_2013q4/bin/../lib/gcc/arm-none-eabi/4.8.3/../../../../arm-none-eabi/lib/armv6-m\libc_s.a(lib_a-memchr-stub.o)
 .debug_frame   0x00002138       0x2c c:/siliconlabs/simplicitystudio/v3/developer/toolchains/gnu_arm/4.8_2013q4/bin/../lib/gcc/arm-none-eabi/4.8.3/../../../../arm-none-eabi/lib/armv6-m\libc_s.a(lib_a-nano-freer.o)
 .debug_frame   0x00002164       0x2c c:/siliconlabs/simplicitystudio/v3/developer/toolchains/gnu_arm/4.8_2013q4/bin/../lib/gcc/arm-none-eabi/4.8.3/../../../../arm-none-eabi/lib/armv6-m\libc_s.a(lib_a-readr.o)
 .debug_frame   0x00002190       0x48 c:/siliconlabs/simplicitystudio/v3/developer/toolchains/gnu_arm/4.8_2013q4/bin/../lib/gcc/arm-none-eabi/4.8.3/../../../../arm-none-eabi/lib/armv6-m\libc_s.a(lib_a-reent.o)
 .debug_frame   0x000021d8       0x2c c:/siliconlabs/simplicitystudio/v3/developer/toolchains/gnu_arm/4.8_2013q4/bin/../lib/gcc/arm-none-eabi/4.8.3/../../../../arm-none-eabi/lib/armv6-m\libc_s.a(lib_a-fstatr.o)
 .debug_frame   0x00002204       0x2c c:/siliconlabs/simplicitystudio/v3/developer/toolchains/gnu_arm/4.8_2013q4/bin/../lib/gcc/arm-none-eabi/4.8.3/../../../../arm-none-eabi/lib/armv6-m\libc_s.a(lib_a-isattyr.o)
